D/PowerManagerService(  810): sendPendingNotificationsLocked mSendGoToSleepFinishedNotificationWhenReady = false
D/PowerManagerService(  810): sendPendingNotificationsLocked mSendGoToSleepFinishedNotificationWhenReady = false
I/ActivityManager(  810): Killing 5846:com.android.inputmethod.latin/u0a58 (adj 15): empty #17
W/AlarmManager(  810): Alarm triggering: Alarm{42393f10 type 0 com.google.android.gms}
W/AlarmManager(  810): +++Alarm  wakeup phone ,pkg=com.google.android.gms
D/PowerManagerService(  810): sendPendingNotificationsLocked mSendGoToSleepFinishedNotificationWhenReady = false
W/AlarmManager(  810): +++alarm onSendFinished ,action=null
D/PowerManagerService(  810): sendPendingNotificationsLocked mSendGoToSleepFinishedNotificationWhenReady = false
D/PowerManagerService(  810): sendPendingNotificationsLocked mSendGoToSleepFinishedNotificationWhenReady = false
W/AlarmManager(  810): Alarm triggering: Alarm{4238fce8 type 0 com.android.vending}
W/AlarmManager(  810): +++Alarm  wakeup phone ,pkg=com.android.vending
D/PowerManagerService(  810): sendPendingNotificationsLocked mSendGoToSleepFinishedNotificationWhenReady = false
W/AlarmManager(  810): +++alarm onSendFinished ,action=null
D/PowerManagerService(  810): sendPendingNotificationsLocked mSendGoToSleepFinishedNotificationWhenReady = false
D/PowerManagerService_DumpWakeLock(  810): Dump interval is: 80 s
D/PowerManagerService_DumpWakeLock(  810):  Current State is: Awake
D/PowerManagerService_DumpWakeLock(  810): Screen off timeout: 1800000 ms
D/PowerManagerService_DumpWakeLock(  810): Screen dim duration: 7000 ms
D/PowerManagerService_DumpWakeLock(  810): Wake Locks: size=1
D/PowerManagerService_DumpWakeLock(  810):   SCREEN_BRIGHT_WAKE_LOCK        'WindowManager' ON_AFTER_RELEASE (uid=1000, pid=810, ws=WorkSource{10127})
D/PowerManagerService_DumpWakeLock(  810): Suspend Blockers: size=5
D/PowerManagerService_DumpWakeLock(  810):   PowerManagerService.WakeLocks: ref count=1
D/PowerManagerService_DumpWakeLock(  810):   PowerManagerService.Display: ref count=1
D/PowerManagerService_DumpWakeLock(  810):   PowerManagerService.Proximity: ref count=0
D/PowerManagerService_DumpWakeLock(  810):   PowerManagerService.Broadcasts: ref count=0
D/PowerManagerService_DumpWakeLock(  810):   PowerManagerService.WirelessChargerDetector: ref count=0
D/PowerManagerService_DumpWakeLock(  810): Screen On Blocker: held=false, mNestCount=0
D/PowerManagerService_DumpWakeLock(  810): Display Blanker: blanked=false
D/BatteryService(  810): ZTE Sending ACTION_BATTERY_CHANGED.  level:56, scale:100, status:3, health:2, present:true, voltage: 3807, temperature: 290, technology: Li-ion, AC powered:false, USB powered:false, Wireless powered:false, icon:17302952, invalid charger:0
D/WifiController(  810): battery changed pluggedType: 0
D/PowerManagerService(  810): sendPendingNotificationsLocked mSendGoToSleepFinishedNotificationWhenReady = false
W/AlarmManager(  810): Alarm triggering: Alarm{4237df98 type 3 android}
D/PowerManagerService(  810): sendPendingNotificationsLocked mSendGoToSleepFinishedNotificationWhenReady = false
D/PowerManagerService(  810): sendPendingNotificationsLocked mSendGoToSleepFinishedNotificationWhenReady = false
D/DisplayPowerController(  810): ZTE_PM mPowerRequest.screenState is 2
D/DisplayPowerController(  810): ZTE_PM_PROX disable ProxSensor while NO useProximitySensor 
D/DisplayPowerController(  810): ZTE_PM_PROX setProximitySensorEnabled enable = false
D/DisplayPowerController(  810): ZTE_PM  setLightSensorEnabled enable = false updateAutoBrightness = false
D/PowerManagerService(  810): sendPendingNotificationsLocked mSendGoToSleepFinishedNotificationWhenReady = false
D/DisplayPowerState(  810): Updating screen state: onChanged=false, on= true, backlightChanged=true, backlight=136
D/DisplayPowerState(  810): Updating screen state: onChanged=false, on= true, backlightChanged=true, backlight=129
D/DisplayPowerState(  810): Updating screen state: onChanged=false, on= true, backlightChanged=true, backlight=116
D/DisplayPowerState(  810): Updating screen state: onChanged=false, on= true, backlightChanged=true, backlight=106
D/DisplayPowerState(  810): Updating screen state: onChanged=false, on= true, backlightChanged=true, backlight=96
D/DisplayPowerState(  810): Updating screen state: onChanged=false, on= true, backlightChanged=true, backlight=82
D/DisplayPowerState(  810): Updating screen state: onChanged=false, on= true, backlightChanged=true, backlight=72
D/DisplayPowerState(  810): Updating screen state: onChanged=false, on= true, backlightChanged=true, backlight=59
D/DisplayPowerState(  810): Updating screen state: onChanged=false, on= true, backlightChanged=true, backlight=46
D/DisplayPowerState(  810): Updating screen state: onChanged=false, on= true, backlightChanged=true, backlight=36
D/DisplayPowerState(  810): Updating screen state: onChanged=false, on= true, backlightChanged=true, backlight=26
D/DisplayPowerState(  810): Updating screen state: onChanged=false, on= true, backlightChanged=true, backlight=16
D/DisplayPowerState(  810): Updating screen state: onChanged=false, on= true, backlightChanged=true, backlight=12
D/PowerManagerService(  810): sendPendingNotificationsLocked mSendGoToSleepFinishedNotificationWhenReady = false
D/PowerManagerService(  810): sendPendingNotificationsLocked mSendGoToSleepFinishedNotificationWhenReady = false
D/PowerManagerService(  810): sendPendingNotificationsLocked mSendGoToSleepFinishedNotificationWhenReady = false
D/PowerManagerService(  810): sendPendingNotificationsLocked mSendGoToSleepFinishedNotificationWhenReady = false
D/PowerManagerService_DumpWakeLock(  810): Dump interval is: 45 s
D/PowerManagerService_DumpWakeLock(  810):  Current State is: Awake
D/PowerManagerService_DumpWakeLock(  810): Screen off timeout: 1800000 ms
D/PowerManagerService_DumpWakeLock(  810): Screen dim duration: 7000 ms
D/PowerManagerService_DumpWakeLock(  810): Wake Locks: size=1
D/PowerManagerService_DumpWakeLock(  810):   SCREEN_BRIGHT_WAKE_LOCK        'WindowManager' ON_AFTER_RELEASE (uid=1000, pid=810, ws=WorkSource{10127})
D/PowerManagerService_DumpWakeLock(  810): Suspend Blockers: size=5
D/PowerManagerService_DumpWakeLock(  810):   PowerManagerService.WakeLocks: ref count=1
D/PowerManagerService_DumpWakeLock(  810):   PowerManagerService.Display: ref count=1
D/PowerManagerService_DumpWakeLock(  810):   PowerManagerService.Proximity: ref count=0
D/PowerManagerService_DumpWakeLock(  810):   PowerManagerService.Broadcasts: ref count=0
D/PowerManagerService_DumpWakeLock(  810):   PowerManagerService.WirelessChargerDetector: ref count=0
D/PowerManagerService_DumpWakeLock(  810): Screen On Blocker: held=false, mNestCount=0
D/PowerManagerService_DumpWakeLock(  810): Display Blanker: blanked=false
D/BatteryService(  810): ZTE Sending ACTION_BATTERY_CHANGED.  level:56, scale:100, status:3, health:2, present:true, voltage: 3820, temperature: 290, technology: Li-ion, AC powered:false, USB powered:false, Wireless powered:false, icon:17302952, invalid charger:0
D/PowerManagerService(  810): sendPendingNotificationsLocked mSendGoToSleepFinishedNotificationWhenReady = false
D/WifiController(  810): battery changed pluggedType: 0
W/AlarmManager(  810): Alarm triggering: Alarm{41ed1900 type 3 android}
D/PowerManagerService(  810): sendPendingNotificationsLocked mSendGoToSleepFinishedNotificationWhenReady = false
D/PowerManagerService(  810): sendPendingNotificationsLocked mSendGoToSleepFinishedNotificationWhenReady = false
D/PowerManagerService_DumpWakeLock(  810): Dump interval is: 53 s
D/PowerManagerService_DumpWakeLock(  810):  Current State is: Awake
D/PowerManagerService_DumpWakeLock(  810): Screen off timeout: 1800000 ms
D/PowerManagerService_DumpWakeLock(  810): Screen dim duration: 7000 ms
D/PowerManagerService_DumpWakeLock(  810): Wake Locks: size=1
D/PowerManagerService_DumpWakeLock(  810):   SCREEN_BRIGHT_WAKE_LOCK        'WindowManager' ON_AFTER_RELEASE (uid=1000, pid=810, ws=WorkSource{10127})
D/PowerManagerService_DumpWakeLock(  810): Suspend Blockers: size=5
D/PowerManagerService_DumpWakeLock(  810):   PowerManagerService.WakeLocks: ref count=1
D/PowerManagerService_DumpWakeLock(  810):   PowerManagerService.Display: ref count=1
D/PowerManagerService_DumpWakeLock(  810):   PowerManagerService.Proximity: ref count=0
D/PowerManagerService_DumpWakeLock(  810):   PowerManagerService.Broadcasts: ref count=0
D/PowerManagerService_DumpWakeLock(  810):   PowerManagerService.WirelessChargerDetector: ref count=0
D/PowerManagerService_DumpWakeLock(  810): Screen On Blocker: held=false, mNestCount=0
D/PowerManagerService_DumpWakeLock(  810): Display Blanker: blanked=false
D/BatteryService(  810): ZTE Sending ACTION_BATTERY_CHANGED.  level:55, scale:100, status:3, health:2, present:true, voltage: 3820, temperature: 290, technology: Li-ion, AC powered:false, USB powered:false, Wireless powered:false, icon:17302952, invalid charger:0
D/PowerManagerService(  810): sendPendingNotificationsLocked mSendGoToSleepFinishedNotificationWhenReady = false
D/WifiController(  810): battery changed pluggedType: 0
D/BatteryService(  810): ZTE Sending ACTION_BATTERY_CHANGED.  level:55, scale:100, status:3, health:2, present:true, voltage: 3810, temperature: 290, technology: Li-ion, AC powered:false, USB powered:false, Wireless powered:false, icon:17302952, invalid charger:0
D/WifiController(  810): battery changed pluggedType: 0
D/PowerManagerService(  810): sendPendingNotificationsLocked mSendGoToSleepFinishedNotificationWhenReady = false
W/AlarmManager(  810): Alarm triggering: Alarm{41921b48 type 3 android}
D/PowerManagerService(  810): sendPendingNotificationsLocked mSendGoToSleepFinishedNotificationWhenReady = false
D/PowerManagerService(  810): sendPendingNotificationsLocked mSendGoToSleepFinishedNotificationWhenReady = false
D/PowerManagerService_DumpWakeLock(  810): Dump interval is: 60 s
D/PowerManagerService_DumpWakeLock(  810):  Current State is: Awake
D/PowerManagerService_DumpWakeLock(  810): Screen off timeout: 1800000 ms
D/PowerManagerService_DumpWakeLock(  810): Screen dim duration: 7000 ms
D/PowerManagerService_DumpWakeLock(  810): Wake Locks: size=1
D/PowerManagerService_DumpWakeLock(  810):   SCREEN_BRIGHT_WAKE_LOCK        'WindowManager' ON_AFTER_RELEASE (uid=1000, pid=810, ws=WorkSource{10127})
D/PowerManagerService_DumpWakeLock(  810): Suspend Blockers: size=5
D/PowerManagerService_DumpWakeLock(  810):   PowerManagerService.WakeLocks: ref count=1
D/PowerManagerService_DumpWakeLock(  810):   PowerManagerService.Display: ref count=1
D/PowerManagerService_DumpWakeLock(  810):   PowerManagerService.Proximity: ref count=0
D/PowerManagerService_DumpWakeLock(  810):   PowerManagerService.Broadcasts: ref count=0
D/PowerManagerService_DumpWakeLock(  810):   PowerManagerService.WirelessChargerDetector: ref count=0
D/PowerManagerService_DumpWakeLock(  810): Screen On Blocker: held=false, mNestCount=0
D/PowerManagerService_DumpWakeLock(  810): Display Blanker: blanked=false
D/PowerManagerService(  810): sendPendingNotificationsLocked mSendGoToSleepFinishedNotificationWhenReady = false
D/PowerManagerService(  810): sendPendingNotificationsLocked mSendGoToSleepFinishedNotificationWhenReady = false
D/PowerManagerService_DumpWakeLock(  810): Dump interval is: 36 s
D/PowerManagerService_DumpWakeLock(  810):  Current State is: Awake
D/PowerManagerService_DumpWakeLock(  810): Screen off timeout: 1800000 ms
D/PowerManagerService_DumpWakeLock(  810): Screen dim duration: 7000 ms
D/PowerManagerService_DumpWakeLock(  810): Wake Locks: size=1
D/PowerManagerService_DumpWakeLock(  810):   SCREEN_BRIGHT_WAKE_LOCK        'WindowManager' ON_AFTER_RELEASE (uid=1000, pid=810, ws=WorkSource{10127})
D/PowerManagerService_DumpWakeLock(  810): Suspend Blockers: size=5
D/PowerManagerService_DumpWakeLock(  810):   PowerManagerService.WakeLocks: ref count=1
D/PowerManagerService_DumpWakeLock(  810):   PowerManagerService.Display: ref count=1
D/PowerManagerService_DumpWakeLock(  810):   PowerManagerService.Proximity: ref count=0
D/PowerManagerService_DumpWakeLock(  810):   PowerManagerService.Broadcasts: ref count=0
D/PowerManagerService_DumpWakeLock(  810):   PowerManagerService.WirelessChargerDetector: ref count=0
D/PowerManagerService_DumpWakeLock(  810): Screen On Blocker: held=false, mNestCount=0
D/PowerManagerService_DumpWakeLock(  810): Display Blanker: blanked=false
D/BatteryService(  810): ZTE Sending ACTION_BATTERY_CHANGED.  level:55, scale:100, status:3, health:2, present:true, voltage: 3806, temperature: 290, technology: Li-ion, AC powered:false, USB powered:false, Wireless powered:false, icon:17302952, invalid charger:0
D/WifiController(  810): battery changed pluggedType: 0
D/PowerManagerService(  810): sendPendingNotificationsLocked mSendGoToSleepFinishedNotificationWhenReady = false
D/DisplayPowerController(  810): ZTE_PM mPowerRequest.screenState is 2
D/DisplayPowerController(  810): ZTE_PM_PROX disable ProxSensor while NO useProximitySensor 
D/DisplayPowerController(  810): ZTE_PM_PROX setProximitySensorEnabled enable = false
D/DisplayPowerController(  810): ZTE_PM  setLightSensorEnabled enable = false updateAutoBrightness = false
D/PowerManagerService(  810): sendPendingNotificationsLocked mSendGoToSleepFinishedNotificationWhenReady = false
D/DisplayPowerState(  810): Updating screen state: onChanged=false, on= true, backlightChanged=true, backlight=15
D/PowerManagerService(  810): sendPendingNotificationsLocked mSendGoToSleepFinishedNotificationWhenReady = false
D/DisplayPowerState(  810): Updating screen state: onChanged=false, on= true, backlightChanged=true, backlight=25
D/DisplayPowerState(  810): Updating screen state: onChanged=false, on= true, backlightChanged=true, backlight=35
D/DisplayPowerState(  810): Updating screen state: onChanged=false, on= true, backlightChanged=true, backlight=48
D/DisplayPowerState(  810): Updating screen state: onChanged=false, on= true, backlightChanged=true, backlight=61
D/DisplayPowerState(  810): Updating screen state: onChanged=false, on= true, backlightChanged=true, backlight=78
D/DisplayPowerState(  810): Updating screen state: onChanged=false, on= true, backlightChanged=true, backlight=91
D/DisplayPowerState(  810): Updating screen state: onChanged=false, on= true, backlightChanged=true, backlight=105
D/DisplayPowerState(  810): Updating screen state: onChanged=false, on= true, backlightChanged=true, backlight=111
D/DisplayPowerState(  810): Updating screen state: onChanged=false, on= true, backlightChanged=true, backlight=125
D/DisplayPowerState(  810): Updating screen state: onChanged=false, on= true, backlightChanged=true, backlight=138
I/ActivityManager(  810): Process com.qualcomm.ftcrobotcontroller (pid 20882) has died.
F/ActivityManager(  810): Service ServiceRecord{4246de78 u0 com.qualcomm.ftcrobotcontroller/com.qualcomm.ftccommon.FtcRobotControllerService} in process ProcessRecord{420fbf50 20882:com.qualcomm.ftcrobotcontroller/u0a127} not same as in map: null
I/WindowState(  810): WIN DEATH: Window{4196ba68 u0 Toast}
D/WifiService(  810): Client connection lost with reason: 4
D/WifiService(  810): releaseWifiLockLocked: WifiLock{ type=3 binder=android.os.BinderProxy@419100b8}
I/WindowState(  810): WIN DEATH: Window{4194ec90 u0 com.qualcomm.ftcrobotcontroller/org.firstinspires.ftc.robotcontroller.internal.FtcRobotControllerActivity}
W/ActivityManager(  810): Force removing ActivityRecord{4193f578 u0 com.qualcomm.ftcrobotcontroller/org.firstinspires.ftc.robotcontroller.internal.FtcRobotControllerActivity t8}: app died, no saved state
W/BackupManagerService(  810): dataChanged but no participant pkg='com.android.providers.settings' uid=10017
D/PowerManagerService(  810): sendPendingNotificationsLocked mSendGoToSleepFinishedNotificationWhenReady = false
D/LightsService(  810):  Trun on the button and after 2000s,then turn off the button !
D/PowerManagerService(  810): sendPendingNotificationsLocked mSendGoToSleepFinishedNotificationWhenReady = false
W/AlarmManager(  810): Alarm triggering: Alarm{421b4bc0 type 3 android}
D/PowerManagerService(  810): sendPendingNotificationsLocked mSendGoToSleepFinishedNotificationWhenReady = false
D/PowerManagerService(  810): sendPendingNotificationsLocked mSendGoToSleepFinishedNotificationWhenReady = false
W/NotificationService(  810): Object died trying to hide notification android.app.ITransientNotification$Stub$Proxy@41979fb0 in package com.qualcomm.ftcrobotcontroller
W/AlarmManager(  810): Alarm triggering: Alarm{4238c798 type 1 com.qualcomm.ftcrobotcontroller}
I/ActivityManager(  810): START u0 {act=android.intent.action.MAIN cat=[android.intent.category.LAUNCHER] flg=0x10000004 cmp=com.qualcomm.ftcrobotcontroller/org.firstinspires.ftc.robotcontroller.internal.FtcRobotControllerActivity (has extras)} from pid -1
D/PowerManagerService(  810): sendPendingNotificationsLocked mSendGoToSleepFinishedNotificationWhenReady = false
D/PowerManagerService(  810): sendPendingNotificationsLocked mSendGoToSleepFinishedNotificationWhenReady = false
D/PowerManagerService(  810): sendPendingNotificationsLocked mSendGoToSleepFinishedNotificationWhenReady = false
I/ActivityManager(  810): Start proc com.qualcomm.ftcrobotcontroller for activity com.qualcomm.ftcrobotcontroller/org.firstinspires.ftc.robotcontroller.internal.FtcRobotControllerActivity: pid=24381 uid=10127 gids={50127, 3001, 3003, 3002, 1028, 1015}
W/BackupManagerService(  810): dataChanged but no participant pkg='com.android.providers.settings' uid=10017
D/PowerManagerService(  810): sendPendingNotificationsLocked mSendGoToSleepFinishedNotificationWhenReady = false
W/NativeCrashListener(  810): Couldn't find ProcessRecord for pid 20980
D/LightsService(  810):  turnOffButtonLight   mButtonLightTimeout = 2000
D/PowerManagerService(  810): sendPendingNotificationsLocked mSendGoToSleepFinishedNotificationWhenReady = false
D/WifiService(  810): New client listening to asynchronous messages
D/WifiService(  810): acquireWifiLockLocked: WifiLock{ type=3 binder=android.os.BinderProxy@42542380}
D/WifiP2pService(  810): GroupCreatedState{ when=0 what=139277 arg1=-2 arg2=1 target=com.android.internal.util.StateMachine$SmHandler }  > CREATE_GROUP
D/WifiP2pService(  810): P2pEnabledState{ when=-1ms what=139277 arg1=-2 arg2=1 target=com.android.internal.util.StateMachine$SmHandler }  > CREATE_GROUP
D/WifiP2pService(  810): DefaultState =139277
D/WifiP2pService(  810): GroupCreatedState{ when=0 what=139285 arg2=2 target=com.android.internal.util.StateMachine$SmHandler }  > REQUEST_CONNECTION_INFO
D/WifiP2pService(  810): P2pEnabledState{ when=0 what=139285 arg2=2 target=com.android.internal.util.StateMachine$SmHandler }  > REQUEST_CONNECTION_INFO
D/WifiP2pService(  810): DefaultState =139285
D/WifiP2pService(  810): GroupCreatedState{ when=0 what=139268 target=com.android.internal.util.StateMachine$SmHandler }  > STOP_DISCOVERY
D/WifiP2pService(  810): P2pEnabledState{ when=0 what=139268 target=com.android.internal.util.StateMachine$SmHandler }  > STOP_DISCOVERY
W/InputMethodManagerService(  810): Got RemoteException sending setActive(false) notification to pid 20882 uid 10127
D/WifiP2pService(  810): GroupCreatedState{ when=0 what=139287 arg2=3 target=com.android.internal.util.StateMachine$SmHandler }  > REQUEST_GROUP_INFO
D/WifiP2pService(  810): P2pEnabledState{ when=0 what=139287 arg2=3 target=com.android.internal.util.StateMachine$SmHandler }  > REQUEST_GROUP_INFO
D/WifiP2pService(  810): DefaultState =139287
D/WifiP2pService(  810): GroupCreatedState{ when=0 what=139268 target=com.android.internal.util.StateMachine$SmHandler }  > STOP_DISCOVERY
D/WifiP2pService(  810): P2pEnabledState{ when=0 what=139268 target=com.android.internal.util.StateMachine$SmHandler }  > STOP_DISCOVERY
D/PowerManagerService(  810): sendPendingNotificationsLocked mSendGoToSleepFinishedNotificationWhenReady = false
D/PowerManagerService(  810): sendPendingNotificationsLocked mSendGoToSleepFinishedNotificationWhenReady = false
D/PowerManagerService(  810): sendPendingNotificationsLocked mSendGoToSleepFinishedNotificationWhenReady = false
D/PowerManagerService(  810): sendPendingNotificationsLocked mSendGoToSleepFinishedNotificationWhenReady = false
D/PowerManagerService(  810): sendPendingNotificationsLocked mSendGoToSleepFinishedNotificationWhenReady = false
D/PowerManagerService(  810): sendPendingNotificationsLocked mSendGoToSleepFinishedNotificationWhenReady = false
D/PowerManagerService(  810): sendPendingNotificationsLocked mSendGoToSleepFinishedNotificationWhenReady = false
D/PowerManagerService_DumpWakeLock(  810): Dump interval is: 32 s
D/PowerManagerService_DumpWakeLock(  810):  Current State is: Awake
D/PowerManagerService_DumpWakeLock(  810): Screen off timeout: 1800000 ms
D/PowerManagerService_DumpWakeLock(  810): Screen dim duration: 7000 ms
D/PowerManagerService_DumpWakeLock(  810): Wake Locks: size=1
D/PowerManagerService_DumpWakeLock(  810):   SCREEN_BRIGHT_WAKE_LOCK        'WindowManager' ON_AFTER_RELEASE (uid=1000, pid=810, ws=WorkSource{10127})
D/PowerManagerService_DumpWakeLock(  810): Suspend Blockers: size=5
D/PowerManagerService_DumpWakeLock(  810):   PowerManagerService.WakeLocks: ref count=1
D/PowerManagerService_DumpWakeLock(  810):   PowerManagerService.Display: ref count=1
D/PowerManagerService_DumpWakeLock(  810):   PowerManagerService.Proximity: ref count=0
D/PowerManagerService_DumpWakeLock(  810):   PowerManagerService.Broadcasts: ref count=0
D/PowerManagerService_DumpWakeLock(  810):   PowerManagerService.WirelessChargerDetector: ref count=0
D/PowerManagerService_DumpWakeLock(  810): Screen On Blocker: held=false, mNestCount=0
D/PowerManagerService_DumpWakeLock(  810): Display Blanker: blanked=false
D/BatteryService(  810): ZTE Sending ACTION_BATTERY_CHANGED.  level:55, scale:100, status:3, health:2, present:true, voltage: 3742, temperature: 290, technology: Li-ion, AC powered:false, USB powered:false, Wireless powered:false, icon:17302952, invalid charger:0
D/PowerManagerService(  810): sendPendingNotificationsLocked mSendGoToSleepFinishedNotificationWhenReady = false
D/WifiController(  810): battery changed pluggedType: 0
W/AlarmManager(  810): Alarm triggering: Alarm{425b6d48 type 3 android}
D/PowerManagerService(  810): sendPendingNotificationsLocked mSendGoToSleepFinishedNotificationWhenReady = false
D/PowerManagerService(  810): sendPendingNotificationsLocked mSendGoToSleepFinishedNotificationWhenReady = false
D/DisplayPowerController(  810): ZTE_PM mPowerRequest.screenState is 2
D/DisplayPowerController(  810): ZTE_PM_PROX disable ProxSensor while NO useProximitySensor 
D/DisplayPowerController(  810): ZTE_PM_PROX setProximitySensorEnabled enable = false
D/DisplayPowerController(  810): ZTE_PM  setLightSensorEnabled enable = false updateAutoBrightness = false
D/PowerManagerService(  810): sendPendingNotificationsLocked mSendGoToSleepFinishedNotificationWhenReady = false
D/DisplayPowerState(  810): Updating screen state: onChanged=false, on= true, backlightChanged=true, backlight=135
D/DisplayPowerState(  810): Updating screen state: onChanged=false, on= true, backlightChanged=true, backlight=129
D/DisplayPowerState(  810): Updating screen state: onChanged=false, on= true, backlightChanged=true, backlight=119
D/DisplayPowerState(  810): Updating screen state: onChanged=false, on= true, backlightChanged=true, backlight=105
D/DisplayPowerState(  810): Updating screen state: onChanged=false, on= true, backlightChanged=true, backlight=95
D/DisplayPowerState(  810): Updating screen state: onChanged=false, on= true, backlightChanged=true, backlight=82
D/DisplayPowerState(  810): Updating screen state: onChanged=false, on= true, backlightChanged=true, backlight=69
D/DisplayPowerState(  810): Updating screen state: onChanged=false, on= true, backlightChanged=true, backlight=59
D/DisplayPowerState(  810): Updating screen state: onChanged=false, on= true, backlightChanged=true, backlight=49
D/DisplayPowerState(  810): Updating screen state: onChanged=false, on= true, backlightChanged=true, backlight=39
D/DisplayPowerState(  810): Updating screen state: onChanged=false, on= true, backlightChanged=true, backlight=22
D/DisplayPowerState(  810): Updating screen state: onChanged=false, on= true, backlightChanged=true, backlight=12
D/PowerManagerService_DumpWakeLock(  810): Dump interval is: 50 s
D/PowerManagerService_DumpWakeLock(  810):  Current State is: Awake
D/PowerManagerService_DumpWakeLock(  810): Screen off timeout: 1800000 ms
D/PowerManagerService_DumpWakeLock(  810): Screen dim duration: 7000 ms
D/PowerManagerService_DumpWakeLock(  810): Wake Locks: size=1
D/PowerManagerService_DumpWakeLock(  810):   SCREEN_BRIGHT_WAKE_LOCK        'WindowManager' ON_AFTER_RELEASE (uid=1000, pid=810, ws=WorkSource{10127})
D/PowerManagerService_DumpWakeLock(  810): Suspend Blockers: size=5
D/PowerManagerService_DumpWakeLock(  810):   PowerManagerService.WakeLocks: ref count=1
D/PowerManagerService_DumpWakeLock(  810):   PowerManagerService.Display: ref count=1
D/PowerManagerService_DumpWakeLock(  810):   PowerManagerService.Proximity: ref count=0
D/PowerManagerService_DumpWakeLock(  810):   PowerManagerService.Broadcasts: ref count=0
D/PowerManagerService_DumpWakeLock(  810):   PowerManagerService.WirelessChargerDetector: ref count=0
D/PowerManagerService_DumpWakeLock(  810): Screen On Blocker: held=false, mNestCount=0
D/PowerManagerService_DumpWakeLock(  810): Display Blanker: blanked=false
D/DisplayPowerController(  810): ZTE_PM mPowerRequest.screenState is 2
D/DisplayPowerController(  810): ZTE_PM_PROX disable ProxSensor while NO useProximitySensor 
D/DisplayPowerController(  810): ZTE_PM_PROX setProximitySensorEnabled enable = false
D/DisplayPowerController(  810): ZTE_PM  setLightSensorEnabled enable = false updateAutoBrightness = false
D/PowerManagerService(  810): sendPendingNotificationsLocked mSendGoToSleepFinishedNotificationWhenReady = false
D/DisplayPowerState(  810): Updating screen state: onChanged=false, on= true, backlightChanged=true, backlight=13
D/DisplayPowerState(  810): Updating screen state: onChanged=false, on= true, backlightChanged=true, backlight=20
D/PowerManagerService(  810): sendPendingNotificationsLocked mSendGoToSleepFinishedNotificationWhenReady = false
D/DisplayPowerState(  810): Updating screen state: onChanged=false, on= true, backlightChanged=true, backlight=33
D/DisplayPowerState(  810): Updating screen state: onChanged=false, on= true, backlightChanged=true, backlight=43
D/DisplayPowerState(  810): Updating screen state: onChanged=false, on= true, backlightChanged=true, backlight=53
D/DisplayPowerState(  810): Updating screen state: onChanged=false, on= true, backlightChanged=true, backlight=63
D/DisplayPowerState(  810): Updating screen state: onChanged=false, on= true, backlightChanged=true, backlight=73
D/DisplayPowerState(  810): Updating screen state: onChanged=false, on= true, backlightChanged=true, backlight=83
D/DisplayPowerState(  810): Updating screen state: onChanged=false, on= true, backlightChanged=true, backlight=97
D/DisplayPowerState(  810): Updating screen state: onChanged=false, on= true, backlightChanged=true, backlight=107
D/DisplayPowerState(  810): Updating screen state: onChanged=false, on= true, backlightChanged=true, backlight=120
D/DisplayPowerState(  810): Updating screen state: onChanged=false, on= true, backlightChanged=true, backlight=130
D/DisplayPowerState(  810): Updating screen state: onChanged=false, on= true, backlightChanged=true, backlight=138
I/ActivityManager(  810): Process com.qualcomm.ftcrobotcontroller (pid 24381) has died.
F/ActivityManager(  810): Service ServiceRecord{423cea00 u0 com.qualcomm.ftcrobotcontroller/com.qualcomm.ftccommon.FtcRobotControllerService} in process ProcessRecord{424d4568 24381:com.qualcomm.ftcrobotcontroller/u0a127} not same as in map: null
D/WifiService(  810): Client connection lost with reason: 4
D/WifiService(  810): releaseWifiLockLocked: WifiLock{ type=3 binder=android.os.BinderProxy@42542380}
I/WindowState(  810): WIN DEATH: Window{4257a3a0 u0 com.qualcomm.ftcrobotcontroller/org.firstinspires.ftc.robotcontroller.internal.FtcRobotControllerActivity}
I/WindowState(  810): WIN DEATH: Window{4255ad48 u0 Toast}
W/ActivityManager(  810): Force removing ActivityRecord{41957730 u0 com.qualcomm.ftcrobotcontroller/org.firstinspires.ftc.robotcontroller.internal.FtcRobotControllerActivity t9}: app died, no saved state
W/BackupManagerService(  810): dataChanged but no participant pkg='com.android.providers.settings' uid=10017
D/PowerManagerService(  810): sendPendingNotificationsLocked mSendGoToSleepFinishedNotificationWhenReady = false
D/LightsService(  810):  Trun on the button and after 2000s,then turn off the button !
D/PowerManagerService(  810): sendPendingNotificationsLocked mSendGoToSleepFinishedNotificationWhenReady = false
W/NotificationService(  810): Object died trying to hide notification android.app.ITransientNotification$Stub$Proxy@4191cd10 in package com.qualcomm.ftcrobotcontroller
W/AlarmManager(  810): Alarm triggering: Alarm{4199f720 type 1 com.qualcomm.ftcrobotcontroller}
I/ActivityManager(  810): START u0 {act=android.intent.action.MAIN cat=[android.intent.category.LAUNCHER] flg=0x10000004 cmp=com.qualcomm.ftcrobotcontroller/org.firstinspires.ftc.robotcontroller.internal.FtcRobotControllerActivity (has extras)} from pid -1
D/PowerManagerService(  810): sendPendingNotificationsLocked mSendGoToSleepFinishedNotificationWhenReady = false
D/PowerManagerService(  810): sendPendingNotificationsLocked mSendGoToSleepFinishedNotificationWhenReady = false
D/PowerManagerService(  810): sendPendingNotificationsLocked mSendGoToSleepFinishedNotificationWhenReady = false
I/ActivityManager(  810): Start proc com.qualcomm.ftcrobotcontroller for activity com.qualcomm.ftcrobotcontroller/org.firstinspires.ftc.robotcontroller.internal.FtcRobotControllerActivity: pid=25667 uid=10127 gids={50127, 3001, 3003, 3002, 1028, 1015}
W/BackupManagerService(  810): dataChanged but no participant pkg='com.android.providers.settings' uid=10017
D/PowerManagerService(  810): sendPendingNotificationsLocked mSendGoToSleepFinishedNotificationWhenReady = false
W/NativeCrashListener(  810): Couldn't find ProcessRecord for pid 24438
D/LightsService(  810):  turnOffButtonLight   mButtonLightTimeout = 2000
D/PowerManagerService(  810): sendPendingNotificationsLocked mSendGoToSleepFinishedNotificationWhenReady = false
D/WifiService(  810): New client listening to asynchronous messages
D/WifiService(  810): acquireWifiLockLocked: WifiLock{ type=3 binder=android.os.BinderProxy@421da158}
D/WifiP2pService(  810): GroupCreatedState{ when=-1ms what=139277 arg1=-2 arg2=1 target=com.android.internal.util.StateMachine$SmHandler }  > CREATE_GROUP
D/WifiP2pService(  810): P2pEnabledState{ when=-1ms what=139277 arg1=-2 arg2=1 target=com.android.internal.util.StateMachine$SmHandler }  > CREATE_GROUP
D/WifiP2pService(  810): DefaultState =139277
D/WifiP2pService(  810): GroupCreatedState{ when=0 what=139285 arg2=2 target=com.android.internal.util.StateMachine$SmHandler }  > REQUEST_CONNECTION_INFO
D/WifiP2pService(  810): P2pEnabledState{ when=0 what=139285 arg2=2 target=com.android.internal.util.StateMachine$SmHandler }  > REQUEST_CONNECTION_INFO
D/WifiP2pService(  810): DefaultState =139285
D/WifiP2pService(  810): GroupCreatedState{ when=-1ms what=139268 target=com.android.internal.util.StateMachine$SmHandler }  > STOP_DISCOVERY
D/WifiP2pService(  810): P2pEnabledState{ when=-2ms what=139268 target=com.android.internal.util.StateMachine$SmHandler }  > STOP_DISCOVERY
W/InputMethodManagerService(  810): Got RemoteException sending setActive(false) notification to pid 24381 uid 10127
D/WifiP2pService(  810): GroupCreatedState{ when=0 what=139287 arg2=3 target=com.android.internal.util.StateMachine$SmHandler }  > REQUEST_GROUP_INFO
D/WifiP2pService(  810): P2pEnabledState{ when=0 what=139287 arg2=3 target=com.android.internal.util.StateMachine$SmHandler }  > REQUEST_GROUP_INFO
D/WifiP2pService(  810): DefaultState =139287
D/WifiP2pService(  810): GroupCreatedState{ when=0 what=139268 target=com.android.internal.util.StateMachine$SmHandler }  > STOP_DISCOVERY
D/WifiP2pService(  810): P2pEnabledState{ when=-1ms what=139268 target=com.android.internal.util.StateMachine$SmHandler }  > STOP_DISCOVERY
D/PowerManagerService(  810): sendPendingNotificationsLocked mSendGoToSleepFinishedNotificationWhenReady = false
D/PowerManagerService(  810): sendPendingNotificationsLocked mSendGoToSleepFinishedNotificationWhenReady = false
D/PowerManagerService(  810): sendPendingNotificationsLocked mSendGoToSleepFinishedNotificationWhenReady = false
D/PowerManagerService(  810): sendPendingNotificationsLocked mSendGoToSleepFinishedNotificationWhenReady = false
--------- beginning of /dev/log/main
I/RobotCore(25667): DC Motor                                           l                              USB AL00YC50; port 2
I/RobotCore(25667): NXT Light Sensor                                   light sensor                   USB AL00VCK3; port 1
I/RobotCore(25667): Modern Robotics Range Sensor v1.2                  side range                     USB AI02RHIW; port 0
I/RobotCore(25667): Modern Robotics Range Sensor v1.2                  range sensor                   USB AI02RHIW; port 4
I/RobotCore(25667): Modern Robotics USB Core Device Interface Module v1.6 Device Interface Module 3      USB AI02RHIW
I/RobotCore(25667): Adafruit BNO055 IMU                                imu                            USB AI02RHIW; port 3
I/RobotCore(25667): Modern Robotics USB DC Motor Controller v1.5       Motor Controller 1             USB AL00YC50
I/FIRST   (25667): ======= INIT FINISH =======
V/RobotCore(25667): EventLoopManager state is RUNNING
E/MediaPlayer-JNI(25667): QCMediaPlayer mediaplayer NOT present
V/RobotCore(25667): Robot Status: running, starting robot
V/RobotCore(25667): Robot Status: running
D/Sonivox (  263): file[-1198062952]: EAS_HWOpenFile ---->. mDrmManagerClient[0], mDrmBufOffset[0], mDrmBufSize[0], mDrmBuf[0]
D/Sonivox (  263): wangchong: path is NULL
D/PRDrmPlugIn(  259): PRDrmPlugin::onInitialize, uniqueId = 7132
D/PRDrmPlugIn(  259): PRDrmPlugin::onSetOnInfoListener: starts! uniqueId = 7132
D/PRDrmPlugIn(  259): PRDrmPlugin::onSetOnInfoListener: ends!
D/Sonivox (  263): [qwu ]FileSource::canHandle()begin 
D/Sonivox (  263): [qwu ]FileSource::canHandle()end 
V/RobotCore(25667): thread: ...terminating 'RobotSetupRunnable.run()'
D/Sonivox (  263): [qwu ]FileSource::canHandle() OK 
D/Sonivox (  263): [qwu ]FileSource::canHandle() failed 
D/PRDrmPlugIn(  259): PRDrmPlugin::onTerminate, uniqueId = 7132
D/Sonivox (  263): file[-1198062952]: EAS_HWOpenFile <----. mDrmManagerClient[0], mDrmBufOffset[0], mDrmBufSize[0], mDrmBuf[0]
D/Sonivox (  263): file[-1198062952]: EAS_HWCloseFile ---->. mDrmManagerClient[0], mDrmBufOffset[0], mDrmBufSize[0], mDrmBuf[0]
D/Sonivox (  263): file[-1198062952]: EAS_HWCloseFile <----. mDrmManagerClient[0], mDrmBufOffset[0], mDrmBufSize[0], mDrmBuf[0]
I/ExtendedUtils(  263): AV Sync late margin : Intended=40ms Using=0ms
V/RobotCore(25667): thread: 'opmode loop()' starting...
D/Utils   (  263): printFileName fd(38) -> /data/app/com.qualcomm.ftcrobotcontroller-2.apk
W/AwContents(25667): nativeOnDraw failed; clearing to background color.
D/PRDrmPlugIn(  259): PRDrmPlugin::onInitialize, uniqueId = 4215
D/PRDrmPlugIn(  259): PRDrmPlugin::onSetOnInfoListener: starts! uniqueId = 4215
D/PRDrmPlugIn(  259): PRDrmPlugin::onSetOnInfoListener: ends!
D/PRDrmPlugIn(  259): PRDrmPlugin::onTerminate, uniqueId = 4215
D/ExtendedUtils(  263): extended extractor not needed, return default
D/AudioPolicyManager(  263): copl: isOffloadSupported: SR=8000, CM=0x0, Format=0x17000001, StreamType=3, BitRate=4294967295, duration=1019125 us, has_video=0
D/AudioPolicyManager(  263): copl: PCM offload disabled by property audio.offload.pcm.enable
I/AwesomePlayer(  263): Could not offload audio decode, try pcm offload
D/AudioPolicyManager(  263): copl: isOffloadSupported: SR=8000, CM=0x0, Format=0x17000001, StreamType=3, BitRate=4294967295, duration=1019125 us, has_video=0
D/AudioPolicyManager(  263): copl: PCM offload disabled by property audio.offload.pcm.enable
W/MediaPlayer(25667): mediaplayer went away with unhandled events
D/Sonivox (  263): file[-1198062952]: EAS_HWOpenFile ---->. mDrmManagerClient[0], mDrmBufOffset[0], mDrmBufSize[0], mDrmBuf[0]
D/Sonivox (  263): wangchong: path is NULL
D/PRDrmPlugIn(  259): PRDrmPlugin::onInitialize, uniqueId = 6728
D/PRDrmPlugIn(  259): PRDrmPlugin::onSetOnInfoListener: starts! uniqueId = 6728
D/PRDrmPlugIn(  259): PRDrmPlugin::onSetOnInfoListener: ends!
D/Sonivox (  263): [qwu ]FileSource::canHandle()begin 
D/Sonivox (  263): [qwu ]FileSource::canHandle()end 
D/Sonivox (  263): [qwu ]FileSource::canHandle() OK 
D/Sonivox (  263): [qwu ]FileSource::canHandle() failed 
D/PRDrmPlugIn(  259): PRDrmPlugin::onTerminate, uniqueId = 6728
D/Sonivox (  263): file[-1198062952]: EAS_HWOpenFile <----. mDrmManagerClient[0], mDrmBufOffset[0], mDrmBufSize[0], mDrmBuf[0]
D/Sonivox (  263): file[-1198062952]: EAS_HWCloseFile ---->. mDrmManagerClient[0], mDrmBufOffset[0], mDrmBufSize[0], mDrmBuf[0]
D/Sonivox (  263): file[-1198062952]: EAS_HWCloseFile <----. mDrmManagerClient[0], mDrmBufOffset[0], mDrmBufSize[0], mDrmBuf[0]
I/ExtendedUtils(  263): AV Sync late margin : Intended=40ms Using=0ms
D/Utils   (  263): printFileName fd(39) -> /data/app/com.qualcomm.ftcrobotcontroller-2.apk
D/PRDrmPlugIn(  259): PRDrmPlugin::onInitialize, uniqueId = 5073
D/PRDrmPlugIn(  259): PRDrmPlugin::onSetOnInfoListener: starts! uniqueId = 5073
D/PRDrmPlugIn(  259): PRDrmPlugin::onSetOnInfoListener: ends!
D/PRDrmPlugIn(  259): PRDrmPlugin::onTerminate, uniqueId = 5073
D/ExtendedUtils(  263): extended extractor not needed, return default
D/AudioPolicyManager(  263): copl: isOffloadSupported: SR=8000, CM=0x0, Format=0x17000001, StreamType=-1, BitRate=4294967295, duration=1019125 us, has_video=0
D/AudioPolicyManager(  263): copl: isOffloadSupported: stream_type != MUSIC, returning false
I/AwesomePlayer(  263): Could not offload audio decode, try pcm offload
D/AudioPolicyManager(  263): copl: isOffloadSupported: SR=8000, CM=0x0, Format=0x17000001, StreamType=-1, BitRate=4294967295, duration=1019125 us, has_video=0
D/AudioPolicyManager(  263): copl: isOffloadSupported: stream_type != MUSIC, returning false
D/AudioPlayer(  263): start of Playback, useOffload 0
D/PowerManagerService(  810): sendPendingNotificationsLocked mSendGoToSleepFinishedNotificationWhenReady = false
D/AudioPlayer(  263): Pause Playback at 0
D/AudioPlayer(  263): reset: mPlaying=0 mReachedEOS=1 useOffload=0
D/PowerManagerService(  810): sendPendingNotificationsLocked mSendGoToSleepFinishedNotificationWhenReady = false
D/AudioPolicyManager(  263):  getOutput() device 2, stream 3, samplingRate 0, format 0, channelMask 3, flags 0 
D/AudioPolicyManager(  263): getOutput() returns output 2
D/AudioPolicyManager(  263):  getOutput() device 2, stream 3, samplingRate 0, format 0, channelMask 3, flags 0 
D/AudioPolicyManager(  263): getOutput() returns output 2
D/AudioPolicyManager(  263):  getOutput() device 2, stream 3, samplingRate 8000, format 1, channelMask 1, flags 4 
D/AudioPolicyManager(  263): getOutput() returns output 3
D/AudioFlinger(  263): start(4099), calling pid 25667 session 107
D/AudioFlinger(  263): ? => ACTIVE (4099) on thread 0xb896c298
D/AudioPolicyManagerBase(  263): startOutput() output 3, stream 3, session 107
I/RobotCore(25667): Attempting to switch to op mode $Stop$Robot$
V/Robocol (25667): sending CMD_INIT_OP_MODE_RESP(41), attempt: 0
V/Robocol (25667): received command: CMD_INIT_OP_MODE_RESP(41) $Stop$Robot$
I/RobotCore(25667): robot battery read duration: n=1, mean=0.019ms sd=NaNms
D/dalvikvm(25667): GC_FOR_ALLOC freed 2005K, 44% free 6224K/11088K, paused 24ms, total 24ms
D/WifiStateMachine(  810): handleMessage: E msg.what=131155
D/WifiStateMachine(  810): processMsg: ConnectedState
D/WifiStateMachine(  810): processMsg: L2ConnectedState
E/WifiManager(  810): calculateSignalLevel(), enter. rssi=-67 numLevels=5 getNameForPid(810)=system_server
D/WifiStateMachine(  810): handleMessage: X
V/Robocol (25667): received command: CMD_INIT_OP_MODE(10044) $Stop$Robot$
I/RobotCore(25667): Attempting to switch to op mode $Stop$Robot$
V/Robocol (25667): sending CMD_INIT_OP_MODE_RESP(67), attempt: 0
V/Robocol (25667): received command: CMD_INIT_OP_MODE_RESP(67) $Stop$Robot$
D/dalvikvm(25667): GC_FOR_ALLOC freed 2050K, 44% free 6221K/11088K, paused 23ms, total 23ms
D/dalvikvm(25667): GC_FOR_ALLOC freed 2047K, 44% free 6222K/11088K, paused 28ms, total 28ms
V/Robocol (25667): received command: CMD_INIT_OP_MODE(10072) Beacons Autonomous Blue
I/RobotCore(25667): Attempting to switch to op mode Beacons Autonomous Blue
V/RobotCore(25667): thread: 'LinearOpMode main' starting...
V/Robocol (25667): sending CMD_INIT_OP_MODE_RESP(99), attempt: 0
V/RobotCore:i2cSynch(USB AI02RHIW; port 3)(25667): unhooking ...
V/RobotCore(25667): executive service I2c Heartbeat is terminated
V/RobotCore:i2cSynch(USB AI02RHIW; port 3)(25667): ...unhooking complete
V/RobotCore:i2cSynch(USB AI02RHIW; port 3)(25667): hooking ...
V/RobotCore:i2cSynch(USB AI02RHIW; port 3)(25667): ... hooking complete
V/Robocol (25667): received command: CMD_INIT_OP_MODE_RESP(99) Beacons Autonomous Blue
D/audio_hw_primary(  263): out_standby: enter: stream (0xb8922a78) usecase(1: low-latency-playback)
D/WifiStateMachine(  810): handleMessage: E msg.what=131155
D/WifiStateMachine(  810): processMsg: ConnectedState
D/WifiStateMachine(  810): processMsg: L2ConnectedState
I/listen_hal_loader(  263): audio_extn_listen_update_stream_status(): uc_id 1 of type 0 for Event 2, with Raise=0
E/WifiManager(  810): calculateSignalLevel(), enter. rssi=-67 numLevels=5 getNameForPid(810)=system_server
D/WifiStateMachine(  810): handleMessage: X
D/hardware_info(  263): hw_info_append_hw_type : device_name = speaker
I/listen_hal_loader(  263): audio_extn_listen_update_device_status(): device 0x2 of type 0 for Event 0, with Raise=0
D/PowerManagerService(  810): sendPendingNotificationsLocked mSendGoToSleepFinishedNotificationWhenReady = false
D/dalvikvm(25667): GC_FOR_ALLOC freed 2043K, 44% free 6226K/11088K, paused 18ms, total 18ms
D/dalvikvm(25667): GC_FOR_ALLOC freed 2048K, 44% free 6226K/11088K, paused 27ms, total 28ms
I/RobotCore(25667): Modern Robotics I2C Color Sensor, just changed I2C address. Original address: 60, new address: 76
D/WifiStateMachine(  810): handleMessage: E msg.what=131155
D/WifiStateMachine(  810): processMsg: ConnectedState
D/WifiStateMachine(  810): processMsg: L2ConnectedState
E/WifiManager(  810): calculateSignalLevel(), enter. rssi=-67 numLevels=5 getNameForPid(810)=system_server
D/WifiStateMachine(  810): handleMessage: X
D/dalvikvm(25667): GC_FOR_ALLOC freed 2042K, 44% free 6231K/11088K, paused 23ms, total 23ms
D/dalvikvm(25667): GC_FOR_ALLOC freed 2048K, 44% free 6231K/11088K, paused 20ms, total 21ms
D/dalvikvm(25667): GC_FOR_ALLOC freed 2047K, 44% free 6231K/11088K, paused 21ms, total 21ms
D/dalvikvm(25667): GC_FOR_ALLOC freed 2048K, 44% free 6231K/11088K, paused 19ms, total 19ms
D/dalvikvm(25667): GC_FOR_ALLOC freed 2048K, 44% free 6231K/11088K, paused 19ms, total 19ms
D/dalvikvm(25667): GC_FOR_ALLOC freed 2047K, 44% free 6231K/11088K, paused 20ms, total 20ms
D/LockScreen_KeyguardUpdateMonitor(  967): received broadcast android.intent.action.BATTERY_CHANGED
D/WifiApPowerMode(  810): ACTION_BATTERY_CHANGED received. pluggedType=0 mUSBConnected=false
D/LockScreen_DMLockCodeController(  967): canAcceptIntent - can: false
D/LockScreen_CMASAlertController(  967): canAcceptIntent - can: false
D/LockScreen_KeyguardUpdateMonitor(  967): handleBatteryUpdate
D/BatteryService(  810): ZTE Sending ACTION_BATTERY_CHANGED.  level:54, scale:100, status:3, health:2, present:true, voltage: 3734, temperature: 290, technology: Li-ion, AC powered:false, USB powered:false, Wireless powered:false, icon:17302952, invalid charger:0
D/PowerManagerService(  810): sendPendingNotificationsLocked mSendGoToSleepFinishedNotificationWhenReady = false
D/WifiController(  810): battery changed pluggedType: 0
D/dalvikvm(25667): GC_FOR_ALLOC freed 2047K, 44% free 6231K/11088K, paused 19ms, total 19ms
D/dalvikvm(25667): GC_FOR_ALLOC freed 2048K, 44% free 6231K/11088K, paused 19ms, total 19ms
D/PowerManagerService_DumpWakeLock(  810): Dump interval is: 38 s
D/PowerManagerService_DumpWakeLock(  810):  Current State is: Awake
D/PowerManagerService_DumpWakeLock(  810): Screen off timeout: 1800000 ms
D/PowerManagerService_DumpWakeLock(  810): Screen dim duration: 7000 ms
D/PowerManagerService_DumpWakeLock(  810): Wake Locks: size=1
D/PowerManagerService_DumpWakeLock(  810):   SCREEN_BRIGHT_WAKE_LOCK        'WindowManager' ON_AFTER_RELEASE (uid=1000, pid=810, ws=WorkSource{10127})
D/PowerManagerService_DumpWakeLock(  810): Suspend Blockers: size=5
D/PowerManagerService_DumpWakeLock(  810):   PowerManagerService.WakeLocks: ref count=1
D/PowerManagerService_DumpWakeLock(  810):   PowerManagerService.Display: ref count=1
D/PowerManagerService_DumpWakeLock(  810):   PowerManagerService.Proximity: ref count=0
D/PowerManagerService_DumpWakeLock(  810):   PowerManagerService.Broadcasts: ref count=0
D/PowerManagerService_DumpWakeLock(  810):   PowerManagerService.WirelessChargerDetector: ref count=0
D/PowerManagerService_DumpWakeLock(  810): Screen On Blocker: held=false, mNestCount=0
D/PowerManagerService_DumpWakeLock(  810): Display Blanker: blanked=false
D/dalvikvm(25667): GC_FOR_ALLOC freed 2047K, 44% free 6231K/11088K, paused 20ms, total 20ms
D/WifiStateMachine(  810): handleMessage: E msg.what=131155
D/WifiStateMachine(  810): processMsg: ConnectedState
D/WifiStateMachine(  810): processMsg: L2ConnectedState
E/WifiManager(  810): calculateSignalLevel(), enter. rssi=-65 numLevels=5 getNameForPid(810)=system_server
D/WifiStateMachine(  810): handleMessage: X
D/dalvikvm(25667): GC_FOR_ALLOC freed 2048K, 44% free 6231K/11088K, paused 20ms, total 20ms
D/dalvikvm(25667): GC_FOR_ALLOC freed 2047K, 44% free 6231K/11088K, paused 23ms, total 23ms
D/dalvikvm(25667): GC_FOR_ALLOC freed 2047K, 44% free 6231K/11088K, paused 21ms, total 21ms
D/dalvikvm(25667): GC_FOR_ALLOC freed 2048K, 44% free 6231K/11088K, paused 20ms, total 20ms
D/dalvikvm(25667): GC_FOR_ALLOC freed 2047K, 44% free 6231K/11088K, paused 20ms, total 20ms
V/Robocol (25667): received command: CMD_RUN_OP_MODE(10168) Beacons Autonomous Blue
V/Robocol (25667): sending CMD_RUN_OP_MODE_RESP(202), attempt: 0
V/Robocol (25667): received command: CMD_RUN_OP_MODE_RESP(202) Beacons Autonomous Blue
D/dalvikvm(25667): GC_FOR_ALLOC freed 2047K, 44% free 6231K/11088K, paused 19ms, total 19ms
D/dalvikvm(25667): GC_FOR_ALLOC freed 2047K, 44% free 6231K/11088K, paused 20ms, total 20ms
D/dalvikvm(25667): GC_FOR_ALLOC freed 2048K, 44% free 6231K/11088K, paused 23ms, total 23ms
D/dalvikvm(25667): GC_FOR_ALLOC freed 2047K, 44% free 6231K/11088K, paused 19ms, total 19ms
D/dalvikvm(25667): GC_FOR_ALLOC freed 2048K, 44% free 6231K/11088K, paused 18ms, total 18ms
D/WifiStateMachine(  810): handleMessage: E msg.what=131155
D/WifiStateMachine(  810): processMsg: ConnectedState
D/WifiStateMachine(  810): processMsg: L2ConnectedState
E/WifiManager(  810): calculateSignalLevel(), enter. rssi=-65 numLevels=5 getNameForPid(810)=system_server
D/WifiStateMachine(  810): handleMessage: X
D/dalvikvm(25667): GC_FOR_ALLOC freed 2047K, 44% free 6232K/11088K, paused 19ms, total 19ms
D/dalvikvm(25667): GC_FOR_ALLOC freed 2047K, 44% free 6232K/11088K, paused 19ms, total 19ms
D/dalvikvm(25667): GC_FOR_ALLOC freed 2048K, 44% free 6232K/11088K, paused 21ms, total 21ms
D/dalvikvm(25667): GC_FOR_ALLOC freed 2048K, 44% free 6232K/11088K, paused 19ms, total 19ms
D/dalvikvm(25667): GC_FOR_ALLOC freed 2047K, 44% free 6232K/11088K, paused 19ms, total 19ms
I/dalvikvm(25667): Jit: resizing JitTable from 4096 to 8192
D/dalvikvm(25667): GC_FOR_ALLOC freed 2047K, 44% free 6233K/11088K, paused 24ms, total 24ms
D/WifiStateMachine(  810): handleMessage: E msg.what=131155
D/WifiStateMachine(  810): processMsg: ConnectedState
D/WifiStateMachine(  810): processMsg: L2ConnectedState
E/WifiManager(  810): calculateSignalLevel(), enter. rssi=-67 numLevels=5 getNameForPid(810)=system_server
D/WifiStateMachine(  810): handleMessage: X
D/dalvikvm(25667): GC_FOR_ALLOC freed 2048K, 44% free 6232K/11088K, paused 30ms, total 30ms
D/dalvikvm(25667): GC_FOR_ALLOC freed 2047K, 44% free 6233K/11088K, paused 29ms, total 29ms
D/dalvikvm(25667): GC_FOR_ALLOC freed 2047K, 44% free 6233K/11088K, paused 22ms, total 22ms
D/dalvikvm(25667): GC_FOR_ALLOC freed 2047K, 44% free 6233K/11088K, paused 20ms, total 20ms
D/dalvikvm(25667): GC_FOR_ALLOC freed 2048K, 44% free 6233K/11088K, paused 19ms, total 19ms
D/WifiStateMachine(  810): handleMessage: E msg.what=131155
D/WifiStateMachine(  810): processMsg: ConnectedState
D/WifiStateMachine(  810): processMsg: L2ConnectedState
E/WifiManager(  810): calculateSignalLevel(), enter. rssi=-69 numLevels=5 getNameForPid(810)=system_server
D/WifiStateMachine(  810): handleMessage: X
D/dalvikvm(25667): GC_FOR_ALLOC freed 2047K, 44% free 6233K/11088K, paused 18ms, total 18ms
