E/WifiManager(  810): calculateSignalLevel(), enter. rssi=-67 numLevels=5 getNameForPid(810)=system_server
D/WifiStateMachine(  810): handleMessage: X
D/PowerManagerService_DumpWakeLock(  810): Dump interval is: 21 s
D/PowerManagerService_DumpWakeLock(  810):  Current State is: Awake
D/PowerManagerService_DumpWakeLock(  810): Screen off timeout: 1800000 ms
D/PowerManagerService_DumpWakeLock(  810): Screen dim duration: 7000 ms
D/PowerManagerService_DumpWakeLock(  810): Wake Locks: size=1
D/PowerManagerService_DumpWakeLock(  810):   SCREEN_BRIGHT_WAKE_LOCK        'WindowManager' ON_AFTER_RELEASE (uid=1000, pid=810, ws=WorkSource{10127})
D/PowerManagerService_DumpWakeLock(  810): Suspend Blockers: size=5
D/PowerManagerService_DumpWakeLock(  810):   PowerManagerService.WakeLocks: ref count=1
D/PowerManagerService_DumpWakeLock(  810):   PowerManagerService.Display: ref count=1
D/PowerManagerService_DumpWakeLock(  810):   PowerManagerService.Proximity: ref count=0
D/PowerManagerService_DumpWakeLock(  810):   PowerManagerService.Broadcasts: ref count=0
D/PowerManagerService_DumpWakeLock(  810):   PowerManagerService.WirelessChargerDetector: ref count=0
D/PowerManagerService_DumpWakeLock(  810): Screen On Blocker: held=false, mNestCount=0
D/PowerManagerService_DumpWakeLock(  810): Display Blanker: blanked=false
D/dalvikvm(28916): GC_FOR_ALLOC freed 2048K, 44% free 6233K/11088K, paused 42ms, total 42ms
D/dalvikvm(28916): GC_FOR_ALLOC freed 2048K, 44% free 6232K/11088K, paused 24ms, total 24ms
D/WifiStateMachine(  810): handleMessage: E msg.what=131155
D/WifiStateMachine(  810): processMsg: ConnectedState
D/WifiStateMachine(  810): processMsg: L2ConnectedState
E/WifiManager(  810): calculateSignalLevel(), enter. rssi=-63 numLevels=5 getNameForPid(810)=system_server
D/WifiStateMachine(  810): handleMessage: X
D/dalvikvm(28916): GC_FOR_ALLOC freed 2047K, 44% free 6233K/11088K, paused 24ms, total 24ms
D/dalvikvm(28916): GC_FOR_ALLOC freed 2047K, 44% free 6233K/11088K, paused 33ms, total 33ms
D/WifiStateMachine(  810): handleMessage: E msg.what=131155
D/WifiStateMachine(  810): processMsg: ConnectedState
D/WifiStateMachine(  810): processMsg: L2ConnectedState
E/WifiManager(  810): calculateSignalLevel(), enter. rssi=-59 numLevels=5 getNameForPid(810)=system_server
D/WifiStateMachine(  810): handleMessage: X
E/WifiManager(  967): calculateSignalLevel(), enter. rssi=-59 numLevels=5 getNameForPid(967)=com.android.systemui
D/StatusBar.NetworkController(  967): refreshViews: Data not connected!! Set no data type icon / Roaming
E/niejiyong(  967): SignalClusterView::mMobileType = android.widget.ImageView{41a19ef8 G.ED.... ......I. 0,0-0,0 #7f07002c app:id/mobile_type}
E/niejiyong(  967): SignalClusterView::mMobileActivity = android.widget.ImageView{41a1a1c8 G.ED.... ......I. 0,0-0,0 #7f07002d app:id/mobile_inout}
E/SignalClusterController(  967): onUpdateSignalClusterView mAloneDataIconId = 0
E/sunwei  (  967): netType = 0
E/niejiyong(  967): SignalClusterView::mMobileType = android.widget.ImageView{41a19ef8 G.ED.... ......I. 0,0-0,0 #7f07002c app:id/mobile_type}
E/niejiyong(  967): SignalClusterView::mMobileActivity = android.widget.ImageView{41a1a1c8 G.ED.... ......I. 0,0-0,0 #7f07002d app:id/mobile_inout}
E/SignalClusterController(  967): onUpdateSignalClusterView mAloneDataIconId = 0
E/sunwei  (  967): netType = 0
E/niejiyong(  967): SignalClusterView::mMobileType = android.widget.ImageView{41a19ef8 G.ED.... ......I. 0,0-0,0 #7f07002c app:id/mobile_type}
E/niejiyong(  967): SignalClusterView::mMobileActivity = android.widget.ImageView{41a1a1c8 G.ED.... ......I. 0,0-0,0 #7f07002d app:id/mobile_inout}
E/SignalClusterController(  967): onUpdateSignalClusterView mAloneDataIconId = 0
E/sunwei  (  967): netType = 0
D/dalvikvm(28916): GC_FOR_ALLOC freed 2047K, 44% free 6233K/11088K, paused 26ms, total 26ms
D/dalvikvm(28916): GC_FOR_ALLOC freed 2047K, 44% free 6233K/11088K, paused 25ms, total 25ms
D/WifiStateMachine(  810): handleMessage: E msg.what=131155
D/WifiStateMachine(  810): processMsg: ConnectedState
D/WifiStateMachine(  810): processMsg: L2ConnectedState
E/WifiManager(  810): calculateSignalLevel(), enter. rssi=-58 numLevels=5 getNameForPid(810)=system_server
D/WifiStateMachine(  810): handleMessage: X
D/dalvikvm(28916): GC_FOR_ALLOC freed 2048K, 44% free 6233K/11088K, paused 26ms, total 26ms
D/dalvikvm(28916): GC_FOR_ALLOC freed 2047K, 44% free 6233K/11088K, paused 33ms, total 33ms
D/WifiStateMachine(  810): handleMessage: E msg.what=131155
D/WifiStateMachine(  810): processMsg: ConnectedState
D/WifiStateMachine(  810): processMsg: L2ConnectedState
E/WifiManager(  810): calculateSignalLevel(), enter. rssi=-59 numLevels=5 getNameForPid(810)=system_server
D/WifiStateMachine(  810): handleMessage: X
D/dalvikvm(28916): GC_FOR_ALLOC freed 2048K, 44% free 6233K/11088K, paused 24ms, total 24ms
D/dalvikvm(28916): GC_FOR_ALLOC freed 2048K, 44% free 6233K/11088K, paused 30ms, total 30ms
D/dalvikvm(28916): GC_FOR_ALLOC freed 2047K, 44% free 6233K/11088K, paused 30ms, total 30ms
D/WifiStateMachine(  810): handleMessage: E msg.what=131155
D/WifiStateMachine(  810): processMsg: ConnectedState
D/WifiStateMachine(  810): processMsg: L2ConnectedState
E/WifiManager(  810): calculateSignalLevel(), enter. rssi=-59 numLevels=5 getNameForPid(810)=system_server
D/WifiStateMachine(  810): handleMessage: X
D/WifiApPowerMode(  810): ACTION_BATTERY_CHANGED received. pluggedType=0 mUSBConnected=false
D/LockScreen_KeyguardUpdateMonitor(  967): received broadcast android.intent.action.BATTERY_CHANGED
D/LockScreen_DMLockCodeController(  967): canAcceptIntent - can: false
D/LockScreen_CMASAlertController(  967): canAcceptIntent - can: false
D/LockScreen_KeyguardUpdateMonitor(  967): handleBatteryUpdate
D/BatteryService(  810): ZTE Sending ACTION_BATTERY_CHANGED.  level:52, scale:100, status:3, health:2, present:true, voltage: 3783, temperature: 290, technology: Li-ion, AC powered:false, USB powered:false, Wireless powered:false, icon:17302952, invalid charger:0
D/PowerManagerService(  810): sendPendingNotificationsLocked mSendGoToSleepFinishedNotificationWhenReady = false
D/WifiController(  810): battery changed pluggedType: 0
D/dalvikvm(28916): GC_FOR_ALLOC freed 2048K, 44% free 6233K/11088K, paused 24ms, total 24ms
D/dalvikvm(28916): GC_FOR_ALLOC freed 2047K, 44% free 6233K/11088K, paused 29ms, total 29ms
D/WifiStateMachine(  810): handleMessage: E msg.what=131155
D/WifiStateMachine(  810): processMsg: ConnectedState
D/WifiStateMachine(  810): processMsg: L2ConnectedState
E/WifiManager(  810): calculateSignalLevel(), enter. rssi=-59 numLevels=5 getNameForPid(810)=system_server
D/WifiStateMachine(  810): handleMessage: X
D/dalvikvm(28916): GC_FOR_ALLOC freed 2048K, 44% free 6233K/11088K, paused 23ms, total 23ms
D/dalvikvm(28916): GC_FOR_ALLOC freed 2048K, 44% free 6233K/11088K, paused 23ms, total 23ms
D/WifiStateMachine(  810): handleMessage: E msg.what=131155
D/WifiStateMachine(  810): processMsg: ConnectedState
D/WifiStateMachine(  810): processMsg: L2ConnectedState
E/WifiManager(  810): calculateSignalLevel(), enter. rssi=-59 numLevels=5 getNameForPid(810)=system_server
D/WifiStateMachine(  810): handleMessage: X
D/dalvikvm(28916): GC_FOR_ALLOC freed 2048K, 44% free 6232K/11088K, paused 25ms, total 25ms
D/dalvikvm(28916): GC_FOR_ALLOC freed 2047K, 44% free 6233K/11088K, paused 32ms, total 32ms
D/WifiStateMachine(  810): handleMessage: E msg.what=131155
D/WifiStateMachine(  810): processMsg: ConnectedState
D/WifiStateMachine(  810): processMsg: L2ConnectedState
E/WifiManager(  810): calculateSignalLevel(), enter. rssi=-59 numLevels=5 getNameForPid(810)=system_server
D/WifiStateMachine(  810): handleMessage: X
D/dalvikvm(28916): GC_FOR_ALLOC freed 2048K, 44% free 6233K/11088K, paused 25ms, total 25ms
D/dalvikvm(28916): GC_FOR_ALLOC freed 2047K, 44% free 6233K/11088K, paused 23ms, total 23ms
D/WifiStateMachine(  810): handleMessage: E msg.what=131155
D/WifiStateMachine(  810): processMsg: ConnectedState
D/WifiStateMachine(  810): processMsg: L2ConnectedState
E/WifiManager(  810): calculateSignalLevel(), enter. rssi=-59 numLevels=5 getNameForPid(810)=system_server
D/WifiStateMachine(  810): handleMessage: X
D/dalvikvm(28916): GC_FOR_ALLOC freed 2048K, 44% free 6233K/11088K, paused 24ms, total 24ms
W/AlarmManager(  810): Alarm triggering: Alarm{42234a28 type 3 android}
D/LockScreen_KeyguardUpdateMonitor(  967): received broadcast android.intent.action.TIME_TICK
D/LockScreen_DMLockCodeController(  967): canAcceptIntent - can: false
D/LockScreen_CMASAlertController(  967): canAcceptIntent - can: false
D/LockScreen_KeyguardUpdateMonitor(  967): handleTimeUpdate
D/PowerManagerService(  810): sendPendingNotificationsLocked mSendGoToSleepFinishedNotificationWhenReady = false
E/niejiyong(  967): WeatherService is Running
E/niejiyong(  967): Weather process is Running
E/niejiyong(  967): WeatherService is Running
E/niejiyong(  967): Weather process is Running
D/haha    ( 1075): mDateTimeReceiver intent::Intent { act=android.intent.action.TIME_TICK flg=0x50000014 (has extras) }
E/niejiyong( 1075): TypeBWeatherWidget :: performUpdate..
E/niejiyong( 1075): TypeBWeatherWidget :: performUpdate..cityLocationId = cityId:0
D/haha    ( 1075): WeatherWidget update  AmPm=1,  Hour=8,  Minute=21
D/PowerManagerService(  810): sendPendingNotificationsLocked mSendGoToSleepFinishedNotificationWhenReady = false
D/dalvikvm(28916): GC_FOR_ALLOC freed 2048K, 44% free 6232K/11088K, paused 20ms, total 20ms
D/dalvikvm(28916): GC_FOR_ALLOC freed 2047K, 44% free 6233K/11088K, paused 29ms, total 29ms
D/WifiStateMachine(  810): handleMessage: E msg.what=131155
D/WifiStateMachine(  810): processMsg: ConnectedState
D/WifiStateMachine(  810): processMsg: L2ConnectedState
E/WifiManager(  810): calculateSignalLevel(), enter. rssi=-59 numLevels=5 getNameForPid(810)=system_server
D/WifiStateMachine(  810): handleMessage: X
D/dalvikvm(28916): GC_FOR_ALLOC freed 2048K, 44% free 6233K/11088K, paused 26ms, total 26ms
D/dalvikvm(28916): GC_FOR_ALLOC freed 2048K, 44% free 6232K/11088K, paused 26ms, total 26ms
D/WifiStateMachine(  810): handleMessage: E msg.what=131155
D/WifiStateMachine(  810): processMsg: ConnectedState
D/WifiStateMachine(  810): processMsg: L2ConnectedState
E/WifiManager(  810): calculateSignalLevel(), enter. rssi=-59 numLevels=5 getNameForPid(810)=system_server
D/WifiStateMachine(  810): handleMessage: X
D/dalvikvm(28916): GC_FOR_ALLOC freed 2047K, 44% free 6233K/11088K, paused 26ms, total 26ms
D/dalvikvm(28916): GC_FOR_ALLOC freed 2048K, 44% free 6233K/11088K, paused 24ms, total 24ms
D/WifiStateMachine(  810): handleMessage: E msg.what=131155
D/WifiStateMachine(  810): processMsg: ConnectedState
D/WifiStateMachine(  810): processMsg: L2ConnectedState
E/WifiManager(  810): calculateSignalLevel(), enter. rssi=-58 numLevels=5 getNameForPid(810)=system_server
D/WifiStateMachine(  810): handleMessage: X
D/dalvikvm(28916): GC_FOR_ALLOC freed 2048K, 44% free 6233K/11088K, paused 23ms, total 23ms
D/dalvikvm(28916): GC_FOR_ALLOC freed 2047K, 44% free 6233K/11088K, paused 39ms, total 39ms
D/PowerManagerService_DumpWakeLock(  810): Dump interval is: 38 s
D/PowerManagerService_DumpWakeLock(  810):  Current State is: Awake
D/PowerManagerService_DumpWakeLock(  810): Screen off timeout: 1800000 ms
D/PowerManagerService_DumpWakeLock(  810): Screen dim duration: 7000 ms
D/PowerManagerService_DumpWakeLock(  810): Wake Locks: size=1
D/PowerManagerService_DumpWakeLock(  810):   SCREEN_BRIGHT_WAKE_LOCK        'WindowManager' ON_AFTER_RELEASE (uid=1000, pid=810, ws=WorkSource{10127})
D/PowerManagerService_DumpWakeLock(  810): Suspend Blockers: size=5
D/PowerManagerService_DumpWakeLock(  810):   PowerManagerService.WakeLocks: ref count=1
D/PowerManagerService_DumpWakeLock(  810):   PowerManagerService.Display: ref count=1
D/PowerManagerService_DumpWakeLock(  810):   PowerManagerService.Proximity: ref count=0
D/PowerManagerService_DumpWakeLock(  810):   PowerManagerService.Broadcasts: ref count=0
D/PowerManagerService_DumpWakeLock(  810):   PowerManagerService.WirelessChargerDetector: ref count=0
D/PowerManagerService_DumpWakeLock(  810): Screen On Blocker: held=false, mNestCount=0
D/PowerManagerService_DumpWakeLock(  810): Display Blanker: blanked=false
D/WifiStateMachine(  810): handleMessage: E msg.what=131155
D/WifiStateMachine(  810): processMsg: ConnectedState
D/WifiStateMachine(  810): processMsg: L2ConnectedState
E/WifiManager(  810): calculateSignalLevel(), enter. rssi=-58 numLevels=5 getNameForPid(810)=system_server
D/WifiStateMachine(  810): handleMessage: X
D/dalvikvm(28916): GC_FOR_ALLOC freed 2047K, 44% free 6233K/11088K, paused 46ms, total 46ms
D/dalvikvm(28916): GC_FOR_ALLOC freed 2048K, 44% free 6233K/11088K, paused 24ms, total 24ms
D/WifiStateMachine(  810): handleMessage: E msg.what=131155
D/WifiStateMachine(  810): processMsg: ConnectedState
D/WifiStateMachine(  810): processMsg: L2ConnectedState
E/WifiManager(  810): calculateSignalLevel(), enter. rssi=-59 numLevels=5 getNameForPid(810)=system_server
D/WifiStateMachine(  810): handleMessage: X
D/dalvikvm(28916): GC_FOR_ALLOC freed 2047K, 44% free 6233K/11088K, paused 25ms, total 25ms
D/dalvikvm(28916): GC_FOR_ALLOC freed 2048K, 44% free 6232K/11088K, paused 34ms, total 34ms
D/WifiStateMachine(  810): handleMessage: E msg.what=131155
D/WifiStateMachine(  810): processMsg: ConnectedState
D/WifiStateMachine(  810): processMsg: L2ConnectedState
E/WifiManager(  810): calculateSignalLevel(), enter. rssi=-59 numLevels=5 getNameForPid(810)=system_server
D/WifiStateMachine(  810): handleMessage: X
D/dalvikvm(28916): GC_FOR_ALLOC freed 2047K, 44% free 6233K/11088K, paused 26ms, total 26ms
D/dalvikvm(28916): GC_FOR_ALLOC freed 2048K, 44% free 6233K/11088K, paused 24ms, total 24ms
D/WifiStateMachine(  810): handleMessage: E msg.what=131155
D/WifiStateMachine(  810): processMsg: ConnectedState
D/WifiStateMachine(  810): processMsg: L2ConnectedState
E/WifiManager(  810): calculateSignalLevel(), enter. rssi=-58 numLevels=5 getNameForPid(810)=system_server
D/WifiStateMachine(  810): handleMessage: X
D/dalvikvm(28916): GC_FOR_ALLOC freed 2047K, 44% free 6233K/11088K, paused 25ms, total 25ms
D/dalvikvm(28916): GC_FOR_ALLOC freed 2048K, 44% free 6233K/11088K, paused 25ms, total 25ms
D/WifiStateMachine(  810): handleMessage: E msg.what=131155
D/WifiStateMachine(  810): processMsg: ConnectedState
D/WifiStateMachine(  810): processMsg: L2ConnectedState
E/WifiManager(  810): calculateSignalLevel(), enter. rssi=-58 numLevels=5 getNameForPid(810)=system_server
D/WifiStateMachine(  810): handleMessage: X
D/dalvikvm(28916): GC_FOR_ALLOC freed 2047K, 44% free 6233K/11088K, paused 40ms, total 40ms
D/dalvikvm(28916): GC_FOR_ALLOC freed 2048K, 44% free 6233K/11088K, paused 27ms, total 27ms
D/dalvikvm(28916): GC_FOR_ALLOC freed 2047K, 44% free 6233K/11088K, paused 23ms, total 23ms
D/WifiStateMachine(  810): handleMessage: E msg.what=131155
D/WifiStateMachine(  810): processMsg: ConnectedState
D/WifiStateMachine(  810): processMsg: L2ConnectedState
E/WifiManager(  810): calculateSignalLevel(), enter. rssi=-59 numLevels=5 getNameForPid(810)=system_server
D/WifiStateMachine(  810): handleMessage: X
D/dalvikvm(28916): GC_FOR_ALLOC freed 2047K, 44% free 6233K/11088K, paused 20ms, total 20ms
D/dalvikvm(28916): GC_FOR_ALLOC freed 2047K, 44% free 6233K/11088K, paused 24ms, total 24ms
D/WifiStateMachine(  810): handleMessage: E msg.what=131155
D/WifiStateMachine(  810): processMsg: ConnectedState
D/WifiStateMachine(  810): processMsg: L2ConnectedState
E/WifiManager(  810): calculateSignalLevel(), enter. rssi=-59 numLevels=5 getNameForPid(810)=system_server
D/WifiStateMachine(  810): handleMessage: X
D/dalvikvm(28916): GC_FOR_ALLOC freed 2048K, 44% free 6233K/11088K, paused 24ms, total 24ms
D/dalvikvm(28916): GC_FOR_ALLOC freed 2048K, 44% free 6232K/11088K, paused 25ms, total 25ms
D/WifiStateMachine(  810): handleMessage: E msg.what=131155
D/WifiStateMachine(  810): processMsg: ConnectedState
D/WifiStateMachine(  810): processMsg: L2ConnectedState
E/WifiManager(  810): calculateSignalLevel(), enter. rssi=-59 numLevels=5 getNameForPid(810)=system_server
D/WifiStateMachine(  810): handleMessage: X
D/dalvikvm(28916): GC_FOR_ALLOC freed 2047K, 44% free 6233K/11088K, paused 34ms, total 34ms
D/dalvikvm(28916): GC_FOR_ALLOC freed 2047K, 44% free 6233K/11088K, paused 25ms, total 25ms
D/WifiStateMachine(  810): handleMessage: E msg.what=131155
D/WifiStateMachine(  810): processMsg: ConnectedState
D/WifiStateMachine(  810): processMsg: L2ConnectedState
E/WifiManager(  810): calculateSignalLevel(), enter. rssi=-59 numLevels=5 getNameForPid(810)=system_server
D/WifiStateMachine(  810): handleMessage: X
D/dalvikvm(28916): GC_FOR_ALLOC freed 2048K, 44% free 6233K/11088K, paused 30ms, total 30ms
D/dalvikvm(28916): GC_FOR_ALLOC freed 2048K, 44% free 6232K/11088K, paused 28ms, total 28ms
D/WifiStateMachine(  810): handleMessage: E msg.what=131155
D/WifiStateMachine(  810): processMsg: ConnectedState
D/WifiStateMachine(  810): processMsg: L2ConnectedState
E/WifiManager(  810): calculateSignalLevel(), enter. rssi=-59 numLevels=5 getNameForPid(810)=system_server
D/WifiStateMachine(  810): handleMessage: X
D/dalvikvm(28916): GC_FOR_ALLOC freed 2047K, 44% free 6233K/11088K, paused 24ms, total 24ms
D/dalvikvm(28916): GC_FOR_ALLOC freed 2047K, 44% free 6233K/11088K, paused 34ms, total 34ms
D/WifiStateMachine(  810): handleMessage: E msg.what=131155
D/WifiStateMachine(  810): processMsg: ConnectedState
D/WifiStateMachine(  810): processMsg: L2ConnectedState
E/WifiManager(  810): calculateSignalLevel(), enter. rssi=-59 numLevels=5 getNameForPid(810)=system_server
D/WifiStateMachine(  810): handleMessage: X
D/dalvikvm(28916): GC_FOR_ALLOC freed 2048K, 44% free 6233K/11088K, paused 24ms, total 24ms
D/dalvikvm(28916): GC_FOR_ALLOC freed 2048K, 44% free 6233K/11088K, paused 23ms, total 23ms
D/dalvikvm(28916): GC_FOR_ALLOC freed 2047K, 44% free 6233K/11088K, paused 27ms, total 27ms
D/WifiStateMachine(  810): handleMessage: E msg.what=131155
D/WifiStateMachine(  810): processMsg: ConnectedState
D/WifiStateMachine(  810): processMsg: L2ConnectedState
E/WifiManager(  810): calculateSignalLevel(), enter. rssi=-59 numLevels=5 getNameForPid(810)=system_server
D/WifiStateMachine(  810): handleMessage: X
D/dalvikvm(28916): GC_FOR_ALLOC freed 2048K, 44% free 6233K/11088K, paused 24ms, total 24ms
D/dalvikvm(28916): GC_FOR_ALLOC freed 2047K, 44% free 6233K/11088K, paused 20ms, total 20ms
D/WifiStateMachine(  810): handleMessage: E msg.what=131155
D/WifiStateMachine(  810): processMsg: ConnectedState
D/WifiStateMachine(  810): processMsg: L2ConnectedState
E/WifiManager(  810): calculateSignalLevel(), enter. rssi=-59 numLevels=5 getNameForPid(810)=system_server
D/WifiStateMachine(  810): handleMessage: X
D/WifiApPowerMode(  810): ACTION_BATTERY_CHANGED received. pluggedType=0 mUSBConnected=false
D/LockScreen_KeyguardUpdateMonitor(  967): received broadcast android.intent.action.BATTERY_CHANGED
D/LockScreen_DMLockCodeController(  967): canAcceptIntent - can: false
D/LockScreen_CMASAlertController(  967): canAcceptIntent - can: false
D/LockScreen_KeyguardUpdateMonitor(  967): handleBatteryUpdate
D/BatteryService(  810): ZTE Sending ACTION_BATTERY_CHANGED.  level:51, scale:100, status:3, health:2, present:true, voltage: 3791, temperature: 290, technology: Li-ion, AC powered:false, USB powered:false, Wireless powered:false, icon:17302952, invalid charger:0
D/PowerManagerService(  810): sendPendingNotificationsLocked mSendGoToSleepFinishedNotificationWhenReady = false
D/WifiController(  810): battery changed pluggedType: 0
D/dalvikvm(28916): GC_FOR_ALLOC freed 2047K, 44% free 6233K/11088K, paused 32ms, total 32ms
D/dalvikvm(28916): GC_FOR_ALLOC freed 2048K, 44% free 6233K/11088K, paused 27ms, total 27ms
D/WifiStateMachine(  810): handleMessage: E msg.what=131155
D/WifiStateMachine(  810): processMsg: ConnectedState
D/WifiStateMachine(  810): processMsg: L2ConnectedState
E/WifiManager(  810): calculateSignalLevel(), enter. rssi=-59 numLevels=5 getNameForPid(810)=system_server
D/WifiStateMachine(  810): handleMessage: X
D/dalvikvm(28916): GC_FOR_ALLOC freed 2047K, 44% free 6233K/11088K, paused 25ms, total 25ms
D/dalvikvm(28916): GC_FOR_ALLOC freed 2048K, 44% free 6233K/11088K, paused 24ms, total 24ms
D/WifiStateMachine(  810): handleMessage: E msg.what=131155
D/WifiStateMachine(  810): processMsg: ConnectedState
D/WifiStateMachine(  810): processMsg: L2ConnectedState
E/WifiManager(  810): calculateSignalLevel(), enter. rssi=-59 numLevels=5 getNameForPid(810)=system_server
D/WifiStateMachine(  810): handleMessage: X
D/dalvikvm(28916): GC_FOR_ALLOC freed 2048K, 44% free 6233K/11088K, paused 34ms, total 34ms
D/dalvikvm(28916): GC_FOR_ALLOC freed 2047K, 44% free 6233K/11088K, paused 27ms, total 27ms
D/WifiStateMachine(  810): handleMessage: E msg.what=131155
D/WifiStateMachine(  810): processMsg: ConnectedState
D/WifiStateMachine(  810): processMsg: L2ConnectedState
E/WifiManager(  810): calculateSignalLevel(), enter. rssi=-59 numLevels=5 getNameForPid(810)=system_server
D/WifiStateMachine(  810): handleMessage: X
D/PowerManagerService(  810): sendPendingNotificationsLocked mSendGoToSleepFinishedNotificationWhenReady = false
D/PowerManagerService(  810): sendPendingNotificationsLocked mSendGoToSleepFinishedNotificationWhenReady = false
D/dalvikvm(28916): GC_FOR_ALLOC freed 2048K, 44% free 6233K/11088K, paused 24ms, total 24ms
D/dalvikvm(28916): GC_FOR_ALLOC freed 2048K, 44% free 6233K/11088K, paused 33ms, total 33ms
D/WifiStateMachine(  810): handleMessage: E msg.what=131155
D/WifiStateMachine(  810): processMsg: ConnectedState
D/WifiStateMachine(  810): processMsg: L2ConnectedState
E/WifiManager(  810): calculateSignalLevel(), enter. rssi=-59 numLevels=5 getNameForPid(810)=system_server
D/WifiStateMachine(  810): handleMessage: X
D/dalvikvm(28916): GC_FOR_ALLOC freed 2047K, 44% free 6233K/11088K, paused 27ms, total 27ms
W/AlarmManager(  810): Alarm triggering: Alarm{42383968 type 3 android}
D/LockScreen_KeyguardUpdateMonitor(  967): received broadcast android.intent.action.TIME_TICK
D/LockScreen_DMLockCodeController(  967): canAcceptIntent - can: false
D/LockScreen_CMASAlertController(  967): canAcceptIntent - can: false
D/LockScreen_KeyguardUpdateMonitor(  967): handleTimeUpdate
D/PowerManagerService(  810): sendPendingNotificationsLocked mSendGoToSleepFinishedNotificationWhenReady = false
E/niejiyong(  967): WeatherService is Running
E/niejiyong(  967): Weather process is Running
E/niejiyong(  967): WeatherService is Running
E/niejiyong(  967): Weather process is Running
D/haha    ( 1075): mDateTimeReceiver intent::Intent { act=android.intent.action.TIME_TICK flg=0x50000014 (has extras) }
E/niejiyong( 1075): TypeBWeatherWidget :: performUpdate..
E/niejiyong( 1075): TypeBWeatherWidget :: performUpdate..cityLocationId = cityId:0
D/haha    ( 1075): WeatherWidget update  AmPm=1,  Hour=8,  Minute=22
D/PowerManagerService(  810): sendPendingNotificationsLocked mSendGoToSleepFinishedNotificationWhenReady = false
D/dalvikvm(28916): GC_FOR_ALLOC freed 2047K, 44% free 6233K/11088K, paused 23ms, total 23ms
D/WifiStateMachine(  810): handleMessage: E msg.what=131155
D/WifiStateMachine(  810): processMsg: ConnectedState
D/WifiStateMachine(  810): processMsg: L2ConnectedState
E/WifiManager(  810): calculateSignalLevel(), enter. rssi=-59 numLevels=5 getNameForPid(810)=system_server
D/WifiStateMachine(  810): handleMessage: X
D/dalvikvm(28916): GC_FOR_ALLOC freed 2048K, 44% free 6233K/11088K, paused 26ms, total 27ms
D/dalvikvm(28916): GC_FOR_ALLOC freed 2047K, 44% free 6233K/11088K, paused 41ms, total 41ms
D/WifiStateMachine(  810): handleMessage: E msg.what=131155
D/WifiStateMachine(  810): processMsg: ConnectedState
D/WifiStateMachine(  810): processMsg: L2ConnectedState
E/WifiManager(  810): calculateSignalLevel(), enter. rssi=-59 numLevels=5 getNameForPid(810)=system_server
D/WifiStateMachine(  810): handleMessage: X
D/dalvikvm(28916): GC_FOR_ALLOC freed 2047K, 44% free 6233K/11088K, paused 21ms, total 21ms
D/dalvikvm(28916): GC_FOR_ALLOC freed 2048K, 44% free 6233K/11088K, paused 30ms, total 30ms
D/WifiStateMachine(  810): handleMessage: E msg.what=131155
D/WifiStateMachine(  810): processMsg: ConnectedState
D/WifiStateMachine(  810): processMsg: L2ConnectedState
E/WifiManager(  810): calculateSignalLevel(), enter. rssi=-59 numLevels=5 getNameForPid(810)=system_server
D/WifiStateMachine(  810): handleMessage: X
D/dalvikvm(28916): GC_FOR_ALLOC freed 2047K, 44% free 6233K/11088K, paused 27ms, total 27ms
D/dalvikvm(28916): GC_FOR_ALLOC freed 2047K, 44% free 6233K/11088K, paused 24ms, total 24ms
D/PowerManagerService_DumpWakeLock(  810): Dump interval is: 60 s
D/PowerManagerService_DumpWakeLock(  810):  Current State is: Awake
D/PowerManagerService_DumpWakeLock(  810): Screen off timeout: 1800000 ms
D/PowerManagerService_DumpWakeLock(  810): Screen dim duration: 7000 ms
D/PowerManagerService_DumpWakeLock(  810): Wake Locks: size=1
D/PowerManagerService_DumpWakeLock(  810):   SCREEN_BRIGHT_WAKE_LOCK        'WindowManager' ON_AFTER_RELEASE (uid=1000, pid=810, ws=WorkSource{10127})
D/PowerManagerService_DumpWakeLock(  810): Suspend Blockers: size=5
D/PowerManagerService_DumpWakeLock(  810):   PowerManagerService.WakeLocks: ref count=1
D/PowerManagerService_DumpWakeLock(  810):   PowerManagerService.Display: ref count=1
D/PowerManagerService_DumpWakeLock(  810):   PowerManagerService.Proximity: ref count=0
D/PowerManagerService_DumpWakeLock(  810):   PowerManagerService.Broadcasts: ref count=0
D/PowerManagerService_DumpWakeLock(  810):   PowerManagerService.WirelessChargerDetector: ref count=0
D/PowerManagerService_DumpWakeLock(  810): Screen On Blocker: held=false, mNestCount=0
D/PowerManagerService_DumpWakeLock(  810): Display Blanker: blanked=false
D/dalvikvm(28916): GC_FOR_ALLOC freed 2048K, 44% free 6232K/11088K, paused 33ms, total 33ms
D/WifiStateMachine(  810): handleMessage: E msg.what=131155
D/WifiStateMachine(  810): processMsg: ConnectedState
D/WifiStateMachine(  810): processMsg: L2ConnectedState
E/WifiManager(  810): calculateSignalLevel(), enter. rssi=-59 numLevels=5 getNameForPid(810)=system_server
D/WifiStateMachine(  810): handleMessage: X
D/dalvikvm(28916): GC_FOR_ALLOC freed 2047K, 44% free 6232K/11088K, paused 23ms, total 23ms
D/dalvikvm(28916): GC_FOR_ALLOC freed 2047K, 44% free 6233K/11088K, paused 30ms, total 30ms
D/WifiStateMachine(  810): handleMessage: E msg.what=131155
D/WifiStateMachine(  810): processMsg: ConnectedState
D/WifiStateMachine(  810): processMsg: L2ConnectedState
E/WifiManager(  810): calculateSignalLevel(), enter. rssi=-59 numLevels=5 getNameForPid(810)=system_server
D/WifiStateMachine(  810): handleMessage: X
D/dalvikvm(28916): GC_FOR_ALLOC freed 2048K, 44% free 6233K/11088K, paused 31ms, total 31ms
D/dalvikvm(28916): GC_FOR_ALLOC freed 2047K, 44% free 6233K/11088K, paused 33ms, total 33ms
D/WifiStateMachine(  810): handleMessage: E msg.what=131155
D/WifiStateMachine(  810): processMsg: ConnectedState
D/WifiStateMachine(  810): processMsg: L2ConnectedState
E/WifiManager(  810): calculateSignalLevel(), enter. rssi=-59 numLevels=5 getNameForPid(810)=system_server
D/WifiStateMachine(  810): handleMessage: X
D/dalvikvm(28916): GC_FOR_ALLOC freed 2048K, 44% free 6232K/11088K, paused 24ms, total 24ms
D/dalvikvm(28916): GC_FOR_ALLOC freed 2047K, 44% free 6233K/11088K, paused 30ms, total 30ms
D/WifiStateMachine(  810): handleMessage: E msg.what=131155
D/WifiStateMachine(  810): processMsg: ConnectedState
D/WifiStateMachine(  810): processMsg: L2ConnectedState
E/WifiManager(  810): calculateSignalLevel(), enter. rssi=-59 numLevels=5 getNameForPid(810)=system_server
D/WifiStateMachine(  810): handleMessage: X
D/dalvikvm(28916): GC_FOR_ALLOC freed 2048K, 44% free 6233K/11088K, paused 33ms, total 33ms
D/dalvikvm(28916): GC_FOR_ALLOC freed 2048K, 44% free 6232K/11088K, paused 25ms, total 25ms
D/WifiStateMachine(  810): handleMessage: E msg.what=131155
D/WifiStateMachine(  810): processMsg: ConnectedState
D/WifiStateMachine(  810): processMsg: L2ConnectedState
E/WifiManager(  810): calculateSignalLevel(), enter. rssi=-59 numLevels=5 getNameForPid(810)=system_server
D/WifiStateMachine(  810): handleMessage: X
D/dalvikvm(28916): GC_FOR_ALLOC freed 2047K, 44% free 6233K/11088K, paused 24ms, total 24ms
D/dalvikvm(28916): GC_FOR_ALLOC freed 2047K, 44% free 6233K/11088K, paused 21ms, total 21ms
D/WifiStateMachine(  810): handleMessage: E msg.what=131155
D/WifiStateMachine(  810): processMsg: ConnectedState
D/WifiStateMachine(  810): processMsg: L2ConnectedState
E/WifiManager(  810): calculateSignalLevel(), enter. rssi=-59 numLevels=5 getNameForPid(810)=system_server
D/WifiStateMachine(  810): handleMessage: X
D/dalvikvm(28916): GC_FOR_ALLOC freed 2048K, 44% free 6233K/11088K, paused 26ms, total 26ms
D/dalvikvm(28916): GC_FOR_ALLOC freed 2048K, 44% free 6233K/11088K, paused 21ms, total 21ms
D/WifiStateMachine(  810): handleMessage: E msg.what=131155
D/WifiStateMachine(  810): processMsg: ConnectedState
D/WifiStateMachine(  810): processMsg: L2ConnectedState
E/WifiManager(  810): calculateSignalLevel(), enter. rssi=-58 numLevels=5 getNameForPid(810)=system_server
D/WifiStateMachine(  810): handleMessage: X
I/RobotCore(28916): Battery Checker, Level Remaining: 51.0
I/RobotCore(28916): Battery Checker, Level Remaining: 51.0
D/dalvikvm(28916): GC_FOR_ALLOC freed 2047K, 44% free 6233K/11088K, paused 23ms, total 23ms
D/dalvikvm(28916): GC_FOR_ALLOC freed 2048K, 44% free 6233K/11088K, paused 23ms, total 23ms
D/WifiStateMachine(  810): handleMessage: E msg.what=131155
D/WifiStateMachine(  810): processMsg: ConnectedState
D/WifiStateMachine(  810): processMsg: L2ConnectedState
E/WifiManager(  810): calculateSignalLevel(), enter. rssi=-59 numLevels=5 getNameForPid(810)=system_server
D/WifiStateMachine(  810): handleMessage: X
D/dalvikvm(28916): GC_FOR_ALLOC freed 2047K, 44% free 6233K/11088K, paused 24ms, total 24ms
D/dalvikvm(28916): GC_FOR_ALLOC freed 2048K, 44% free 6233K/11088K, paused 23ms, total 23ms
I/RobotCore(28916): robot battery read duration: n=10, mean=6.607ms sd=6.865ms
D/WifiStateMachine(  810): handleMessage: E msg.what=131155
D/WifiStateMachine(  810): processMsg: ConnectedState
D/WifiStateMachine(  810): processMsg: L2ConnectedState
E/WifiManager(  810): calculateSignalLevel(), enter. rssi=-59 numLevels=5 getNameForPid(810)=system_server
D/WifiStateMachine(  810): handleMessage: X
D/dalvikvm(28916): GC_FOR_ALLOC freed 2047K, 44% free 6233K/11088K, paused 35ms, total 35ms
D/dalvikvm(28916): GC_FOR_ALLOC freed 2047K, 44% free 6233K/11088K, paused 32ms, total 32ms
D/dalvikvm(28916): GC_FOR_ALLOC freed 2048K, 44% free 6233K/11088K, paused 23ms, total 23ms
D/WifiStateMachine(  810): handleMessage: E msg.what=131155
D/WifiStateMachine(  810): processMsg: ConnectedState
D/WifiStateMachine(  810): processMsg: L2ConnectedState
E/WifiManager(  810): calculateSignalLevel(), enter. rssi=-59 numLevels=5 getNameForPid(810)=system_server
D/WifiStateMachine(  810): handleMessage: X
D/dalvikvm(28916): GC_FOR_ALLOC freed 2047K, 44% free 6233K/11088K, paused 29ms, total 29ms
D/dalvikvm(28916): GC_FOR_ALLOC freed 2048K, 44% free 6233K/11088K, paused 34ms, total 34ms
D/WifiStateMachine(  810): handleMessage: E msg.what=131155
D/WifiStateMachine(  810): processMsg: ConnectedState
D/WifiStateMachine(  810): processMsg: L2ConnectedState
E/WifiManager(  810): calculateSignalLevel(), enter. rssi=-59 numLevels=5 getNameForPid(810)=system_server
D/WifiStateMachine(  810): handleMessage: X
D/dalvikvm(28916): GC_FOR_ALLOC freed 2047K, 44% free 6233K/11088K, paused 27ms, total 27ms
D/dalvikvm(28916): GC_FOR_ALLOC freed 2048K, 44% free 6233K/11088K, paused 24ms, total 24ms
D/WifiStateMachine(  810): handleMessage: E msg.what=131155
D/WifiStateMachine(  810): processMsg: ConnectedState
D/WifiStateMachine(  810): processMsg: L2ConnectedState
E/WifiManager(  810): calculateSignalLevel(), enter. rssi=-59 numLevels=5 getNameForPid(810)=system_server
D/WifiStateMachine(  810): handleMessage: X
D/dalvikvm(28916): GC_FOR_ALLOC freed 2048K, 44% free 6232K/11088K, paused 36ms, total 36ms
D/dalvikvm(28916): GC_FOR_ALLOC freed 2047K, 44% free 6233K/11088K, paused 40ms, total 40ms
D/WifiStateMachine(  810): handleMessage: E msg.what=131155
D/WifiStateMachine(  810): processMsg: ConnectedState
D/WifiStateMachine(  810): processMsg: L2ConnectedState
E/WifiManager(  810): calculateSignalLevel(), enter. rssi=-59 numLevels=5 getNameForPid(810)=system_server
D/WifiStateMachine(  810): handleMessage: X
D/WifiApPowerMode(  810): ACTION_BATTERY_CHANGED received. pluggedType=0 mUSBConnected=false
D/LockScreen_KeyguardUpdateMonitor(  967): received broadcast android.intent.action.BATTERY_CHANGED
D/LockScreen_DMLockCodeController(  967): canAcceptIntent - can: false
D/BatteryService(  810): ZTE Sending ACTION_BATTERY_CHANGED.  level:51, scale:100, status:3, health:2, present:true, voltage: 3782, temperature: 290, technology: Li-ion, AC powered:false, USB powered:false, Wireless powered:false, icon:17302952, invalid charger:0
D/WifiController(  810): battery changed pluggedType: 0
D/PowerManagerService(  810): sendPendingNotificationsLocked mSendGoToSleepFinishedNotificationWhenReady = false
D/LockScreen_CMASAlertController(  967): canAcceptIntent - can: false
D/LockScreen_KeyguardUpdateMonitor(  967): handleBatteryUpdate
D/dalvikvm(28916): GC_FOR_ALLOC freed 2047K, 44% free 6233K/11088K, paused 32ms, total 32ms
D/dalvikvm(28916): GC_FOR_ALLOC freed 2048K, 44% free 6233K/11088K, paused 33ms, total 33ms
D/WifiStateMachine(  810): handleMessage: E msg.what=131155
D/WifiStateMachine(  810): processMsg: ConnectedState
D/WifiStateMachine(  810): processMsg: L2ConnectedState
E/WifiManager(  810): calculateSignalLevel(), enter. rssi=-59 numLevels=5 getNameForPid(810)=system_server
D/WifiStateMachine(  810): handleMessage: X
D/dalvikvm(28916): GC_FOR_ALLOC freed 2048K, 44% free 6233K/11088K, paused 24ms, total 24ms
D/dalvikvm(28916): GC_FOR_ALLOC freed 2048K, 44% free 6233K/11088K, paused 24ms, total 24ms
D/WifiStateMachine(  810): handleMessage: E msg.what=131155
D/WifiStateMachine(  810): processMsg: ConnectedState
D/WifiStateMachine(  810): processMsg: L2ConnectedState
E/WifiManager(  810): calculateSignalLevel(), enter. rssi=-59 numLevels=5 getNameForPid(810)=system_server
D/WifiStateMachine(  810): handleMessage: X
D/dalvikvm(28916): GC_FOR_ALLOC freed 2048K, 44% free 6233K/11088K, paused 25ms, total 25ms
D/dalvikvm(28916): GC_FOR_ALLOC freed 2047K, 44% free 6233K/11088K, paused 32ms, total 32ms
D/WifiStateMachine(  810): handleMessage: E msg.what=131155
D/WifiStateMachine(  810): processMsg: ConnectedState
D/WifiStateMachine(  810): processMsg: L2ConnectedState
E/WifiManager(  810): calculateSignalLevel(), enter. rssi=-59 numLevels=5 getNameForPid(810)=system_server
D/WifiStateMachine(  810): handleMessage: X
D/dalvikvm(28916): GC_FOR_ALLOC freed 2047K, 44% free 6233K/11088K, paused 29ms, total 29ms
D/dalvikvm(28916): GC_FOR_ALLOC freed 2048K, 44% free 6233K/11088K, paused 24ms, total 24ms
D/WifiStateMachine(  810): handleMessage: E msg.what=131155
D/WifiStateMachine(  810): processMsg: ConnectedState
D/WifiStateMachine(  810): processMsg: L2ConnectedState
E/WifiManager(  810): calculateSignalLevel(), enter. rssi=-60 numLevels=5 getNameForPid(810)=system_server
D/WifiStateMachine(  810): handleMessage: X
D/dalvikvm(28916): GC_FOR_ALLOC freed 2048K, 44% free 6232K/11088K, paused 24ms, total 24ms
W/AlarmManager(  810): Alarm triggering: Alarm{421aee40 type 3 android}
D/PowerManagerService(  810): sendPendingNotificationsLocked mSendGoToSleepFinishedNotificationWhenReady = false
D/LockScreen_KeyguardUpdateMonitor(  967): received broadcast android.intent.action.TIME_TICK
D/LockScreen_DMLockCodeController(  967): canAcceptIntent - can: false
D/LockScreen_CMASAlertController(  967): canAcceptIntent - can: false
D/LockScreen_KeyguardUpdateMonitor(  967): handleTimeUpdate
E/niejiyong(  967): WeatherService is Running
E/niejiyong(  967): Weather process is Running
E/niejiyong(  967): WeatherService is Running
E/niejiyong(  967): Weather process is Running
D/haha    ( 1075): mDateTimeReceiver intent::Intent { act=android.intent.action.TIME_TICK flg=0x50000014 (has extras) }
E/niejiyong( 1075): TypeBWeatherWidget :: performUpdate..
E/niejiyong( 1075): TypeBWeatherWidget :: performUpdate..cityLocationId = cityId:0
D/haha    ( 1075): WeatherWidget update  AmPm=1,  Hour=8,  Minute=23
D/PowerManagerService(  810): sendPendingNotificationsLocked mSendGoToSleepFinishedNotificationWhenReady = false
D/dalvikvm(28916): GC_FOR_ALLOC freed 2047K, 44% free 6233K/11088K, paused 24ms, total 24ms
D/WifiStateMachine(  810): handleMessage: E msg.what=131155
D/WifiStateMachine(  810): processMsg: ConnectedState
D/WifiStateMachine(  810): processMsg: L2ConnectedState
E/WifiManager(  810): calculateSignalLevel(), enter. rssi=-59 numLevels=5 getNameForPid(810)=system_server
D/WifiStateMachine(  810): handleMessage: X
D/dalvikvm(28916): GC_FOR_ALLOC freed 2048K, 44% free 6233K/11088K, paused 36ms, total 36ms
D/dalvikvm(28916): GC_FOR_ALLOC freed 2047K, 44% free 6233K/11088K, paused 32ms, total 32ms
W/GLSActivity( 1289): getAuthToken called with non existant account: pranavsivaraman@gmail.com
E/PlayEventLogger( 1701): Failed to get auth token: no such account
E/PlayEventLogger( 1701): android.accounts.AuthenticatorException: no such account
E/PlayEventLogger( 1701): 	at android.accounts.AccountManager.convertErrorToException(AccountManager.java:1726)
E/PlayEventLogger( 1701): 	at android.accounts.AccountManager.access$400(AccountManager.java:144)
E/PlayEventLogger( 1701): 	at android.accounts.AccountManager$AmsTask$Response.onError(AccountManager.java:1572)
E/PlayEventLogger( 1701): 	at android.accounts.IAccountManagerResponse$Stub.onTransact(IAccountManagerResponse.java:69)
E/PlayEventLogger( 1701): 	at android.os.Binder.execTransact(Binder.java:404)
E/PlayEventLogger( 1701): 	at dalvik.system.NativeStart.run(Native Method)
W/PlayEventLogger( 1701): deferring log upload because couldn't retrieve auth token
D/WifiStateMachine(  810): handleMessage: E msg.what=131155
D/WifiStateMachine(  810): processMsg: ConnectedState
D/WifiStateMachine(  810): processMsg: L2ConnectedState
E/WifiManager(  810): calculateSignalLevel(), enter. rssi=-59 numLevels=5 getNameForPid(810)=system_server
D/WifiStateMachine(  810): handleMessage: X
W/ProcessCpuTracker(  810): Skipping unknown process pid 32018
D/dalvikvm(28916): GC_FOR_ALLOC freed 2048K, 44% free 6233K/11088K, paused 19ms, total 19ms
D/dalvikvm(28916): GC_FOR_ALLOC freed 2047K, 44% free 6233K/11088K, paused 25ms, total 25ms
D/WifiStateMachine(  810): handleMessage: E msg.what=131155
D/WifiStateMachine(  810): processMsg: ConnectedState
D/WifiStateMachine(  810): processMsg: L2ConnectedState
E/WifiManager(  810): calculateSignalLevel(), enter. rssi=-59 numLevels=5 getNameForPid(810)=system_server
D/WifiStateMachine(  810): handleMessage: X
D/dalvikvm(28916): GC_FOR_ALLOC freed 2047K, 44% free 6233K/11088K, paused 33ms, total 33ms
D/dalvikvm(28916): GC_FOR_ALLOC freed 2048K, 44% free 6233K/11088K, paused 24ms, total 24ms
D/PowerManagerService_DumpWakeLock(  810): Dump interval is: 59 s
D/PowerManagerService_DumpWakeLock(  810):  Current State is: Awake
D/PowerManagerService_DumpWakeLock(  810): Screen off timeout: 1800000 ms
D/PowerManagerService_DumpWakeLock(  810): Screen dim duration: 7000 ms
D/PowerManagerService_DumpWakeLock(  810): Wake Locks: size=1
D/PowerManagerService_DumpWakeLock(  810):   SCREEN_BRIGHT_WAKE_LOCK        'WindowManager' ON_AFTER_RELEASE (uid=1000, pid=810, ws=WorkSource{10127})
D/PowerManagerService_DumpWakeLock(  810): Suspend Blockers: size=5
D/PowerManagerService_DumpWakeLock(  810):   PowerManagerService.WakeLocks: ref count=1
D/PowerManagerService_DumpWakeLock(  810):   PowerManagerService.Display: ref count=1
D/PowerManagerService_DumpWakeLock(  810):   PowerManagerService.Proximity: ref count=0
D/PowerManagerService_DumpWakeLock(  810):   PowerManagerService.Broadcasts: ref count=0
D/PowerManagerService_DumpWakeLock(  810):   PowerManagerService.WirelessChargerDetector: ref count=0
D/PowerManagerService_DumpWakeLock(  810): Screen On Blocker: held=false, mNestCount=0
D/PowerManagerService_DumpWakeLock(  810): Display Blanker: blanked=false
D/WifiStateMachine(  810): handleMessage: E msg.what=131155
D/WifiStateMachine(  810): processMsg: ConnectedState
D/WifiStateMachine(  810): processMsg: L2ConnectedState
E/WifiManager(  810): calculateSignalLevel(), enter. rssi=-59 numLevels=5 getNameForPid(810)=system_server
D/WifiStateMachine(  810): handleMessage: X
D/dalvikvm(28916): GC_FOR_ALLOC freed 2047K, 44% free 6233K/11088K, paused 27ms, total 27ms
D/dalvikvm(28916): GC_FOR_ALLOC freed 2048K, 44% free 6233K/11088K, paused 23ms, total 23ms
D/dalvikvm(28916): GC_FOR_ALLOC freed 2047K, 44% free 6233K/11088K, paused 24ms, total 24ms
D/WifiStateMachine(  810): handleMessage: E msg.what=131155
D/WifiStateMachine(  810): processMsg: ConnectedState
D/WifiStateMachine(  810): processMsg: L2ConnectedState
E/WifiManager(  810): calculateSignalLevel(), enter. rssi=-59 numLevels=5 getNameForPid(810)=system_server
D/WifiStateMachine(  810): handleMessage: X
D/dalvikvm(28916): GC_FOR_ALLOC freed 2048K, 44% free 6233K/11088K, paused 22ms, total 22ms
D/dalvikvm(28916): GC_FOR_ALLOC freed 2047K, 44% free 6233K/11088K, paused 36ms, total 36ms
D/WifiStateMachine(  810): handleMessage: E msg.what=131155
D/WifiStateMachine(  810): processMsg: ConnectedState
D/WifiStateMachine(  810): processMsg: L2ConnectedState
E/WifiManager(  810): calculateSignalLevel(), enter. rssi=-59 numLevels=5 getNameForPid(810)=system_server
D/WifiStateMachine(  810): handleMessage: X
D/dalvikvm(28916): GC_FOR_ALLOC freed 2047K, 44% free 6233K/11088K, paused 25ms, total 25ms
D/dalvikvm(28916): GC_FOR_ALLOC freed 2047K, 44% free 6233K/11088K, paused 30ms, total 30ms
D/WifiStateMachine(  810): handleMessage: E msg.what=131155
D/WifiStateMachine(  810): processMsg: ConnectedState
D/WifiStateMachine(  810): processMsg: L2ConnectedState
E/WifiManager(  810): calculateSignalLevel(), enter. rssi=-60 numLevels=5 getNameForPid(810)=system_server
D/WifiStateMachine(  810): handleMessage: X
D/dalvikvm(28916): GC_FOR_ALLOC freed 2048K, 44% free 6233K/11088K, paused 24ms, total 24ms
D/dalvikvm(28916): GC_FOR_ALLOC freed 2047K, 44% free 6233K/11088K, paused 25ms, total 25ms
D/WifiStateMachine(  810): handleMessage: E msg.what=131155
D/WifiStateMachine(  810): processMsg: ConnectedState
D/WifiStateMachine(  810): processMsg: L2ConnectedState
E/WifiManager(  810): calculateSignalLevel(), enter. rssi=-59 numLevels=5 getNameForPid(810)=system_server
D/WifiStateMachine(  810): handleMessage: X
D/dalvikvm(28916): GC_FOR_ALLOC freed 2048K, 44% free 6233K/11088K, paused 30ms, total 30ms
D/dalvikvm(28916): GC_FOR_ALLOC freed 2047K, 44% free 6233K/11088K, paused 30ms, total 30ms
D/WifiStateMachine(  810): handleMessage: E msg.what=131155
D/WifiStateMachine(  810): processMsg: ConnectedState
D/WifiStateMachine(  810): processMsg: L2ConnectedState
E/WifiManager(  810): calculateSignalLevel(), enter. rssi=-59 numLevels=5 getNameForPid(810)=system_server
D/WifiStateMachine(  810): handleMessage: X
D/dalvikvm(28916): GC_FOR_ALLOC freed 2048K, 44% free 6233K/11088K, paused 23ms, total 23ms
D/dalvikvm(28916): GC_FOR_ALLOC freed 2047K, 44% free 6233K/11088K, paused 25ms, total 25ms
D/WifiStateMachine(  810): handleMessage: E msg.what=131155
D/WifiStateMachine(  810): processMsg: ConnectedState
D/WifiStateMachine(  810): processMsg: L2ConnectedState
E/WifiManager(  810): calculateSignalLevel(), enter. rssi=-59 numLevels=5 getNameForPid(810)=system_server
D/WifiStateMachine(  810): handleMessage: X
D/dalvikvm(28916): GC_FOR_ALLOC freed 2047K, 44% free 6233K/11088K, paused 34ms, total 34ms
D/LockScreen_KeyguardUpdateMonitor(  967): received broadcast android.intent.action.BATTERY_CHANGED
D/BatteryService(  810): ZTE Sending ACTION_BATTERY_CHANGED.  level:51, scale:100, status:3, health:2, present:true, voltage: 3780, temperature: 290, technology: Li-ion, AC powered:false, USB powered:false, Wireless powered:false, icon:17302952, invalid charger:0
D/PowerManagerService(  810): sendPendingNotificationsLocked mSendGoToSleepFinishedNotificationWhenReady = false
D/WifiApPowerMode(  810): ACTION_BATTERY_CHANGED received. pluggedType=0 mUSBConnected=false
D/LockScreen_DMLockCodeController(  967): canAcceptIntent - can: false
D/LockScreen_CMASAlertController(  967): canAcceptIntent - can: false
D/LockScreen_KeyguardUpdateMonitor(  967): handleBatteryUpdate
D/WifiController(  810): battery changed pluggedType: 0
D/dalvikvm(28916): GC_FOR_ALLOC freed 2048K, 44% free 6233K/11088K, paused 27ms, total 27ms
D/WifiStateMachine(  810): handleMessage: E msg.what=131155
D/WifiStateMachine(  810): processMsg: ConnectedState
D/WifiStateMachine(  810): processMsg: L2ConnectedState
E/WifiManager(  810): calculateSignalLevel(), enter. rssi=-60 numLevels=5 getNameForPid(810)=system_server
D/WifiStateMachine(  810): handleMessage: X
D/dalvikvm(28916): GC_FOR_ALLOC freed 2047K, 44% free 6233K/11088K, paused 32ms, total 32ms
D/dalvikvm(28916): GC_FOR_ALLOC freed 2048K, 44% free 6233K/11088K, paused 25ms, total 25ms
D/WifiStateMachine(  810): handleMessage: E msg.what=131155
D/WifiStateMachine(  810): processMsg: ConnectedState
D/WifiStateMachine(  810): processMsg: L2ConnectedState
E/WifiManager(  810): calculateSignalLevel(), enter. rssi=-60 numLevels=5 getNameForPid(810)=system_server
D/WifiStateMachine(  810): handleMessage: X
D/dalvikvm(28916): GC_FOR_ALLOC freed 2048K, 44% free 6233K/11088K, paused 23ms, total 23ms
D/dalvikvm(28916): GC_FOR_ALLOC freed 2047K, 44% free 6233K/11088K, paused 25ms, total 25ms
D/dalvikvm(28916): GC_FOR_ALLOC freed 2047K, 44% free 6233K/11088K, paused 27ms, total 27ms
D/WifiStateMachine(  810): handleMessage: E msg.what=131155
D/WifiStateMachine(  810): processMsg: ConnectedState
D/WifiStateMachine(  810): processMsg: L2ConnectedState
E/WifiManager(  810): calculateSignalLevel(), enter. rssi=-59 numLevels=5 getNameForPid(810)=system_server
D/WifiStateMachine(  810): handleMessage: X
D/dalvikvm(28916): GC_FOR_ALLOC freed 2048K, 44% free 6233K/11088K, paused 23ms, total 23ms
D/dalvikvm(28916): GC_FOR_ALLOC freed 2048K, 44% free 6233K/11088K, paused 25ms, total 25ms
D/WifiStateMachine(  810): handleMessage: E msg.what=131155
D/WifiStateMachine(  810): processMsg: ConnectedState
D/WifiStateMachine(  810): processMsg: L2ConnectedState
E/WifiManager(  810): calculateSignalLevel(), enter. rssi=-59 numLevels=5 getNameForPid(810)=system_server
D/WifiStateMachine(  810): handleMessage: X
D/dalvikvm(28916): GC_FOR_ALLOC freed 2047K, 44% free 6233K/11088K, paused 24ms, total 24ms
D/dalvikvm(28916): GC_FOR_ALLOC freed 2048K, 44% free 6233K/11088K, paused 27ms, total 27ms
D/WifiStateMachine(  810): handleMessage: E msg.what=131155
D/WifiStateMachine(  810): processMsg: ConnectedState
D/WifiStateMachine(  810): processMsg: L2ConnectedState
E/WifiManager(  810): calculateSignalLevel(), enter. rssi=-59 numLevels=5 getNameForPid(810)=system_server
D/WifiStateMachine(  810): handleMessage: X
D/dalvikvm(28916): GC_FOR_ALLOC freed 2047K, 44% free 6233K/11088K, paused 23ms, total 23ms
D/dalvikvm(28916): GC_FOR_ALLOC freed 2047K, 44% free 6233K/11088K, paused 24ms, total 24ms
D/WifiStateMachine(  810): handleMessage: E msg.what=131155
D/WifiStateMachine(  810): processMsg: ConnectedState
D/WifiStateMachine(  810): processMsg: L2ConnectedState
E/WifiManager(  810): calculateSignalLevel(), enter. rssi=-59 numLevels=5 getNameForPid(810)=system_server
D/WifiStateMachine(  810): handleMessage: X
D/WifiApPowerMode(  810): ACTION_BATTERY_CHANGED received. pluggedType=0 mUSBConnected=false
D/BatteryService(  810): ZTE Sending ACTION_BATTERY_CHANGED.  level:51, scale:100, status:3, health:2, present:true, voltage: 3787, temperature: 290, technology: Li-ion, AC powered:false, USB powered:false, Wireless powered:false, icon:17302952, invalid charger:0
D/WifiController(  810): battery changed pluggedType: 0
D/LockScreen_KeyguardUpdateMonitor(  967): received broadcast android.intent.action.BATTERY_CHANGED
D/LockScreen_DMLockCodeController(  967): canAcceptIntent - can: false
D/LockScreen_CMASAlertController(  967): canAcceptIntent - can: false
D/LockScreen_KeyguardUpdateMonitor(  967): handleBatteryUpdate
D/PowerManagerService(  810): sendPendingNotificationsLocked mSendGoToSleepFinishedNotificationWhenReady = false
D/dalvikvm(28916): GC_FOR_ALLOC freed 2048K, 44% free 6233K/11088K, paused 25ms, total 25ms
D/dalvikvm(28916): GC_FOR_ALLOC freed 2047K, 44% free 6233K/11088K, paused 32ms, total 32ms
D/WifiStateMachine(  810): handleMessage: E msg.what=131155
D/WifiStateMachine(  810): processMsg: ConnectedState
D/WifiStateMachine(  810): processMsg: L2ConnectedState
E/WifiManager(  810): calculateSignalLevel(), enter. rssi=-59 numLevels=5 getNameForPid(810)=system_server
D/WifiStateMachine(  810): handleMessage: X
D/dalvikvm(28916): GC_FOR_ALLOC freed 2048K, 44% free 6233K/11088K, paused 28ms, total 28ms
