D/dalvikvm(25667): GC_FOR_ALLOC freed 2047K, 44% free 6233K/11088K, paused 29ms, total 29ms
W/AlarmManager(  810): Alarm triggering: Alarm{423e90d8 type 3 android}
D/LockScreen_KeyguardUpdateMonitor(  967): received broadcast android.intent.action.TIME_TICK
D/LockScreen_DMLockCodeController(  967): canAcceptIntent - can: false
D/LockScreen_CMASAlertController(  967): canAcceptIntent - can: false
D/PowerManagerService(  810): sendPendingNotificationsLocked mSendGoToSleepFinishedNotificationWhenReady = false
D/LockScreen_KeyguardUpdateMonitor(  967): handleTimeUpdate
E/niejiyong(  967): WeatherService is Running
E/niejiyong(  967): Weather process is Running
E/niejiyong(  967): WeatherService is Running
E/niejiyong(  967): Weather process is Running
D/haha    ( 1075): mDateTimeReceiver intent::Intent { act=android.intent.action.TIME_TICK flg=0x50000014 (has extras) }
E/niejiyong( 1075): TypeBWeatherWidget :: performUpdate..
E/niejiyong( 1075): TypeBWeatherWidget :: performUpdate..cityLocationId = cityId:0
D/haha    ( 1075): WeatherWidget update  AmPm=1,  Hour=8,  Minute=16
D/PowerManagerService(  810): sendPendingNotificationsLocked mSendGoToSleepFinishedNotificationWhenReady = false
D/dalvikvm(25667): GC_FOR_ALLOC freed 2047K, 44% free 6233K/11088K, paused 21ms, total 21ms
D/dalvikvm(25667): GC_FOR_ALLOC freed 2047K, 44% free 6233K/11088K, paused 20ms, total 20ms
D/WifiStateMachine(  810): handleMessage: E msg.what=131155
D/WifiStateMachine(  810): processMsg: ConnectedState
D/WifiStateMachine(  810): processMsg: L2ConnectedState
E/WifiManager(  810): calculateSignalLevel(), enter. rssi=-67 numLevels=5 getNameForPid(810)=system_server
D/WifiStateMachine(  810): handleMessage: X
D/dalvikvm(25667): GC_FOR_ALLOC freed 2047K, 44% free 6233K/11088K, paused 20ms, total 20ms
D/dalvikvm(25667): GC_FOR_ALLOC freed 2047K, 44% free 6233K/11088K, paused 27ms, total 27ms
D/dalvikvm(25667): GC_FOR_ALLOC freed 2047K, 44% free 6233K/11088K, paused 19ms, total 19ms
D/dalvikvm(25667): GC_FOR_ALLOC freed 2048K, 44% free 6233K/11088K, paused 20ms, total 20ms
D/dalvikvm(25667): GC_FOR_ALLOC freed 2047K, 44% free 6233K/11088K, paused 19ms, total 19ms
D/dalvikvm(25667): GC_FOR_ALLOC freed 2048K, 44% free 6233K/11088K, paused 19ms, total 19ms
D/dalvikvm(25667): GC_FOR_ALLOC freed 2047K, 44% free 6234K/11088K, paused 24ms, total 24ms
D/WifiStateMachine(  810): handleMessage: E msg.what=131155
D/WifiStateMachine(  810): processMsg: ConnectedState
D/WifiStateMachine(  810): processMsg: L2ConnectedState
E/WifiManager(  810): calculateSignalLevel(), enter. rssi=-67 numLevels=5 getNameForPid(810)=system_server
D/WifiStateMachine(  810): handleMessage: X
D/dalvikvm(25667): GC_FOR_ALLOC freed 2048K, 44% free 6234K/11088K, paused 19ms, total 19ms
V/Robocol (25667): received command: CMD_INIT_OP_MODE(10327) $Stop$Robot$
V/RobotCore(25667): waiting for service user linear op mode
V/RobotCore(25667): thread: ...terminating 'LinearOpMode main'
V/RobotCore(25667): awaitTermination returned, isTerminated=true
V/RobotCore(25667): executive service user linear op mode is terminated
I/RobotCore(25667): Attempting to switch to op mode $Stop$Robot$
V/Robocol (25667): sending CMD_INIT_OP_MODE_RESP(378), attempt: 0
V/Robocol (25667): received command: CMD_INIT_OP_MODE_RESP(378) $Stop$Robot$
V/Robocol (25667): received command: CMD_RUN_OP_MODE(10334) $Stop$Robot$
V/Robocol (25667): sending CMD_RUN_OP_MODE_RESP(383), attempt: 0
V/Robocol (25667): received command: CMD_RUN_OP_MODE_RESP(383) $Stop$Robot$
D/dalvikvm(25667): GC_FOR_ALLOC freed 2048K, 44% free 6233K/11088K, paused 24ms, total 25ms
D/dalvikvm(25667): GC_FOR_ALLOC freed 2048K, 44% free 6232K/11088K, paused 29ms, total 29ms
D/WifiStateMachine(  810): handleMessage: E msg.what=131155
D/WifiStateMachine(  810): processMsg: ConnectedState
D/WifiStateMachine(  810): processMsg: L2ConnectedState
E/WifiManager(  810): calculateSignalLevel(), enter. rssi=-67 numLevels=5 getNameForPid(810)=system_server
D/WifiStateMachine(  810): handleMessage: X
D/dalvikvm(25667): GC_FOR_ALLOC freed 2047K, 44% free 6232K/11088K, paused 23ms, total 23ms
D/dalvikvm(25667): GC_FOR_ALLOC freed 2048K, 44% free 6232K/11088K, paused 31ms, total 31ms
D/WifiStateMachine(  810): handleMessage: E msg.what=131155
D/WifiStateMachine(  810): processMsg: ConnectedState
D/WifiStateMachine(  810): processMsg: L2ConnectedState
E/WifiManager(  810): calculateSignalLevel(), enter. rssi=-68 numLevels=5 getNameForPid(810)=system_server
D/WifiStateMachine(  810): handleMessage: X
D/PowerManagerService_DumpWakeLock(  810): Dump interval is: 21 s
D/PowerManagerService_DumpWakeLock(  810):  Current State is: Awake
D/PowerManagerService_DumpWakeLock(  810): Screen off timeout: 1800000 ms
D/PowerManagerService_DumpWakeLock(  810): Screen dim duration: 7000 ms
D/PowerManagerService_DumpWakeLock(  810): Wake Locks: size=1
D/PowerManagerService_DumpWakeLock(  810):   SCREEN_BRIGHT_WAKE_LOCK        'WindowManager' ON_AFTER_RELEASE (uid=1000, pid=810, ws=WorkSource{10127})
D/PowerManagerService_DumpWakeLock(  810): Suspend Blockers: size=5
D/PowerManagerService_DumpWakeLock(  810):   PowerManagerService.WakeLocks: ref count=1
D/PowerManagerService_DumpWakeLock(  810):   PowerManagerService.Display: ref count=1
D/PowerManagerService_DumpWakeLock(  810):   PowerManagerService.Proximity: ref count=0
D/PowerManagerService_DumpWakeLock(  810):   PowerManagerService.Broadcasts: ref count=0
D/PowerManagerService_DumpWakeLock(  810):   PowerManagerService.WirelessChargerDetector: ref count=0
D/PowerManagerService_DumpWakeLock(  810): Screen On Blocker: held=false, mNestCount=0
D/PowerManagerService_DumpWakeLock(  810): Display Blanker: blanked=false
D/dalvikvm(25667): GC_FOR_ALLOC freed 2047K, 44% free 6233K/11088K, paused 42ms, total 42ms
D/dalvikvm(25667): GC_FOR_ALLOC freed 2048K, 44% free 6232K/11088K, paused 24ms, total 24ms
D/WifiStateMachine(  810): handleMessage: E msg.what=131155
D/WifiStateMachine(  810): processMsg: ConnectedState
D/WifiStateMachine(  810): processMsg: L2ConnectedState
E/WifiManager(  810): calculateSignalLevel(), enter. rssi=-70 numLevels=5 getNameForPid(810)=system_server
D/WifiStateMachine(  810): handleMessage: X
D/dalvikvm(25667): GC_FOR_ALLOC freed 2048K, 44% free 6232K/11088K, paused 24ms, total 24ms
D/dalvikvm(25667): GC_FOR_ALLOC freed 2047K, 44% free 6232K/11088K, paused 20ms, total 20ms
D/WifiStateMachine(  810): handleMessage: E msg.what=131155
D/WifiStateMachine(  810): processMsg: ConnectedState
D/WifiStateMachine(  810): processMsg: L2ConnectedState
E/WifiManager(  810): calculateSignalLevel(), enter. rssi=-69 numLevels=5 getNameForPid(810)=system_server
D/WifiStateMachine(  810): handleMessage: X
D/dalvikvm(25667): GC_FOR_ALLOC freed 2048K, 44% free 6232K/11088K, paused 33ms, total 33ms
D/dalvikvm(25667): GC_FOR_ALLOC freed 2047K, 44% free 6232K/11088K, paused 29ms, total 29ms
D/WifiStateMachine(  810): handleMessage: E msg.what=131155
D/WifiStateMachine(  810): processMsg: ConnectedState
D/WifiStateMachine(  810): processMsg: L2ConnectedState
E/WifiManager(  810): calculateSignalLevel(), enter. rssi=-68 numLevels=5 getNameForPid(810)=system_server
D/WifiStateMachine(  810): handleMessage: X
D/dalvikvm(25667): GC_FOR_ALLOC freed 2047K, 44% free 6232K/11088K, paused 27ms, total 27ms
D/dalvikvm(25667): GC_FOR_ALLOC freed 2048K, 44% free 6232K/11088K, paused 34ms, total 34ms
D/WifiStateMachine(  810): handleMessage: E msg.what=131155
D/WifiStateMachine(  810): processMsg: ConnectedState
D/WifiStateMachine(  810): processMsg: L2ConnectedState
E/WifiManager(  810): calculateSignalLevel(), enter. rssi=-71 numLevels=5 getNameForPid(810)=system_server
D/WifiStateMachine(  810): handleMessage: X
E/WifiManager(  967): calculateSignalLevel(), enter. rssi=-71 numLevels=5 getNameForPid(967)=com.android.systemui
D/StatusBar.NetworkController(  967): refreshViews: Data not connected!! Set no data type icon / Roaming
E/niejiyong(  967): SignalClusterView::mMobileType = android.widget.ImageView{41a19ef8 G.ED.... ......I. 0,0-0,0 #7f07002c app:id/mobile_type}
E/niejiyong(  967): SignalClusterView::mMobileActivity = android.widget.ImageView{41a1a1c8 G.ED.... ......I. 0,0-0,0 #7f07002d app:id/mobile_inout}
E/SignalClusterController(  967): onUpdateSignalClusterView mAloneDataIconId = 0
E/sunwei  (  967): netType = 0
E/niejiyong(  967): SignalClusterView::mMobileType = android.widget.ImageView{41a19ef8 G.ED.... ......I. 0,0-0,0 #7f07002c app:id/mobile_type}
E/niejiyong(  967): SignalClusterView::mMobileActivity = android.widget.ImageView{41a1a1c8 G.ED.... ......I. 0,0-0,0 #7f07002d app:id/mobile_inout}
E/SignalClusterController(  967): onUpdateSignalClusterView mAloneDataIconId = 0
E/sunwei  (  967): netType = 0
E/niejiyong(  967): SignalClusterView::mMobileType = android.widget.ImageView{41a19ef8 G.ED.... ......I. 0,0-0,0 #7f07002c app:id/mobile_type}
E/niejiyong(  967): SignalClusterView::mMobileActivity = android.widget.ImageView{41a1a1c8 G.ED.... ......I. 0,0-0,0 #7f07002d app:id/mobile_inout}
E/SignalClusterController(  967): onUpdateSignalClusterView mAloneDataIconId = 0
E/sunwei  (  967): netType = 0
D/dalvikvm(25667): GC_FOR_ALLOC freed 2048K, 44% free 6232K/11088K, paused 25ms, total 25ms
D/dalvikvm(25667): GC_FOR_ALLOC freed 2047K, 44% free 6233K/11088K, paused 30ms, total 30ms
D/WifiStateMachine(  810): handleMessage: E msg.what=131155
D/WifiStateMachine(  810): processMsg: ConnectedState
D/WifiStateMachine(  810): processMsg: L2ConnectedState
E/WifiManager(  810): calculateSignalLevel(), enter. rssi=-70 numLevels=5 getNameForPid(810)=system_server
D/WifiStateMachine(  810): handleMessage: X
E/WifiManager(  967): calculateSignalLevel(), enter. rssi=-70 numLevels=5 getNameForPid(967)=com.android.systemui
D/StatusBar.NetworkController(  967): refreshViews: Data not connected!! Set no data type icon / Roaming
E/niejiyong(  967): SignalClusterView::mMobileType = android.widget.ImageView{41a19ef8 G.ED.... ......I. 0,0-0,0 #7f07002c app:id/mobile_type}
E/niejiyong(  967): SignalClusterView::mMobileActivity = android.widget.ImageView{41a1a1c8 G.ED.... ......I. 0,0-0,0 #7f07002d app:id/mobile_inout}
E/SignalClusterController(  967): onUpdateSignalClusterView mAloneDataIconId = 0
E/sunwei  (  967): netType = 0
E/niejiyong(  967): SignalClusterView::mMobileType = android.widget.ImageView{41a19ef8 G.ED.... ......I. 0,0-0,0 #7f07002c app:id/mobile_type}
E/niejiyong(  967): SignalClusterView::mMobileActivity = android.widget.ImageView{41a1a1c8 G.ED.... ......I. 0,0-0,0 #7f07002d app:id/mobile_inout}
E/SignalClusterController(  967): onUpdateSignalClusterView mAloneDataIconId = 0
E/sunwei  (  967): netType = 0
E/niejiyong(  967): SignalClusterView::mMobileType = android.widget.ImageView{41a19ef8 G.ED.... ......I. 0,0-0,0 #7f07002c app:id/mobile_type}
E/niejiyong(  967): SignalClusterView::mMobileActivity = android.widget.ImageView{41a1a1c8 G.ED.... ......I. 0,0-0,0 #7f07002d app:id/mobile_inout}
E/SignalClusterController(  967): onUpdateSignalClusterView mAloneDataIconId = 0
E/sunwei  (  967): netType = 0
D/dalvikvm(25667): GC_FOR_ALLOC freed 2048K, 44% free 6232K/11088K, paused 19ms, total 19ms
D/dalvikvm(25667): GC_FOR_ALLOC freed 2048K, 44% free 6232K/11088K, paused 31ms, total 31ms
D/PowerManagerService(  810): sendPendingNotificationsLocked mSendGoToSleepFinishedNotificationWhenReady = false
D/PowerManagerService(  810): sendPendingNotificationsLocked mSendGoToSleepFinishedNotificationWhenReady = false
D/dalvikvm(25667): GC_FOR_ALLOC freed 2048K, 44% free 6232K/11088K, paused 24ms, total 25ms
D/WifiStateMachine(  810): handleMessage: E msg.what=131155
D/WifiStateMachine(  810): processMsg: ConnectedState
D/WifiStateMachine(  810): processMsg: L2ConnectedState
E/WifiManager(  810): calculateSignalLevel(), enter. rssi=-70 numLevels=5 getNameForPid(810)=system_server
D/WifiStateMachine(  810): handleMessage: X
V/Robocol (25667): received command: CMD_INIT_OP_MODE(10646) Beacons Autonomous Blue
I/RobotCore(25667): Attempting to switch to op mode Beacons Autonomous Blue
V/RobotCore(25667): thread: 'LinearOpMode main' starting...
V/Robocol (25667): sending CMD_INIT_OP_MODE_RESP(724), attempt: 0
V/Robocol (25667): received command: CMD_INIT_OP_MODE_RESP(724) Beacons Autonomous Blue
D/dalvikvm(25667): GC_FOR_ALLOC freed 2046K, 44% free 6234K/11088K, paused 26ms, total 26ms
D/dalvikvm(25667): GC_FOR_ALLOC freed 2048K, 44% free 6234K/11088K, paused 23ms, total 23ms
D/WifiStateMachine(  810): handleMessage: E msg.what=131155
D/WifiStateMachine(  810): processMsg: ConnectedState
D/WifiStateMachine(  810): processMsg: L2ConnectedState
E/WifiManager(  810): calculateSignalLevel(), enter. rssi=-73 numLevels=5 getNameForPid(810)=system_server
D/WifiStateMachine(  810): handleMessage: X
E/WifiManager(  967): calculateSignalLevel(), enter. rssi=-73 numLevels=5 getNameForPid(967)=com.android.systemui
D/StatusBar.NetworkController(  967): refreshViews: Data not connected!! Set no data type icon / Roaming
E/niejiyong(  967): SignalClusterView::mMobileType = android.widget.ImageView{41a19ef8 G.ED.... ......I. 0,0-0,0 #7f07002c app:id/mobile_type}
E/niejiyong(  967): SignalClusterView::mMobileActivity = android.widget.ImageView{41a1a1c8 G.ED.... ......I. 0,0-0,0 #7f07002d app:id/mobile_inout}
E/SignalClusterController(  967): onUpdateSignalClusterView mAloneDataIconId = 0
E/sunwei  (  967): netType = 0
E/niejiyong(  967): SignalClusterView::mMobileType = android.widget.ImageView{41a19ef8 G.ED.... ......I. 0,0-0,0 #7f07002c app:id/mobile_type}
E/niejiyong(  967): SignalClusterView::mMobileActivity = android.widget.ImageView{41a1a1c8 G.ED.... ......I. 0,0-0,0 #7f07002d app:id/mobile_inout}
E/SignalClusterController(  967): onUpdateSignalClusterView mAloneDataIconId = 0
E/sunwei  (  967): netType = 0
E/niejiyong(  967): SignalClusterView::mMobileType = android.widget.ImageView{41a19ef8 G.ED.... ......I. 0,0-0,0 #7f07002c app:id/mobile_type}
E/niejiyong(  967): SignalClusterView::mMobileActivity = android.widget.ImageView{41a1a1c8 G.ED.... ......I. 0,0-0,0 #7f07002d app:id/mobile_inout}
E/SignalClusterController(  967): onUpdateSignalClusterView mAloneDataIconId = 0
E/sunwei  (  967): netType = 0
D/LockScreen_KeyguardViewMediator(  967): setHidden false
D/LockScreen_KeyguardUpdateMonitor(  967): sendKeyguardVisibilityChanged(true)
D/LockScreen_KeyguardUpdateMonitor(  967): handleKeyguardVisibilityChanged(1)
D/DisplayPowerController(  810): ZTE_PM mPowerRequest.screenState is 2
D/DisplayPowerController(  810): ZTE_PM_PROX disable ProxSensor while NO useProximitySensor 
D/DisplayPowerController(  810): ZTE_PM_PROX setProximitySensorEnabled enable = false
D/DisplayPowerController(  810): ZTE_PM  setLightSensorEnabled enable = false updateAutoBrightness = false
D/PowerManagerService(  810): sendPendingNotificationsLocked mSendGoToSleepFinishedNotificationWhenReady = false
D/DisplayPowerState(  810): Updating screen state: onChanged=false, on= true, backlightChanged=true, backlight=137
D/DisplayPowerState(  810): Updating screen state: onChanged=false, on= true, backlightChanged=true, backlight=130
D/ledlog_java_com(  810): Excessive delay setting light: 66ms
D/DisplayPowerState(  810): Updating screen state: onChanged=false, on= true, backlightChanged=true, backlight=117
D/DisplayPowerState(  810): Updating screen state: onChanged=false, on= true, backlightChanged=true, backlight=107
D/DisplayPowerState(  810): Updating screen state: onChanged=false, on= true, backlightChanged=true, backlight=97
D/DisplayPowerState(  810): Updating screen state: onChanged=false, on= true, backlightChanged=true, backlight=87
D/ledlog_java_com(  810): Excessive delay setting light: 67ms
D/DisplayPowerState(  810): Updating screen state: onChanged=false, on= true, backlightChanged=true, backlight=73
D/DisplayPowerState(  810): Updating screen state: onChanged=false, on= true, backlightChanged=true, backlight=63
D/ledlog_java_com(  810): Excessive delay setting light: 66ms
D/DisplayPowerState(  810): Updating screen state: onChanged=false, on= true, backlightChanged=true, backlight=50
D/DisplayPowerState(  810): Updating screen state: onChanged=false, on= true, backlightChanged=true, backlight=40
D/ledlog_java_com(  810): Excessive delay setting light: 66ms
D/DisplayPowerState(  810): Updating screen state: onChanged=false, on= true, backlightChanged=true, backlight=27
D/DisplayPowerState(  810): Updating screen state: onChanged=false, on= true, backlightChanged=true, backlight=17
I/RobotCore(25667): Modern Robotics I2C Color Sensor, just changed I2C address. Original address: 76, new address: 76
D/DisplayPowerState(  810): Updating screen state: onChanged=false, on= true, backlightChanged=true, backlight=12
D/dalvikvm(25667): GC_FOR_ALLOC freed 2047K, 44% free 6234K/11088K, paused 26ms, total 27ms
D/dalvikvm(25667): GC_FOR_ALLOC freed 2047K, 44% free 6235K/11088K, paused 20ms, total 20ms
D/dalvikvm(25667): GC_FOR_ALLOC freed 2049K, 44% free 6233K/11088K, paused 20ms, total 20ms
D/dalvikvm(25667): GC_FOR_ALLOC freed 2047K, 44% free 6234K/11088K, paused 19ms, total 19ms
D/dalvikvm(25667): GC_FOR_ALLOC freed 2048K, 44% free 6233K/11088K, paused 19ms, total 19ms
D/dalvikvm(25667): GC_FOR_ALLOC freed 2047K, 44% free 6233K/11088K, paused 19ms, total 19ms
D/WifiStateMachine(  810): handleMessage: E msg.what=131155
D/WifiStateMachine(  810): processMsg: ConnectedState
D/WifiStateMachine(  810): processMsg: L2ConnectedState
E/WifiManager(  810): calculateSignalLevel(), enter. rssi=-73 numLevels=5 getNameForPid(810)=system_server
D/WifiStateMachine(  810): handleMessage: X
D/dalvikvm(25667): GC_FOR_ALLOC freed 2048K, 44% free 6233K/11088K, paused 19ms, total 19ms
D/dalvikvm(25667): GC_FOR_ALLOC freed 2047K, 44% free 6234K/11088K, paused 19ms, total 19ms
V/Robocol (25667): received command: CMD_RUN_OP_MODE(10713) Beacons Autonomous Blue
V/Robocol (25667): sending CMD_RUN_OP_MODE_RESP(796), attempt: 0
V/Robocol (25667): received command: CMD_RUN_OP_MODE_RESP(796) Beacons Autonomous Blue
D/dalvikvm(25667): GC_FOR_ALLOC freed 2048K, 44% free 6233K/11088K, paused 30ms, total 30ms
D/dalvikvm(25667): GC_FOR_ALLOC freed 2048K, 44% free 6233K/11088K, paused 19ms, total 19ms
D/dalvikvm(25667): GC_FOR_ALLOC freed 2047K, 44% free 6233K/11088K, paused 20ms, total 20ms
D/dalvikvm(25667): GC_FOR_ALLOC freed 2048K, 44% free 6233K/11088K, paused 21ms, total 21ms
D/dalvikvm(25667): GC_FOR_ALLOC freed 2047K, 44% free 6233K/11088K, paused 18ms, total 18ms
D/dalvikvm(25667): GC_FOR_ALLOC freed 2048K, 44% free 6233K/11088K, paused 19ms, total 19ms
D/PowerManagerService_DumpWakeLock(  810): Dump interval is: 26 s
D/PowerManagerService_DumpWakeLock(  810):  Current State is: Awake
D/PowerManagerService_DumpWakeLock(  810): Screen off timeout: 1800000 ms
D/PowerManagerService_DumpWakeLock(  810): Screen dim duration: 7000 ms
D/PowerManagerService_DumpWakeLock(  810): Wake Locks: size=1
D/PowerManagerService_DumpWakeLock(  810):   SCREEN_BRIGHT_WAKE_LOCK        'WindowManager' ON_AFTER_RELEASE (uid=1000, pid=810, ws=WorkSource{10127})
D/PowerManagerService_DumpWakeLock(  810): Suspend Blockers: size=5
D/PowerManagerService_DumpWakeLock(  810):   PowerManagerService.WakeLocks: ref count=1
D/PowerManagerService_DumpWakeLock(  810):   PowerManagerService.Display: ref count=1
D/PowerManagerService_DumpWakeLock(  810):   PowerManagerService.Proximity: ref count=0
D/PowerManagerService_DumpWakeLock(  810):   PowerManagerService.Broadcasts: ref count=0
D/PowerManagerService_DumpWakeLock(  810):   PowerManagerService.WirelessChargerDetector: ref count=0
D/PowerManagerService_DumpWakeLock(  810): Screen On Blocker: held=false, mNestCount=0
D/PowerManagerService_DumpWakeLock(  810): Display Blanker: blanked=false
D/dalvikvm(25667): GC_FOR_ALLOC freed 2048K, 44% free 6233K/11088K, paused 23ms, total 23ms
D/WifiStateMachine(  810): handleMessage: E msg.what=131155
D/WifiStateMachine(  810): processMsg: ConnectedState
D/WifiStateMachine(  810): processMsg: L2ConnectedState
E/WifiManager(  810): calculateSignalLevel(), enter. rssi=-71 numLevels=5 getNameForPid(810)=system_server
D/WifiStateMachine(  810): handleMessage: X
D/dalvikvm(25667): GC_FOR_ALLOC freed 2047K, 44% free 6233K/11088K, paused 20ms, total 20ms
D/dalvikvm(25667): GC_FOR_ALLOC freed 2048K, 44% free 6233K/11088K, paused 19ms, total 19ms
D/dalvikvm(25667): GC_FOR_ALLOC freed 2047K, 44% free 6233K/11088K, paused 24ms, total 24ms
D/dalvikvm(25667): GC_FOR_ALLOC freed 2048K, 44% free 6233K/11088K, paused 19ms, total 19ms
D/dalvikvm(25667): GC_FOR_ALLOC freed 2047K, 44% free 6233K/11088K, paused 21ms, total 21ms
D/dalvikvm(25667): GC_FOR_ALLOC freed 2047K, 44% free 6233K/11088K, paused 24ms, total 24ms
D/WifiStateMachine(  810): handleMessage: E msg.what=131155
D/WifiStateMachine(  810): processMsg: ConnectedState
D/WifiStateMachine(  810): processMsg: L2ConnectedState
E/WifiManager(  810): calculateSignalLevel(), enter. rssi=-70 numLevels=5 getNameForPid(810)=system_server
D/WifiStateMachine(  810): handleMessage: X
E/WifiManager(  967): calculateSignalLevel(), enter. rssi=-70 numLevels=5 getNameForPid(967)=com.android.systemui
D/StatusBar.NetworkController(  967): refreshViews: Data not connected!! Set no data type icon / Roaming
E/niejiyong(  967): SignalClusterView::mMobileType = android.widget.ImageView{41a19ef8 G.ED.... ......I. 0,0-0,0 #7f07002c app:id/mobile_type}
E/niejiyong(  967): SignalClusterView::mMobileActivity = android.widget.ImageView{41a1a1c8 G.ED.... ......I. 0,0-0,0 #7f07002d app:id/mobile_inout}
E/SignalClusterController(  967): onUpdateSignalClusterView mAloneDataIconId = 0
E/sunwei  (  967): netType = 0
E/niejiyong(  967): SignalClusterView::mMobileType = android.widget.ImageView{41a19ef8 G.ED.... ......I. 0,0-0,0 #7f07002c app:id/mobile_type}
E/niejiyong(  967): SignalClusterView::mMobileActivity = android.widget.ImageView{41a1a1c8 G.ED.... ......I. 0,0-0,0 #7f07002d app:id/mobile_inout}
E/SignalClusterController(  967): onUpdateSignalClusterView mAloneDataIconId = 0
E/sunwei  (  967): netType = 0
E/niejiyong(  967): SignalClusterView::mMobileType = android.widget.ImageView{41a19ef8 G.ED.... ......I. 0,0-0,0 #7f07002c app:id/mobile_type}
E/niejiyong(  967): SignalClusterView::mMobileActivity = android.widget.ImageView{41a1a1c8 G.ED.... ......I. 0,0-0,0 #7f07002d app:id/mobile_inout}
E/SignalClusterController(  967): onUpdateSignalClusterView mAloneDataIconId = 0
E/sunwei  (  967): netType = 0
D/dalvikvm(25667): GC_FOR_ALLOC freed 2047K, 44% free 6233K/11088K, paused 23ms, total 23ms
D/dalvikvm(25667): GC_FOR_ALLOC freed 2047K, 44% free 6234K/11088K, paused 20ms, total 20ms
D/dalvikvm(25667): GC_FOR_ALLOC freed 2048K, 44% free 6233K/11088K, paused 20ms, total 20ms
D/dalvikvm(25667): GC_FOR_ALLOC freed 2048K, 44% free 6233K/11088K, paused 19ms, total 19ms
D/dalvikvm(25667): GC_FOR_ALLOC freed 2047K, 44% free 6233K/11088K, paused 18ms, total 18ms
D/WifiStateMachine(  810): handleMessage: E msg.what=131155
D/WifiStateMachine(  810): processMsg: ConnectedState
D/WifiStateMachine(  810): processMsg: L2ConnectedState
E/WifiManager(  810): calculateSignalLevel(), enter. rssi=-70 numLevels=5 getNameForPid(810)=system_server
D/WifiStateMachine(  810): handleMessage: X
D/dalvikvm(25667): GC_FOR_ALLOC freed 2047K, 44% free 6234K/11088K, paused 32ms, total 32ms
D/dalvikvm(25667): GC_FOR_ALLOC freed 2047K, 44% free 6234K/11088K, paused 26ms, total 26ms
D/dalvikvm(25667): GC_FOR_ALLOC freed 2048K, 44% free 6233K/11088K, paused 18ms, total 18ms
D/dalvikvm(25667): GC_FOR_ALLOC freed 2047K, 44% free 6234K/11088K, paused 21ms, total 21ms
D/WifiStateMachine(  810): handleMessage: E msg.what=131155
D/WifiStateMachine(  810): processMsg: ConnectedState
D/WifiStateMachine(  810): processMsg: L2ConnectedState
E/WifiManager(  810): calculateSignalLevel(), enter. rssi=-69 numLevels=5 getNameForPid(810)=system_server
D/WifiStateMachine(  810): handleMessage: X
D/dalvikvm(25667): GC_FOR_ALLOC freed 2047K, 44% free 6234K/11088K, paused 20ms, total 20ms
D/dalvikvm(25667): GC_FOR_ALLOC freed 2048K, 44% free 6234K/11088K, paused 24ms, total 24ms
D/dalvikvm(25667): GC_FOR_ALLOC freed 2047K, 44% free 6234K/11088K, paused 20ms, total 20ms
D/dalvikvm(25667): GC_FOR_ALLOC freed 2048K, 44% free 6234K/11088K, paused 20ms, total 20ms
D/dalvikvm(25667): GC_FOR_ALLOC freed 2047K, 44% free 6234K/11088K, paused 19ms, total 19ms
D/dalvikvm(25667): GC_FOR_ALLOC freed 2047K, 44% free 6234K/11088K, paused 19ms, total 19ms
D/BatteryService(  810): ZTE Sending ACTION_BATTERY_CHANGED.  level:53, scale:100, status:3, health:2, present:true, voltage: 3783, temperature: 290, technology: Li-ion, AC powered:false, USB powered:false, Wireless powered:false, icon:17302952, invalid charger:0
D/LockScreen_KeyguardUpdateMonitor(  967): received broadcast android.intent.action.BATTERY_CHANGED
D/LockScreen_DMLockCodeController(  967): canAcceptIntent - can: false
D/LockScreen_CMASAlertController(  967): canAcceptIntent - can: false
D/LockScreen_KeyguardUpdateMonitor(  967): handleBatteryUpdate
D/WifiApPowerMode(  810): ACTION_BATTERY_CHANGED received. pluggedType=0 mUSBConnected=false
D/PowerManagerService(  810): sendPendingNotificationsLocked mSendGoToSleepFinishedNotificationWhenReady = false
D/WifiController(  810): battery changed pluggedType: 0
D/dalvikvm(25667): GC_FOR_ALLOC freed 2048K, 44% free 6234K/11088K, paused 20ms, total 20ms
V/Robocol (25667): received command: CMD_INIT_OP_MODE(10872) $Stop$Robot$
V/RobotCore(25667): waiting for service user linear op mode
V/RobotCore(25667): thread: ...terminating 'LinearOpMode main'
V/RobotCore(25667): awaitTermination returned, isTerminated=true
V/RobotCore(25667): executive service user linear op mode is terminated
I/RobotCore(25667): Attempting to switch to op mode $Stop$Robot$
V/Robocol (25667): sending CMD_INIT_OP_MODE_RESP(971), attempt: 0
V/Robocol (25667): received command: CMD_INIT_OP_MODE_RESP(971) $Stop$Robot$
V/Robocol (25667): received command: CMD_RUN_OP_MODE(10878) $Stop$Robot$
V/Robocol (25667): sending CMD_RUN_OP_MODE_RESP(977), attempt: 0
V/Robocol (25667): received command: CMD_RUN_OP_MODE_RESP(977) $Stop$Robot$
D/WifiStateMachine(  810): handleMessage: E msg.what=131155
D/WifiStateMachine(  810): processMsg: ConnectedState
D/WifiStateMachine(  810): processMsg: L2ConnectedState
E/WifiManager(  810): calculateSignalLevel(), enter. rssi=-66 numLevels=5 getNameForPid(810)=system_server
D/WifiStateMachine(  810): handleMessage: X
D/dalvikvm(25667): GC_FOR_ALLOC freed 2049K, 44% free 6233K/11088K, paused 21ms, total 21ms
D/dalvikvm(25667): GC_FOR_ALLOC freed 2048K, 44% free 6232K/11088K, paused 23ms, total 23ms
D/WifiStateMachine(  810): handleMessage: E msg.what=131155
D/WifiStateMachine(  810): processMsg: ConnectedState
D/WifiStateMachine(  810): processMsg: L2ConnectedState
E/WifiManager(  810): calculateSignalLevel(), enter. rssi=-68 numLevels=5 getNameForPid(810)=system_server
D/WifiStateMachine(  810): handleMessage: X
D/dalvikvm(25667): GC_FOR_ALLOC freed 2047K, 44% free 6232K/11088K, paused 25ms, total 25ms
D/dalvikvm(25667): GC_FOR_ALLOC freed 2047K, 44% free 6232K/11088K, paused 25ms, total 25ms
D/WifiStateMachine(  810): handleMessage: E msg.what=131155
D/WifiStateMachine(  810): processMsg: ConnectedState
D/WifiStateMachine(  810): processMsg: L2ConnectedState
E/WifiManager(  810): calculateSignalLevel(), enter. rssi=-70 numLevels=5 getNameForPid(810)=system_server
D/WifiStateMachine(  810): handleMessage: X
D/dalvikvm(25667): GC_FOR_ALLOC freed 2048K, 44% free 6232K/11088K, paused 24ms, total 24ms
D/dalvikvm(25667): GC_FOR_ALLOC freed 2047K, 44% free 6232K/11088K, paused 36ms, total 36ms
D/WifiStateMachine(  810): handleMessage: E msg.what=131155
D/dalvikvm(25667): GC_FOR_ALLOC freed 2048K, 44% free 6232K/11088K, paused 34ms, total 34ms
D/WifiStateMachine(  810): processMsg: ConnectedState
D/WifiStateMachine(  810): processMsg: L2ConnectedState
E/WifiManager(  810): calculateSignalLevel(), enter. rssi=-70 numLevels=5 getNameForPid(810)=system_server
D/WifiStateMachine(  810): handleMessage: X
D/dalvikvm(25667): GC_FOR_ALLOC freed 2047K, 44% free 6232K/11088K, paused 20ms, total 20ms
W/AlarmManager(  810): Alarm triggering: Alarm{421f28a0 type 3 android}
D/PowerManagerService(  810): sendPendingNotificationsLocked mSendGoToSleepFinishedNotificationWhenReady = false
D/LockScreen_KeyguardUpdateMonitor(  967): received broadcast android.intent.action.TIME_TICK
D/LockScreen_DMLockCodeController(  967): canAcceptIntent - can: false
D/LockScreen_CMASAlertController(  967): canAcceptIntent - can: false
D/LockScreen_KeyguardUpdateMonitor(  967): handleTimeUpdate
E/niejiyong(  967): WeatherService is Running
E/niejiyong(  967): Weather process is Running
E/niejiyong(  967): WeatherService is Running
E/niejiyong(  967): Weather process is Running
D/haha    ( 1075): mDateTimeReceiver intent::Intent { act=android.intent.action.TIME_TICK flg=0x50000014 (has extras) }
E/niejiyong( 1075): TypeBWeatherWidget :: performUpdate..
E/niejiyong( 1075): TypeBWeatherWidget :: performUpdate..cityLocationId = cityId:0
D/haha    ( 1075): WeatherWidget update  AmPm=1,  Hour=8,  Minute=17
D/PowerManagerService(  810): sendPendingNotificationsLocked mSendGoToSleepFinishedNotificationWhenReady = false
D/dalvikvm(25667): GC_FOR_ALLOC freed 2048K, 44% free 6232K/11088K, paused 28ms, total 28ms
D/WifiStateMachine(  810): handleMessage: E msg.what=131155
D/WifiStateMachine(  810): processMsg: ConnectedState
D/WifiStateMachine(  810): processMsg: L2ConnectedState
E/WifiManager(  810): calculateSignalLevel(), enter. rssi=-73 numLevels=5 getNameForPid(810)=system_server
D/WifiStateMachine(  810): handleMessage: X
E/WifiManager(  967): calculateSignalLevel(), enter. rssi=-73 numLevels=5 getNameForPid(967)=com.android.systemui
D/StatusBar.NetworkController(  967): refreshViews: Data not connected!! Set no data type icon / Roaming
E/niejiyong(  967): SignalClusterView::mMobileType = android.widget.ImageView{41a19ef8 G.ED.... ......I. 0,0-0,0 #7f07002c app:id/mobile_type}
E/niejiyong(  967): SignalClusterView::mMobileActivity = android.widget.ImageView{41a1a1c8 G.ED.... ......I. 0,0-0,0 #7f07002d app:id/mobile_inout}
E/SignalClusterController(  967): onUpdateSignalClusterView mAloneDataIconId = 0
E/sunwei  (  967): netType = 0
E/niejiyong(  967): SignalClusterView::mMobileType = android.widget.ImageView{41a19ef8 G.ED.... ......I. 0,0-0,0 #7f07002c app:id/mobile_type}
E/niejiyong(  967): SignalClusterView::mMobileActivity = android.widget.ImageView{41a1a1c8 G.ED.... ......I. 0,0-0,0 #7f07002d app:id/mobile_inout}
E/SignalClusterController(  967): onUpdateSignalClusterView mAloneDataIconId = 0
E/sunwei  (  967): netType = 0
E/niejiyong(  967): SignalClusterView::mMobileType = android.widget.ImageView{41a19ef8 G.ED.... ......I. 0,0-0,0 #7f07002c app:id/mobile_type}
E/niejiyong(  967): SignalClusterView::mMobileActivity = android.widget.ImageView{41a1a1c8 G.ED.... ......I. 0,0-0,0 #7f07002d app:id/mobile_inout}
E/SignalClusterController(  967): onUpdateSignalClusterView mAloneDataIconId = 0
E/sunwei  (  967): netType = 0
D/dalvikvm(25667): GC_FOR_ALLOC freed 2047K, 44% free 6233K/11088K, paused 36ms, total 36ms
D/dalvikvm(25667): GC_FOR_ALLOC freed 2048K, 44% free 6232K/11088K, paused 23ms, total 23ms
D/WifiStateMachine(  810): handleMessage: E msg.what=131155
D/WifiStateMachine(  810): processMsg: ConnectedState
D/WifiStateMachine(  810): processMsg: L2ConnectedState
E/WifiManager(  810): calculateSignalLevel(), enter. rssi=-76 numLevels=5 getNameForPid(810)=system_server
D/WifiStateMachine(  810): handleMessage: X
D/dalvikvm(25667): GC_FOR_ALLOC freed 2047K, 44% free 6233K/11088K, paused 30ms, total 30ms
D/dalvikvm(25667): GC_FOR_ALLOC freed 2048K, 44% free 6233K/11088K, paused 24ms, total 24ms
D/WifiStateMachine(  810): handleMessage: E msg.what=131155
D/WifiStateMachine(  810): processMsg: ConnectedState
D/WifiStateMachine(  810): processMsg: L2ConnectedState
E/WifiManager(  810): calculateSignalLevel(), enter. rssi=-74 numLevels=5 getNameForPid(810)=system_server
D/WifiStateMachine(  810): handleMessage: X
D/dalvikvm(25667): GC_FOR_ALLOC freed 2048K, 44% free 6232K/11088K, paused 23ms, total 23ms
D/dalvikvm(25667): GC_FOR_ALLOC freed 2048K, 44% free 6232K/11088K, paused 37ms, total 37ms
D/WifiStateMachine(  810): handleMessage: E msg.what=131155
D/WifiStateMachine(  810): processMsg: ConnectedState
D/WifiStateMachine(  810): processMsg: L2ConnectedState
E/WifiManager(  810): calculateSignalLevel(), enter. rssi=-72 numLevels=5 getNameForPid(810)=system_server
D/WifiStateMachine(  810): handleMessage: X
D/PowerManagerService_DumpWakeLock(  810): Dump interval is: 33 s
D/PowerManagerService_DumpWakeLock(  810):  Current State is: Awake
D/PowerManagerService_DumpWakeLock(  810): Screen off timeout: 1800000 ms
D/PowerManagerService_DumpWakeLock(  810): Screen dim duration: 7000 ms
D/PowerManagerService_DumpWakeLock(  810): Wake Locks: size=1
D/PowerManagerService_DumpWakeLock(  810):   SCREEN_BRIGHT_WAKE_LOCK        'WindowManager' ON_AFTER_RELEASE (uid=1000, pid=810, ws=WorkSource{10127})
D/PowerManagerService_DumpWakeLock(  810): Suspend Blockers: size=5
D/PowerManagerService_DumpWakeLock(  810):   PowerManagerService.WakeLocks: ref count=1
D/PowerManagerService_DumpWakeLock(  810):   PowerManagerService.Display: ref count=1
D/PowerManagerService_DumpWakeLock(  810):   PowerManagerService.Proximity: ref count=0
D/PowerManagerService_DumpWakeLock(  810):   PowerManagerService.Broadcasts: ref count=0
D/PowerManagerService_DumpWakeLock(  810):   PowerManagerService.WirelessChargerDetector: ref count=0
D/PowerManagerService_DumpWakeLock(  810): Screen On Blocker: held=false, mNestCount=0
D/PowerManagerService_DumpWakeLock(  810): Display Blanker: blanked=false
D/dalvikvm(25667): GC_FOR_ALLOC freed 2047K, 44% free 6232K/11088K, paused 26ms, total 26ms
D/dalvikvm(25667): GC_FOR_ALLOC freed 2047K, 44% free 6232K/11088K, paused 23ms, total 23ms
D/WifiStateMachine(  810): handleMessage: E msg.what=131155
D/WifiStateMachine(  810): processMsg: ConnectedState
D/WifiStateMachine(  810): processMsg: L2ConnectedState
E/WifiManager(  810): calculateSignalLevel(), enter. rssi=-71 numLevels=5 getNameForPid(810)=system_server
D/WifiStateMachine(  810): handleMessage: X
D/dalvikvm(25667): GC_FOR_ALLOC freed 2048K, 44% free 6232K/11088K, paused 22ms, total 22ms
D/dalvikvm(25667): GC_FOR_ALLOC freed 2047K, 44% free 6232K/11088K, paused 22ms, total 22ms
D/WifiStateMachine(  810): handleMessage: E msg.what=131155
D/WifiStateMachine(  810): processMsg: ConnectedState
D/WifiStateMachine(  810): processMsg: L2ConnectedState
E/WifiManager(  810): calculateSignalLevel(), enter. rssi=-72 numLevels=5 getNameForPid(810)=system_server
D/WifiStateMachine(  810): handleMessage: X
D/dalvikvm(25667): GC_FOR_ALLOC freed 2048K, 44% free 6232K/11088K, paused 20ms, total 20ms
D/dalvikvm(25667): GC_FOR_ALLOC freed 2047K, 44% free 6233K/11088K, paused 25ms, total 25ms
D/dalvikvm(25667): GC_FOR_ALLOC freed 2048K, 44% free 6232K/11088K, paused 23ms, total 23ms
D/WifiStateMachine(  810): handleMessage: E msg.what=131155
D/WifiStateMachine(  810): processMsg: ConnectedState
D/WifiStateMachine(  810): processMsg: L2ConnectedState
E/WifiManager(  810): calculateSignalLevel(), enter. rssi=-73 numLevels=5 getNameForPid(810)=system_server
D/WifiStateMachine(  810): handleMessage: X
D/dalvikvm(25667): GC_FOR_ALLOC freed 2047K, 44% free 6233K/11088K, paused 23ms, total 23ms
D/dalvikvm(25667): GC_FOR_ALLOC freed 2048K, 44% free 6232K/11088K, paused 31ms, total 31ms
D/WifiStateMachine(  810): handleMessage: E msg.what=131155
D/WifiStateMachine(  810): processMsg: ConnectedState
D/WifiStateMachine(  810): processMsg: L2ConnectedState
E/WifiManager(  810): calculateSignalLevel(), enter. rssi=-75 numLevels=5 getNameForPid(810)=system_server
D/WifiStateMachine(  810): handleMessage: X
D/dalvikvm(25667): GC_FOR_ALLOC freed 2047K, 44% free 6233K/11088K, paused 22ms, total 22ms
D/dalvikvm(25667): GC_FOR_ALLOC freed 2048K, 44% free 6232K/11088K, paused 23ms, total 23ms
D/WifiStateMachine(  810): handleMessage: E msg.what=131155
D/WifiStateMachine(  810): processMsg: ConnectedState
D/WifiStateMachine(  810): processMsg: L2ConnectedState
E/WifiManager(  810): calculateSignalLevel(), enter. rssi=-75 numLevels=5 getNameForPid(810)=system_server
D/WifiStateMachine(  810): handleMessage: X
D/dalvikvm(25667): GC_FOR_ALLOC freed 2048K, 44% free 6232K/11088K, paused 23ms, total 23ms
D/dalvikvm(25667): GC_FOR_ALLOC freed 2047K, 44% free 6232K/11088K, paused 24ms, total 24ms
D/WifiStateMachine(  810): handleMessage: E msg.what=131155
D/WifiStateMachine(  810): processMsg: ConnectedState
D/WifiStateMachine(  810): processMsg: L2ConnectedState
E/WifiManager(  810): calculateSignalLevel(), enter. rssi=-75 numLevels=5 getNameForPid(810)=system_server
D/WifiStateMachine(  810): handleMessage: X
D/dalvikvm(25667): GC_FOR_ALLOC freed 2048K, 44% free 6232K/11088K, paused 33ms, total 33ms
D/dalvikvm(25667): GC_FOR_ALLOC freed 2047K, 44% free 6232K/11088K, paused 25ms, total 25ms
D/WifiStateMachine(  810): handleMessage: E msg.what=131155
D/WifiStateMachine(  810): processMsg: ConnectedState
D/WifiStateMachine(  810): processMsg: L2ConnectedState
E/WifiManager(  810): calculateSignalLevel(), enter. rssi=-75 numLevels=5 getNameForPid(810)=system_server
D/WifiStateMachine(  810): handleMessage: X
D/dalvikvm(25667): GC_FOR_ALLOC freed 2048K, 44% free 6232K/11088K, paused 26ms, total 26ms
D/WifiApPowerMode(  810): ACTION_BATTERY_CHANGED received. pluggedType=0 mUSBConnected=false
D/LockScreen_KeyguardUpdateMonitor(  967): received broadcast android.intent.action.BATTERY_CHANGED
D/LockScreen_DMLockCodeController(  967): canAcceptIntent - can: false
D/LockScreen_CMASAlertController(  967): canAcceptIntent - can: false
D/LockScreen_KeyguardUpdateMonitor(  967): handleBatteryUpdate
D/BatteryService(  810): ZTE Sending ACTION_BATTERY_CHANGED.  level:53, scale:100, status:3, health:2, present:true, voltage: 3806, temperature: 290, technology: Li-ion, AC powered:false, USB powered:false, Wireless powered:false, icon:17302952, invalid charger:0
D/WifiController(  810): battery changed pluggedType: 0
D/PowerManagerService(  810): sendPendingNotificationsLocked mSendGoToSleepFinishedNotificationWhenReady = false
D/dalvikvm(25667): GC_FOR_ALLOC freed 2047K, 44% free 6233K/11088K, paused 24ms, total 24ms
D/WifiStateMachine(  810): handleMessage: E msg.what=131155
D/WifiStateMachine(  810): processMsg: ConnectedState
D/WifiStateMachine(  810): processMsg: L2ConnectedState
E/WifiManager(  810): calculateSignalLevel(), enter. rssi=-74 numLevels=5 getNameForPid(810)=system_server
D/WifiStateMachine(  810): handleMessage: X
D/dalvikvm(25667): GC_FOR_ALLOC freed 2048K, 44% free 6232K/11088K, paused 33ms, total 33ms
D/dalvikvm(25667): GC_FOR_ALLOC freed 2048K, 44% free 6232K/11088K, paused 30ms, total 30ms
D/dalvikvm(25667): GC_FOR_ALLOC freed 2047K, 44% free 6233K/11088K, paused 33ms, total 33ms
D/WifiStateMachine(  810): handleMessage: E msg.what=131155
D/WifiStateMachine(  810): processMsg: ConnectedState
D/WifiStateMachine(  810): processMsg: L2ConnectedState
E/WifiManager(  810): calculateSignalLevel(), enter. rssi=-76 numLevels=5 getNameForPid(810)=system_server
D/WifiStateMachine(  810): handleMessage: X
D/dalvikvm(25667): GC_FOR_ALLOC freed 2048K, 44% free 6232K/11088K, paused 24ms, total 24ms
D/dalvikvm(25667): GC_FOR_ALLOC freed 2048K, 44% free 6232K/11088K, paused 23ms, total 23ms
D/WifiStateMachine(  810): handleMessage: E msg.what=131155
D/WifiStateMachine(  810): processMsg: ConnectedState
D/WifiStateMachine(  810): processMsg: L2ConnectedState
E/WifiManager(  810): calculateSignalLevel(), enter. rssi=-77 numLevels=5 getNameForPid(810)=system_server
D/WifiStateMachine(  810): handleMessage: X
D/dalvikvm(25667): GC_FOR_ALLOC freed 2048K, 44% free 6232K/11088K, paused 29ms, total 29ms
D/dalvikvm(25667): GC_FOR_ALLOC freed 2047K, 44% free 6232K/11088K, paused 25ms, total 25ms
D/WifiStateMachine(  810): handleMessage: E msg.what=131155
D/WifiStateMachine(  810): processMsg: ConnectedState
D/WifiStateMachine(  810): processMsg: L2ConnectedState
E/WifiManager(  810): calculateSignalLevel(), enter. rssi=-78 numLevels=5 getNameForPid(810)=system_server
D/WifiStateMachine(  810): handleMessage: X
D/dalvikvm(25667): GC_FOR_ALLOC freed 2048K, 44% free 6232K/11088K, paused 23ms, total 23ms
D/dalvikvm(25667): GC_FOR_ALLOC freed 2047K, 44% free 6232K/11088K, paused 25ms, total 25ms
D/WifiStateMachine(  810): handleMessage: E msg.what=131155
D/WifiStateMachine(  810): processMsg: ConnectedState
D/WifiStateMachine(  810): processMsg: L2ConnectedState
E/WifiManager(  810): calculateSignalLevel(), enter. rssi=-78 numLevels=5 getNameForPid(810)=system_server
D/WifiStateMachine(  810): handleMessage: X
D/dalvikvm(25667): GC_FOR_ALLOC freed 2048K, 44% free 6232K/11088K, paused 24ms, total 24ms
D/LockScreen_KeyguardUpdateMonitor(  967): received broadcast android.intent.action.BATTERY_CHANGED
D/LockScreen_DMLockCodeController(  967): canAcceptIntent - can: false
D/LockScreen_CMASAlertController(  967): canAcceptIntent - can: false
D/WifiApPowerMode(  810): ACTION_BATTERY_CHANGED received. pluggedType=0 mUSBConnected=false
D/BatteryService(  810): ZTE Sending ACTION_BATTERY_CHANGED.  level:53, scale:100, status:3, health:2, present:true, voltage: 3791, temperature: 290, technology: Li-ion, AC powered:false, USB powered:false, Wireless powered:false, icon:17302952, invalid charger:0
D/PowerManagerService(  810): sendPendingNotificationsLocked mSendGoToSleepFinishedNotificationWhenReady = false
D/LockScreen_KeyguardUpdateMonitor(  967): handleBatteryUpdate
D/WifiController(  810): battery changed pluggedType: 0
D/dalvikvm(25667): GC_FOR_ALLOC freed 2047K, 44% free 6233K/11088K, paused 26ms, total 26ms
D/WifiStateMachine(  810): handleMessage: E msg.what=131155
D/WifiStateMachine(  810): processMsg: ConnectedState
D/WifiStateMachine(  810): processMsg: L2ConnectedState
E/WifiManager(  810): calculateSignalLevel(), enter. rssi=-78 numLevels=5 getNameForPid(810)=system_server
D/WifiStateMachine(  810): handleMessage: X
D/dalvikvm(25667): GC_FOR_ALLOC freed 2048K, 44% free 6233K/11088K, paused 29ms, total 29ms
D/dalvikvm(25667): GC_FOR_ALLOC freed 2048K, 44% free 6232K/11088K, paused 24ms, total 24ms
D/WifiStateMachine(  810): handleMessage: E msg.what=131155
D/WifiStateMachine(  810): processMsg: ConnectedState
D/WifiStateMachine(  810): processMsg: L2ConnectedState
E/WifiManager(  810): calculateSignalLevel(), enter. rssi=-77 numLevels=5 getNameForPid(810)=system_server
D/WifiStateMachine(  810): handleMessage: X
D/dalvikvm(25667): GC_FOR_ALLOC freed 2047K, 44% free 6232K/11088K, paused 24ms, total 24ms
D/dalvikvm(25667): GC_FOR_ALLOC freed 2048K, 44% free 6232K/11088K, paused 44ms, total 44ms
D/WifiStateMachine(  810): handleMessage: E msg.what=131155
D/WifiStateMachine(  810): processMsg: ConnectedState
D/WifiStateMachine(  810): processMsg: L2ConnectedState
E/WifiManager(  810): calculateSignalLevel(), enter. rssi=-77 numLevels=5 getNameForPid(810)=system_server
D/WifiStateMachine(  810): handleMessage: X
D/dalvikvm(25667): GC_FOR_ALLOC freed 2047K, 44% free 6232K/11088K, paused 34ms, total 34ms
D/dalvikvm(25667): GC_FOR_ALLOC freed 2047K, 44% free 6233K/11088K, paused 32ms, total 32ms
D/WifiStateMachine(  810): handleMessage: E msg.what=131155
D/WifiStateMachine(  810): processMsg: ConnectedState
D/WifiStateMachine(  810): processMsg: L2ConnectedState
E/WifiManager(  810): calculateSignalLevel(), enter. rssi=-78 numLevels=5 getNameForPid(810)=system_server
D/WifiStateMachine(  810): handleMessage: X
D/dalvikvm(25667): GC_FOR_ALLOC freed 2048K, 44% free 6232K/11088K, paused 23ms, total 23ms
D/dalvikvm(25667): GC_FOR_ALLOC freed 2048K, 44% free 6232K/11088K, paused 24ms, total 24ms
W/AlarmManager(  810): Alarm triggering: Alarm{422cd340 type 3 android}
D/LockScreen_KeyguardUpdateMonitor(  967): received broadcast android.intent.action.TIME_TICK
D/LockScreen_DMLockCodeController(  967): canAcceptIntent - can: false
D/LockScreen_CMASAlertController(  967): canAcceptIntent - can: false
D/PowerManagerService(  810): sendPendingNotificationsLocked mSendGoToSleepFinishedNotificationWhenReady = false
D/LockScreen_KeyguardUpdateMonitor(  967): handleTimeUpdate
E/niejiyong(  967): WeatherService is Running
E/niejiyong(  967): Weather process is Running
E/niejiyong(  967): WeatherService is Running
E/niejiyong(  967): Weather process is Running
D/haha    ( 1075): mDateTimeReceiver intent::Intent { act=android.intent.action.TIME_TICK flg=0x50000014 (has extras) }
E/niejiyong( 1075): TypeBWeatherWidget :: performUpdate..
E/niejiyong( 1075): TypeBWeatherWidget :: performUpdate..cityLocationId = cityId:0
D/haha    ( 1075): WeatherWidget update  AmPm=1,  Hour=8,  Minute=18
D/PowerManagerService(  810): sendPendingNotificationsLocked mSendGoToSleepFinishedNotificationWhenReady = false
D/dalvikvm(25667): GC_FOR_ALLOC freed 2048K, 44% free 6232K/11088K, paused 22ms, total 22ms
D/WifiStateMachine(  810): handleMessage: E msg.what=131155
D/WifiStateMachine(  810): processMsg: ConnectedState
D/WifiStateMachine(  810): processMsg: L2ConnectedState
E/WifiManager(  810): calculateSignalLevel(), enter. rssi=-77 numLevels=5 getNameForPid(810)=system_server
D/WifiStateMachine(  810): handleMessage: X
D/dalvikvm(25667): GC_FOR_ALLOC freed 2047K, 44% free 6233K/11088K, paused 22ms, total 22ms
W/GLSActivity( 1289): getAuthToken called with non existant account: pranavsivaraman@gmail.com
E/PlayEventLogger( 1701): Failed to get auth token: no such account
E/PlayEventLogger( 1701): android.accounts.AuthenticatorException: no such account
E/PlayEventLogger( 1701): 	at android.accounts.AccountManager.convertErrorToException(AccountManager.java:1726)
E/PlayEventLogger( 1701): 	at android.accounts.AccountManager.access$400(AccountManager.java:144)
E/PlayEventLogger( 1701): 	at android.accounts.AccountManager$AmsTask$Response.onError(AccountManager.java:1572)
E/PlayEventLogger( 1701): 	at android.accounts.IAccountManagerResponse$Stub.onTransact(IAccountManagerResponse.java:69)
E/PlayEventLogger( 1701): 	at android.os.Binder.execTransact(Binder.java:404)
E/PlayEventLogger( 1701): 	at dalvik.system.NativeStart.run(Native Method)
W/PlayEventLogger( 1701): deferring log upload because couldn't retrieve auth token
D/dalvikvm(25667): GC_FOR_ALLOC freed 2048K, 44% free 6232K/11088K, paused 31ms, total 31ms
D/WifiStateMachine(  810): handleMessage: E msg.what=131155
D/WifiStateMachine(  810): processMsg: ConnectedState
D/WifiStateMachine(  810): processMsg: L2ConnectedState
E/WifiManager(  810): calculateSignalLevel(), enter. rssi=-76 numLevels=5 getNameForPid(810)=system_server
D/WifiStateMachine(  810): handleMessage: X
D/dalvikvm(25667): GC_FOR_ALLOC freed 2048K, 44% free 6232K/11088K, paused 28ms, total 28ms
D/dalvikvm(25667): GC_FOR_ALLOC freed 2047K, 44% free 6233K/11088K, paused 26ms, total 26ms
D/WifiStateMachine(  810): handleMessage: E msg.what=131155
D/WifiStateMachine(  810): processMsg: ConnectedState
D/WifiStateMachine(  810): processMsg: L2ConnectedState
E/WifiManager(  810): calculateSignalLevel(), enter. rssi=-76 numLevels=5 getNameForPid(810)=system_server
D/WifiStateMachine(  810): handleMessage: X
D/dalvikvm(25667): GC_FOR_ALLOC freed 2048K, 44% free 6232K/11088K, paused 24ms, total 24ms
D/dalvikvm(25667): GC_FOR_ALLOC freed 2047K, 44% free 6232K/11088K, paused 26ms, total 26ms
D/WifiStateMachine(  810): handleMessage: E msg.what=131155
D/WifiStateMachine(  810): processMsg: ConnectedState
D/WifiStateMachine(  810): processMsg: L2ConnectedState
E/WifiManager(  810): calculateSignalLevel(), enter. rssi=-77 numLevels=5 getNameForPid(810)=system_server
D/WifiStateMachine(  810): handleMessage: X
D/PowerManagerService_DumpWakeLock(  810): Dump interval is: 59 s
D/PowerManagerService_DumpWakeLock(  810):  Current State is: Awake
D/PowerManagerService_DumpWakeLock(  810): Screen off timeout: 1800000 ms
D/PowerManagerService_DumpWakeLock(  810): Screen dim duration: 7000 ms
D/PowerManagerService_DumpWakeLock(  810): Wake Locks: size=1
D/PowerManagerService_DumpWakeLock(  810):   SCREEN_BRIGHT_WAKE_LOCK        'WindowManager' ON_AFTER_RELEASE (uid=1000, pid=810, ws=WorkSource{10127})
D/PowerManagerService_DumpWakeLock(  810): Suspend Blockers: size=5
D/PowerManagerService_DumpWakeLock(  810):   PowerManagerService.WakeLocks: ref count=1
D/PowerManagerService_DumpWakeLock(  810):   PowerManagerService.Display: ref count=1
D/PowerManagerService_DumpWakeLock(  810):   PowerManagerService.Proximity: ref count=0
D/PowerManagerService_DumpWakeLock(  810):   PowerManagerService.Broadcasts: ref count=0
D/PowerManagerService_DumpWakeLock(  810):   PowerManagerService.WirelessChargerDetector: ref count=0
D/PowerManagerService_DumpWakeLock(  810): Screen On Blocker: held=false, mNestCount=0
D/PowerManagerService_DumpWakeLock(  810): Display Blanker: blanked=false
D/dalvikvm(25667): GC_FOR_ALLOC freed 2047K, 44% free 6233K/11088K, paused 23ms, total 23ms
D/dalvikvm(25667): GC_FOR_ALLOC freed 2048K, 44% free 6232K/11088K, paused 34ms, total 34ms
D/WifiStateMachine(  810): handleMessage: E msg.what=131155
