D/WifiStateMachine(  810): processMsg: ConnectedState
D/WifiStateMachine(  810): processMsg: L2ConnectedState
E/WifiManager(  810): calculateSignalLevel(), enter. rssi=-76 numLevels=5 getNameForPid(810)=system_server
D/WifiStateMachine(  810): handleMessage: X
D/dalvikvm(25667): GC_FOR_ALLOC freed 2047K, 44% free 6233K/11088K, paused 30ms, total 30ms
D/dalvikvm(25667): GC_FOR_ALLOC freed 2048K, 44% free 6232K/11088K, paused 30ms, total 30ms
D/WifiStateMachine(  810): handleMessage: E msg.what=131155
D/WifiStateMachine(  810): processMsg: ConnectedState
D/WifiStateMachine(  810): processMsg: L2ConnectedState
E/WifiManager(  810): calculateSignalLevel(), enter. rssi=-77 numLevels=5 getNameForPid(810)=system_server
D/WifiStateMachine(  810): handleMessage: X
D/dalvikvm(25667): GC_FOR_ALLOC freed 2047K, 44% free 6232K/11088K, paused 26ms, total 26ms
D/dalvikvm(25667): GC_FOR_ALLOC freed 2048K, 44% free 6232K/11088K, paused 36ms, total 36ms
D/WifiStateMachine(  810): handleMessage: E msg.what=131155
D/WifiStateMachine(  810): processMsg: ConnectedState
D/WifiStateMachine(  810): processMsg: L2ConnectedState
E/WifiManager(  810): calculateSignalLevel(), enter. rssi=-79 numLevels=5 getNameForPid(810)=system_server
D/WifiStateMachine(  810): handleMessage: X
D/dalvikvm(25667): GC_FOR_ALLOC freed 2047K, 44% free 6232K/11088K, paused 33ms, total 33ms
D/dalvikvm(25667): GC_FOR_ALLOC freed 2047K, 44% free 6232K/11088K, paused 27ms, total 27ms
D/WifiStateMachine(  810): handleMessage: E msg.what=131155
D/WifiStateMachine(  810): processMsg: ConnectedState
D/WifiStateMachine(  810): processMsg: L2ConnectedState
E/WifiManager(  810): calculateSignalLevel(), enter. rssi=-75 numLevels=5 getNameForPid(810)=system_server
D/WifiStateMachine(  810): handleMessage: X
D/dalvikvm(25667): GC_FOR_ALLOC freed 2047K, 44% free 6232K/11088K, paused 26ms, total 26ms
D/dalvikvm(25667): GC_FOR_ALLOC freed 2047K, 44% free 6233K/11088K, paused 26ms, total 26ms
D/WifiStateMachine(  810): handleMessage: E msg.what=131155
D/WifiStateMachine(  810): processMsg: ConnectedState
D/WifiStateMachine(  810): processMsg: L2ConnectedState
E/WifiManager(  810): calculateSignalLevel(), enter. rssi=-77 numLevels=5 getNameForPid(810)=system_server
D/WifiStateMachine(  810): handleMessage: X
D/dalvikvm(25667): GC_FOR_ALLOC freed 2048K, 44% free 6232K/11088K, paused 23ms, total 23ms
D/dalvikvm(25667): GC_FOR_ALLOC freed 2047K, 44% free 6233K/11088K, paused 26ms, total 26ms
D/WifiStateMachine(  810): handleMessage: E msg.what=131155
D/WifiStateMachine(  810): processMsg: ConnectedState
D/WifiStateMachine(  810): processMsg: L2ConnectedState
E/WifiManager(  810): calculateSignalLevel(), enter. rssi=-78 numLevels=5 getNameForPid(810)=system_server
D/WifiStateMachine(  810): handleMessage: X
D/dalvikvm(25667): GC_FOR_ALLOC freed 2047K, 44% free 6233K/11088K, paused 36ms, total 36ms
D/dalvikvm(25667): GC_FOR_ALLOC freed 2048K, 44% free 6232K/11088K, paused 30ms, total 30ms
D/WifiStateMachine(  810): handleMessage: E msg.what=131155
D/WifiStateMachine(  810): processMsg: ConnectedState
D/WifiStateMachine(  810): processMsg: L2ConnectedState
E/WifiManager(  810): calculateSignalLevel(), enter. rssi=-76 numLevels=5 getNameForPid(810)=system_server
D/WifiStateMachine(  810): handleMessage: X
D/dalvikvm(25667): GC_FOR_ALLOC freed 2048K, 44% free 6232K/11088K, paused 26ms, total 26ms
D/dalvikvm(25667): GC_FOR_ALLOC freed 2048K, 44% free 6232K/11088K, paused 35ms, total 35ms
D/dalvikvm(25667): GC_FOR_ALLOC freed 2047K, 44% free 6233K/11088K, paused 24ms, total 24ms
D/WifiStateMachine(  810): handleMessage: E msg.what=131155
D/WifiStateMachine(  810): processMsg: ConnectedState
D/WifiStateMachine(  810): processMsg: L2ConnectedState
E/WifiManager(  810): calculateSignalLevel(), enter. rssi=-77 numLevels=5 getNameForPid(810)=system_server
D/WifiStateMachine(  810): handleMessage: X
D/dalvikvm(25667): GC_FOR_ALLOC freed 2048K, 44% free 6232K/11088K, paused 23ms, total 23ms
I/RobotCore(25667): Battery Checker, Level Remaining: 53.0
I/RobotCore(25667): Battery Checker, Level Remaining: 53.0
D/dalvikvm(25667): GC_FOR_ALLOC freed 2047K, 44% free 6232K/11088K, paused 28ms, total 28ms
D/WifiStateMachine(  810): handleMessage: E msg.what=131155
D/WifiStateMachine(  810): processMsg: ConnectedState
D/WifiStateMachine(  810): processMsg: L2ConnectedState
E/WifiManager(  810): calculateSignalLevel(), enter. rssi=-81 numLevels=5 getNameForPid(810)=system_server
D/WifiStateMachine(  810): handleMessage: X
D/AndroidRuntime(28271): 
D/AndroidRuntime(28271): >>>>>> AndroidRuntime START com.android.internal.os.RuntimeInit <<<<<<
D/AndroidRuntime(28271): CheckJNI is OFF
D/dalvikvm(28271): Trying to load lib libjavacore.so 0x0
D/dalvikvm(28271): Added shared lib libjavacore.so 0x0
D/dalvikvm(28271): Trying to load lib libnativehelper.so 0x0
D/dalvikvm(28271): Added shared lib libnativehelper.so 0x0
D/dalvikvm(28271): No JNI_OnLoad found in libnativehelper.so 0x0, skipping init
D/dalvikvm(25667): GC_FOR_ALLOC freed 2047K, 44% free 6232K/11088K, paused 22ms, total 22ms
D/dalvikvm(28271): Note: class Landroid/app/ActivityManagerNative; has 179 unimplemented (abstract) methods
D/AndroidRuntime(28271): Calling main entry com.android.commands.pm.Pm
D/AndroidRuntime(28271): Shutting down VM
D/jdwp    (28271): Got wake-up signal, bailing out of select
D/dalvikvm(28271): Debugger has detached; object registry had 1 entries
I/RobotCore(25667): robot battery read duration: n=10, mean=4.132ms sd=6.743ms
D/AndroidRuntime(28307): 
D/AndroidRuntime(28307): >>>>>> AndroidRuntime START com.android.internal.os.RuntimeInit <<<<<<
D/dalvikvm(25667): GC_FOR_ALLOC freed 2046K, 44% free 6234K/11088K, paused 19ms, total 19ms
D/AndroidRuntime(28307): CheckJNI is OFF
D/dalvikvm(28307): Trying to load lib libjavacore.so 0x0
D/dalvikvm(28307): Added shared lib libjavacore.so 0x0
D/dalvikvm(28307): Trying to load lib libnativehelper.so 0x0
D/dalvikvm(28307): Added shared lib libnativehelper.so 0x0
D/dalvikvm(28307): No JNI_OnLoad found in libnativehelper.so 0x0, skipping init
D/dalvikvm(28307): Note: class Landroid/app/ActivityManagerNative; has 179 unimplemented (abstract) methods
D/AndroidRuntime(28307): Calling main entry com.android.commands.pm.Pm
D/AndroidRuntime(28307): Shutting down VM
D/jdwp    (28307): Got wake-up signal, bailing out of select
D/dalvikvm(28307): Debugger has detached; object registry had 1 entries
D/WifiStateMachine(  810): handleMessage: E msg.what=131155
D/WifiStateMachine(  810): processMsg: ConnectedState
D/WifiStateMachine(  810): processMsg: L2ConnectedState
E/WifiManager(  810): calculateSignalLevel(), enter. rssi=-81 numLevels=5 getNameForPid(810)=system_server
D/WifiStateMachine(  810): handleMessage: X
D/dalvikvm(25667): GC_FOR_ALLOC freed 2047K, 44% free 6234K/11088K, paused 34ms, total 34ms
D/dalvikvm(25667): GC_FOR_ALLOC freed 2048K, 44% free 6234K/11088K, paused 24ms, total 24ms
D/WifiStateMachine(  810): handleMessage: E msg.what=131155
D/WifiStateMachine(  810): processMsg: ConnectedState
D/WifiStateMachine(  810): processMsg: L2ConnectedState
E/WifiManager(  810): calculateSignalLevel(), enter. rssi=-77 numLevels=5 getNameForPid(810)=system_server
D/WifiStateMachine(  810): handleMessage: X
D/dalvikvm(25667): GC_FOR_ALLOC freed 2047K, 44% free 6234K/11088K, paused 34ms, total 34ms
D/dalvikvm(25667): GC_FOR_ALLOC freed 2048K, 44% free 6234K/11088K, paused 25ms, total 25ms
D/WifiStateMachine(  810): handleMessage: E msg.what=131155
D/WifiStateMachine(  810): processMsg: ConnectedState
D/WifiStateMachine(  810): processMsg: L2ConnectedState
E/WifiManager(  810): calculateSignalLevel(), enter. rssi=-74 numLevels=5 getNameForPid(810)=system_server
D/WifiStateMachine(  810): handleMessage: X
D/dalvikvm(25667): GC_FOR_ALLOC freed 2048K, 44% free 6234K/11088K, paused 25ms, total 25ms
D/dalvikvm(25667): GC_FOR_ALLOC freed 2047K, 44% free 6234K/11088K, paused 28ms, total 28ms
D/WifiApPowerMode(  810): ACTION_BATTERY_CHANGED received. pluggedType=0 mUSBConnected=false
D/LockScreen_KeyguardUpdateMonitor(  967): received broadcast android.intent.action.BATTERY_CHANGED
D/LockScreen_DMLockCodeController(  967): canAcceptIntent - can: false
D/LockScreen_CMASAlertController(  967): canAcceptIntent - can: false
D/LockScreen_KeyguardUpdateMonitor(  967): handleBatteryUpdate
D/BatteryService(  810): ZTE Sending ACTION_BATTERY_CHANGED.  level:53, scale:100, status:3, health:2, present:true, voltage: 3768, temperature: 290, technology: Li-ion, AC powered:false, USB powered:false, Wireless powered:false, icon:17302952, invalid charger:0
D/WifiController(  810): battery changed pluggedType: 0
D/PowerManagerService(  810): sendPendingNotificationsLocked mSendGoToSleepFinishedNotificationWhenReady = false
D/PowerManagerService(  810): sendPendingNotificationsLocked mSendGoToSleepFinishedNotificationWhenReady = false
D/PowerManagerService(  810): sendPendingNotificationsLocked mSendGoToSleepFinishedNotificationWhenReady = false
D/dalvikvm(25667): GC_FOR_ALLOC freed 2048K, 44% free 6234K/11088K, paused 30ms, total 30ms
D/WifiStateMachine(  810): handleMessage: E msg.what=131155
D/WifiStateMachine(  810): processMsg: ConnectedState
D/WifiStateMachine(  810): processMsg: L2ConnectedState
E/WifiManager(  810): calculateSignalLevel(), enter. rssi=-75 numLevels=5 getNameForPid(810)=system_server
D/WifiStateMachine(  810): handleMessage: X
D/dalvikvm(25667): GC_FOR_ALLOC freed 2047K, 44% free 6234K/11088K, paused 23ms, total 23ms
D/dalvikvm(25667): GC_FOR_ALLOC freed 2047K, 44% free 6234K/11088K, paused 24ms, total 24ms
D/WifiStateMachine(  810): handleMessage: E msg.what=131155
D/WifiStateMachine(  810): processMsg: ConnectedState
D/WifiStateMachine(  810): processMsg: L2ConnectedState
E/WifiManager(  810): calculateSignalLevel(), enter. rssi=-75 numLevels=5 getNameForPid(810)=system_server
D/WifiStateMachine(  810): handleMessage: X
D/dalvikvm(25667): GC_FOR_ALLOC freed 2048K, 44% free 6234K/11088K, paused 25ms, total 25ms
D/PowerManagerService(  810): sendPendingNotificationsLocked mSendGoToSleepFinishedNotificationWhenReady = false
D/dalvikvm(25667): GC_FOR_ALLOC freed 2047K, 44% free 6234K/11088K, paused 24ms, total 24ms
D/PowerManagerService(  810): sendPendingNotificationsLocked mSendGoToSleepFinishedNotificationWhenReady = false
D/WifiStateMachine(  810): handleMessage: E msg.what=131155
D/WifiStateMachine(  810): processMsg: ConnectedState
D/WifiStateMachine(  810): processMsg: L2ConnectedState
E/WifiManager(  810): calculateSignalLevel(), enter. rssi=-73 numLevels=5 getNameForPid(810)=system_server
D/WifiStateMachine(  810): handleMessage: X
D/dalvikvm(25667): GC_FOR_ALLOC freed 2047K, 44% free 6234K/11088K, paused 25ms, total 25ms
D/dalvikvm(25667): GC_FOR_ALLOC freed 2048K, 44% free 6234K/11088K, paused 26ms, total 26ms
D/dalvikvm(25667): GC_FOR_ALLOC freed 2047K, 44% free 6234K/11088K, paused 23ms, total 23ms
D/WifiStateMachine(  810): handleMessage: E msg.what=131155
D/WifiStateMachine(  810): processMsg: ConnectedState
D/WifiStateMachine(  810): processMsg: L2ConnectedState
E/WifiManager(  810): calculateSignalLevel(), enter. rssi=-74 numLevels=5 getNameForPid(810)=system_server
D/WifiStateMachine(  810): handleMessage: X
D/dalvikvm(25667): GC_FOR_ALLOC freed 2047K, 44% free 6234K/11088K, paused 21ms, total 21ms
W/AlarmManager(  810): Alarm triggering: Alarm{4226e9e8 type 3 android}
D/LockScreen_KeyguardUpdateMonitor(  967): received broadcast android.intent.action.TIME_TICK
D/LockScreen_DMLockCodeController(  967): canAcceptIntent - can: false
D/LockScreen_CMASAlertController(  967): canAcceptIntent - can: false
D/LockScreen_KeyguardUpdateMonitor(  967): handleTimeUpdate
D/PowerManagerService(  810): sendPendingNotificationsLocked mSendGoToSleepFinishedNotificationWhenReady = false
E/niejiyong(  967): WeatherService is Running
E/niejiyong(  967): Weather process is Running
E/niejiyong(  967): WeatherService is Running
E/niejiyong(  967): Weather process is Running
D/haha    ( 1075): mDateTimeReceiver intent::Intent { act=android.intent.action.TIME_TICK flg=0x50000014 (has extras) }
E/niejiyong( 1075): TypeBWeatherWidget :: performUpdate..
E/niejiyong( 1075): TypeBWeatherWidget :: performUpdate..cityLocationId = cityId:0
D/haha    ( 1075): WeatherWidget update  AmPm=1,  Hour=8,  Minute=19
D/PowerManagerService(  810): sendPendingNotificationsLocked mSendGoToSleepFinishedNotificationWhenReady = false
D/PowerManagerService(  810): sendPendingNotificationsLocked mSendGoToSleepFinishedNotificationWhenReady = false
D/PowerManagerService(  810): sendPendingNotificationsLocked mSendGoToSleepFinishedNotificationWhenReady = false
D/dalvikvm(25667): GC_FOR_ALLOC freed 2048K, 44% free 6234K/11088K, paused 23ms, total 23ms
D/WifiStateMachine(  810): handleMessage: E msg.what=131155
D/WifiStateMachine(  810): processMsg: ConnectedState
D/WifiStateMachine(  810): processMsg: L2ConnectedState
E/WifiManager(  810): calculateSignalLevel(), enter. rssi=-74 numLevels=5 getNameForPid(810)=system_server
D/WifiStateMachine(  810): handleMessage: X
D/dalvikvm(25667): GC_FOR_ALLOC freed 2047K, 44% free 6234K/11088K, paused 26ms, total 26ms
D/dalvikvm(25667): GC_FOR_ALLOC freed 2048K, 44% free 6234K/11088K, paused 32ms, total 32ms
D/WifiStateMachine(  810): handleMessage: E msg.what=131155
D/WifiStateMachine(  810): processMsg: ConnectedState
D/WifiStateMachine(  810): processMsg: L2ConnectedState
E/WifiManager(  810): calculateSignalLevel(), enter. rssi=-73 numLevels=5 getNameForPid(810)=system_server
D/WifiStateMachine(  810): handleMessage: X
D/PowerManagerService(  810): sendPendingNotificationsLocked mSendGoToSleepFinishedNotificationWhenReady = false
D/PowerManagerService(  810): sendPendingNotificationsLocked mSendGoToSleepFinishedNotificationWhenReady = false
D/dalvikvm(25667): GC_FOR_ALLOC freed 2047K, 44% free 6234K/11088K, paused 24ms, total 24ms
D/dalvikvm(25667): GC_FOR_ALLOC freed 2047K, 44% free 6234K/11088K, paused 27ms, total 27ms
D/WifiStateMachine(  810): handleMessage: E msg.what=131155
D/WifiStateMachine(  810): processMsg: ConnectedState
D/WifiStateMachine(  810): processMsg: L2ConnectedState
E/WifiManager(  810): calculateSignalLevel(), enter. rssi=-73 numLevels=5 getNameForPid(810)=system_server
D/WifiStateMachine(  810): handleMessage: X
D/dalvikvm(25667): GC_FOR_ALLOC freed 2048K, 44% free 6234K/11088K, paused 28ms, total 28ms
D/PowerManagerService(  810): sendPendingNotificationsLocked mSendGoToSleepFinishedNotificationWhenReady = false
D/dalvikvm(25667): GC_FOR_ALLOC freed 2047K, 44% free 6234K/11088K, paused 32ms, total 32ms
D/PowerManagerService(  810): sendPendingNotificationsLocked mSendGoToSleepFinishedNotificationWhenReady = false
D/dalvikvm(25667): GC_FOR_ALLOC freed 2047K, 44% free 6234K/11088K, paused 22ms, total 22ms
D/WifiStateMachine(  810): handleMessage: E msg.what=131155
D/WifiStateMachine(  810): processMsg: ConnectedState
D/WifiStateMachine(  810): processMsg: L2ConnectedState
E/WifiManager(  810): calculateSignalLevel(), enter. rssi=-73 numLevels=5 getNameForPid(810)=system_server
D/WifiStateMachine(  810): handleMessage: X
D/dalvikvm(25667): GC_FOR_ALLOC freed 2048K, 44% free 6234K/11088K, paused 26ms, total 26ms
D/dalvikvm(25667): GC_FOR_ALLOC freed 2048K, 44% free 6234K/11088K, paused 37ms, total 38ms
D/PowerManagerService(  810): sendPendingNotificationsLocked mSendGoToSleepFinishedNotificationWhenReady = false
D/PowerManagerService(  810): sendPendingNotificationsLocked mSendGoToSleepFinishedNotificationWhenReady = false
D/WifiStateMachine(  810): handleMessage: E msg.what=131155
D/WifiStateMachine(  810): processMsg: ConnectedState
D/WifiStateMachine(  810): processMsg: L2ConnectedState
E/WifiManager(  810): calculateSignalLevel(), enter. rssi=-73 numLevels=5 getNameForPid(810)=system_server
D/WifiStateMachine(  810): handleMessage: X
D/AndroidRuntime(28779): 
D/AndroidRuntime(28779): >>>>>> AndroidRuntime START com.android.internal.os.RuntimeInit <<<<<<
D/AndroidRuntime(28779): CheckJNI is OFF
D/dalvikvm(28779): Trying to load lib libjavacore.so 0x0
D/dalvikvm(28779): Added shared lib libjavacore.so 0x0
D/dalvikvm(28779): Trying to load lib libnativehelper.so 0x0
D/dalvikvm(28779): Added shared lib libnativehelper.so 0x0
D/dalvikvm(28779): No JNI_OnLoad found in libnativehelper.so 0x0, skipping init
D/dalvikvm(28779): Note: class Landroid/app/ActivityManagerNative; has 179 unimplemented (abstract) methods
D/dalvikvm(25667): GC_FOR_ALLOC freed 2047K, 44% free 6234K/11088K, paused 20ms, total 20ms
D/AndroidRuntime(28779): Calling main entry com.android.commands.pm.Pm
I/Finsky  ( 4124): [1] com.google.android.vending.verifier.PackageVerificationReceiver.onReceive(41): Verification requested, id = 2
W/ActivityManager(  810): No content provider found for permission revoke: file:///data/local/tmp/com.qualcomm.ftcrobotcontroller
D/dalvikvm( 4124): GC_CONCURRENT freed 1932K, 65% free 3972K/11088K, paused 3ms+5ms, total 33ms
D/dalvikvm(25667): GC_FOR_ALLOC freed 2048K, 44% free 6234K/11088K, paused 19ms, total 19ms
D/dalvikvm( 4124): GC_CONCURRENT freed 1982K, 64% free 4042K/11088K, paused 5ms+5ms, total 24ms
W/Finsky  ( 4124): [329] com.google.android.finsky.FinskyApp.i(1558): No account configured on this device.
I/Finsky  ( 4124): [329] com.google.android.finsky.services.ForegroundCoordinator.a(103): Task 7 requested foreground
I/Finsky  ( 4124): [329] com.google.android.finsky.services.ForegroundCoordinator.a(115): Not entering foreground
D/dalvikvm(25667): GC_FOR_ALLOC freed 2047K, 44% free 6234K/11088K, paused 19ms, total 19ms
I/qtaguid ( 4124): Failed write_ctrl(u 78) res=-1 errno=22
I/qtaguid ( 4124): Untagging socket 78 failed errno=-22
W/NetworkManagementSocketTagger( 4124): untagSocket(78) failed with errno -22
I/Finsky  ( 4124): [1] com.google.android.vending.verifier.ab.a_(1746): Verification id=2 response=0
I/Finsky  ( 4124): [1] com.google.android.vending.verifier.v.b(194): Verification complete: id=2, package_name=com.qualcomm.ftcrobotcontroller
I/Finsky  ( 4124): [1] com.google.android.vending.verifier.v.k(7973): Verifying id=2, result=1
D/WifiStateMachine(  810): handleMessage: E msg.what=131155
D/WifiStateMachine(  810): processMsg: ConnectedState
D/WifiStateMachine(  810): processMsg: L2ConnectedState
E/WifiManager(  810): calculateSignalLevel(), enter. rssi=-74 numLevels=5 getNameForPid(810)=system_server
D/WifiStateMachine(  810): handleMessage: X
W/ActivityManager(  810): No content provider found for permission revoke: file:///data/local/tmp/com.qualcomm.ftcrobotcontroller
I/PackageManager(  810): Copying native libraries to /data/app-lib/vmdl1365828668
D/dalvikvm(25667): GC_FOR_ALLOC freed 2047K, 44% free 6234K/11088K, paused 22ms, total 22ms
D/dalvikvm(  810): GC_CONCURRENT freed 2328K, 17% free 14524K/17340K, paused 4ms+12ms, total 106ms
D/dalvikvm(  810): WAIT_FOR_CONCURRENT_GC blocked 98ms
D/dalvikvm(  810): GC_FOR_ALLOC freed 926K, 18% free 14459K/17520K, paused 101ms, total 104ms
D/dalvikvm(25667): GC_FOR_ALLOC freed 2048K, 44% free 6234K/11088K, paused 19ms, total 19ms
D/dalvikvm(  810): GC_FOR_ALLOC freed 807K, 18% free 14464K/17520K, paused 85ms, total 85ms
I/ActivityManager(  810): Force stopping com.qualcomm.ftcrobotcontroller appid=10127 user=-1: uninstall pkg
I/ActivityManager(  810): Killing 25667:com.qualcomm.ftcrobotcontroller/u0a127 (adj 0): stop com.qualcomm.ftcrobotcontroller
F/ActivityManager(  810): Service ServiceRecord{4257d8b8 u0 com.qualcomm.ftcrobotcontroller/com.qualcomm.ftccommon.FtcRobotControllerService} in process ProcessRecord{419288d0 25667:com.qualcomm.ftcrobotcontroller/u0a127} not same as in map: null
W/ActivityManager(  810): Force removing ActivityRecord{41ac74e0 u0 com.qualcomm.ftcrobotcontroller/org.firstinspires.ftc.robotcontroller.internal.FtcRobotControllerActivity t10}: app died, no saved state
D/LockScreen_KeyguardViewMediator(  967): setHidden false
D/LockScreen_KeyguardUpdateMonitor(  967): sendKeyguardVisibilityChanged(true)
D/LockScreen_KeyguardUpdateMonitor(  967): handleKeyguardVisibilityChanged(1)
D/LockScreen_KeyguardViewMediator(  967): setHidden false
D/LockScreen_KeyguardUpdateMonitor(  967): sendKeyguardVisibilityChanged(true)
D/LockScreen_KeyguardUpdateMonitor(  967): handleKeyguardVisibilityChanged(1)
D/WifiService(  810): Client connection lost with reason: 4
I/WindowState(  810): WIN DEATH: Window{41937670 u0 com.qualcomm.ftcrobotcontroller/org.firstinspires.ftc.robotcontroller.internal.FtcRobotControllerActivity}
D/WifiService(  810): releaseWifiLockLocked: WifiLock{ type=3 binder=android.os.BinderProxy@421da158}
D/LockScreen_KeyguardViewMediator(  967): setHidden false
D/LockScreen_KeyguardUpdateMonitor(  967): sendKeyguardVisibilityChanged(true)
D/LockScreen_KeyguardUpdateMonitor(  967): handleKeyguardVisibilityChanged(1)
D/PowerManagerService(  810): sendPendingNotificationsLocked mSendGoToSleepFinishedNotificationWhenReady = false
D/LightsService(  810):  Trun on the button and after 2000s,then turn off the button !
D/PowerManagerService(  810): sendPendingNotificationsLocked mSendGoToSleepFinishedNotificationWhenReady = false
D/DisplayPowerController(  810): ZTE_PM mPowerRequest.screenState is 2
D/DisplayPowerController(  810): ZTE_PM_PROX disable ProxSensor while NO useProximitySensor 
D/DisplayPowerController(  810): ZTE_PM_PROX setProximitySensorEnabled enable = false
D/DisplayPowerController(  810): ZTE_PM  setLightSensorEnabled enable = false updateAutoBrightness = false
D/PowerManagerService(  810): sendPendingNotificationsLocked mSendGoToSleepFinishedNotificationWhenReady = false
W/SurfaceFlinger(  255): couldn't log to binary event log: overflow.
D/DisplayPowerState(  810): Updating screen state: onChanged=false, on= true, backlightChanged=true, backlight=13
I/PackageManager(  810): Package com.qualcomm.ftcrobotcontroller codePath changed from /data/app/com.qualcomm.ftcrobotcontroller-2.apk to /data/app/com.qualcomm.ftcrobotcontroller-1.apk; Retaining data and using new
D/LockScreen_KeyguardViewMediator(  967): setHidden false
D/LockScreen_KeyguardUpdateMonitor(  967): sendKeyguardVisibilityChanged(true)
D/ledlog_java_com(  810): Excessive delay setting light: 66ms
D/AutotriggerReceiver( 4378): [onReceive]  Intent { act=android.intent.action.DROPBOX_ENTRY_ADDED flg=0x10 cmp=com.qualcomm.logkit/.autotrigger.AutotriggerReceiver (has extras) }
D/DisplayPowerState(  810): Updating screen state: onChanged=false, on= true, backlightChanged=true, backlight=26
D/LockScreen_KeyguardViewMediator(  967): setHidden false
D/LockScreen_KeyguardUpdateMonitor(  967): sendKeyguardVisibilityChanged(true)
D/LockScreen_KeyguardUpdateMonitor(  967): handleKeyguardVisibilityChanged(1)
D/LockScreen_KeyguardUpdateMonitor(  967): handleKeyguardVisibilityChanged(1)
D/LockScreen_KeyguardViewMediator(  967): setHidden false
D/LockScreen_KeyguardUpdateMonitor(  967): sendKeyguardVisibilityChanged(true)
D/LockScreen_KeyguardUpdateMonitor(  967): handleKeyguardVisibilityChanged(1)
D/DisplayPowerState(  810): Updating screen state: onChanged=false, on= true, backlightChanged=true, backlight=33
D/dalvikvm( 1237): GC_CONCURRENT freed 9844K, 62% free 17306K/45380K, paused 5ms+3ms, total 44ms
D/dalvikvm( 1237): WAIT_FOR_CONCURRENT_GC blocked 34ms
I/Timeline(  967): Timeline: Activity_idle id: android.os.BinderProxy@41db2678 time:6758283
D/LockScreen_KeyguardViewMediator(  967): setHidden false
D/LockScreen_KeyguardUpdateMonitor(  967): sendKeyguardVisibilityChanged(true)
D/LockScreen_KeyguardUpdateMonitor(  967): handleKeyguardVisibilityChanged(1)
D/LockScreen_KeyguardViewMediator(  967): setHidden false
D/LockScreen_KeyguardUpdateMonitor(  967): sendKeyguardVisibilityChanged(true)
D/LockScreen_KeyguardUpdateMonitor(  967): handleKeyguardVisibilityChanged(1)
D/LockScreen_KeyguardViewMediator(  967): setHidden false
D/LockScreen_KeyguardUpdateMonitor(  967): sendKeyguardVisibilityChanged(true)
D/LockScreen_KeyguardUpdateMonitor(  967): handleKeyguardVisibilityChanged(1)
I/PackageManager(  810): Running dexopt on: com.qualcomm.ftcrobotcontroller
D/DisplayPowerState(  810): Updating screen state: onChanged=false, on= true, backlightChanged=true, backlight=43
W/BackupManagerService(  810): dataChanged but no participant pkg='com.android.providers.settings' uid=10017
D/LockScreen_KeyguardViewMediator(  967): setHidden false
D/LockScreen_KeyguardUpdateMonitor(  967): sendKeyguardVisibilityChanged(true)
D/LockScreen_KeyguardUpdateMonitor(  967): handleKeyguardVisibilityChanged(1)
D/LockScreen_KeyguardViewMediator(  967): setHidden false
D/LockScreen_KeyguardUpdateMonitor(  967): sendKeyguardVisibilityChanged(true)
D/LockScreen_KeyguardViewMediator(  967): setHidden false
D/LockScreen_KeyguardUpdateMonitor(  967): sendKeyguardVisibilityChanged(true)
D/LockScreen_KeyguardUpdateMonitor(  967): handleKeyguardVisibilityChanged(1)
D/LockScreen_KeyguardUpdateMonitor(  967): handleKeyguardVisibilityChanged(1)
D/ledlog_java_com(  810): Excessive delay setting light: 66ms
D/DisplayPowerState(  810): Updating screen state: onChanged=false, on= true, backlightChanged=true, backlight=56
D/ledlog_java_com(  810): Excessive delay setting light: 66ms
D/DisplayPowerState(  810): Updating screen state: onChanged=false, on= true, backlightChanged=true, backlight=70
D/LockScreen_KeyguardViewMediator(  967): setHidden false
D/LockScreen_KeyguardUpdateMonitor(  967): sendKeyguardVisibilityChanged(true)
D/LockScreen_KeyguardUpdateMonitor(  967): handleKeyguardVisibilityChanged(1)
D/LockScreen_KeyguardViewMediator(  967): setHidden false
D/LockScreen_KeyguardUpdateMonitor(  967): sendKeyguardVisibilityChanged(true)
D/LockScreen_KeyguardUpdateMonitor(  967): handleKeyguardVisibilityChanged(1)
D/LockScreen_KeyguardViewMediator(  967): setHidden false
D/LockScreen_KeyguardUpdateMonitor(  967): sendKeyguardVisibilityChanged(true)
D/LockScreen_KeyguardUpdateMonitor(  967): handleKeyguardVisibilityChanged(1)
D/ledlog_java_com(  810): Excessive delay setting light: 66ms
D/DisplayPowerState(  810): Updating screen state: onChanged=false, on= true, backlightChanged=true, backlight=83
D/dalvikvm( 1237): GC_FOR_ALLOC freed 1380K, 58% free 19072K/45380K, paused 21ms, total 21ms
D/ledlog_java_com(  810): Excessive delay setting light: 65ms
D/DisplayPowerState(  810): Updating screen state: onChanged=false, on= true, backlightChanged=true, backlight=96
I/Timeline(  810): Timeline: Activity_windows_visible id: ActivityRecord{42155a98 u0 com.zte.milauncher/com.android.launcher2.Launcher t1} time:6758612
D/LockScreen_KeyguardViewMediator(  967): setHidden false
D/LockScreen_KeyguardUpdateMonitor(  967): sendKeyguardVisibilityChanged(true)
D/LockScreen_KeyguardUpdateMonitor(  967): handleKeyguardVisibilityChanged(1)
D/LockScreen_KeyguardViewMediator(  967): setHidden false
D/LockScreen_KeyguardUpdateMonitor(  967): sendKeyguardVisibilityChanged(true)
D/LockScreen_KeyguardUpdateMonitor(  967): handleKeyguardVisibilityChanged(1)
D/ledlog_java_com(  810): Excessive delay setting light: 66ms
D/DisplayPowerState(  810): Updating screen state: onChanged=false, on= true, backlightChanged=true, backlight=110
D/dalvikvm( 1237): GC_CONCURRENT freed 3654K, 55% free 20824K/45380K, paused 2ms+4ms, total 37ms
D/dalvikvm( 1237): WAIT_FOR_CONCURRENT_GC blocked 27ms
D/dalvikvm( 1237): WAIT_FOR_CONCURRENT_GC blocked 19ms
D/dalvikvm( 1237): WAIT_FOR_CONCURRENT_GC blocked 22ms
D/ledlog_java_com(  810): Excessive delay setting light: 67ms
D/DisplayPowerState(  810): Updating screen state: onChanged=false, on= true, backlightChanged=true, backlight=126
D/WifiStateMachine(  810): handleMessage: E msg.what=131155
D/WifiStateMachine(  810): processMsg: ConnectedState
D/WifiStateMachine(  810): processMsg: L2ConnectedState
E/WifiManager(  810): calculateSignalLevel(), enter. rssi=-73 numLevels=5 getNameForPid(810)=system_server
D/WifiStateMachine(  810): handleMessage: X
D/ledlog_java_com(  810): Excessive delay setting light: 61ms
I/Timeline(  810): Timeline: Activity_windows_visible id: ActivityRecord{41926ed0 u0 com.android.systemui/.usb.UsbPermissionActivity t6} time:6758779
D/DisplayPowerState(  810): Updating screen state: onChanged=false, on= true, backlightChanged=true, backlight=136
D/LockScreen_KeyguardViewMediator(  967): setHidden false
D/LockScreen_KeyguardUpdateMonitor(  967): sendKeyguardVisibilityChanged(true)
D/LockScreen_KeyguardUpdateMonitor(  967): handleKeyguardVisibilityChanged(1)
D/LockScreen_KeyguardViewMediator(  967): setHidden false
D/LockScreen_KeyguardUpdateMonitor(  967): sendKeyguardVisibilityChanged(true)
D/LockScreen_KeyguardUpdateMonitor(  967): handleKeyguardVisibilityChanged(1)
D/dalvikvm( 1237): GC_FOR_ALLOC freed 6363K, 58% free 19230K/45380K, paused 28ms, total 29ms
D/dalvikvm( 1237): GC_CONCURRENT freed 10K, 46% free 24592K/45380K, paused 2ms+4ms, total 27ms
D/dalvikvm( 1237): WAIT_FOR_CONCURRENT_GC blocked 19ms
D/dalvikvm( 1237): WAIT_FOR_CONCURRENT_GC blocked 26ms
D/DisplayPowerState(  810): Updating screen state: onChanged=false, on= true, backlightChanged=true, backlight=138
I/dalvikvm( 1237): Jit: resizing JitTable from 4096 to 8192
D/dalvikvm(28873): DexOpt: load 78ms, verify+opt 503ms, 1907284 bytes
I/ActivityManager(  810): Force stopping com.qualcomm.ftcrobotcontroller appid=10127 user=-1: update pkg
W/PackageManager(  810): Code path for pkg : com.qualcomm.ftcrobotcontroller changing from /data/app/com.qualcomm.ftcrobotcontroller-2.apk to /data/app/com.qualcomm.ftcrobotcontroller-1.apk
W/PackageManager(  810): Resource path for pkg : com.qualcomm.ftcrobotcontroller changing from /data/app/com.qualcomm.ftcrobotcontroller-2.apk to /data/app/com.qualcomm.ftcrobotcontroller-1.apk
D/SettingsProvider(  810): User 0 external modification to /data/data/com.android.providers.settings/databases/settings.db; event=2
D/SettingsProvider(  810): User 0 updating our caches for /data/data/com.android.providers.settings/databases/settings.db
D/WallpaperService(  810): mWallpaperDir=/data/system/users/0, path=package-restrictions.xml
D/WallpaperService(  810): mWallpaperDir=/data/system/users/0, path=package-restrictions-backup.xml
I/ActivityManager(  810): Force stopping com.qualcomm.ftcrobotcontroller appid=10127 user=0: pkg removed
D/WallpaperService(  810): mWallpaperDir=/data/system/users/0, path=package-restrictions.xml
D/WallpaperService(  810): mWallpaperDir=/data/system/users/0, path=package-restrictions-backup.xml
D/WallpaperService(  810): mWallpaperDir=/data/system/users/0, path=package-restrictions.xml
D/WallpaperService(  810): mWallpaperDir=/data/system/users/0, path=package-restrictions-backup.xml
D/dalvikvm(21033): GC_EXPLICIT freed 3424K, 58% free 4662K/11088K, paused 4ms+3ms, total 67ms
E/AccountTypeManager( 2086): loadAccountsInBackground begin
D/AccountTypeManager( 2086): Registering 1 extension packages
I/InputReader(  810): Reconfiguring input devices.  changes=0x00000010
I/PackageManager(  810):   Action: "android.intent.action.SENDTO"
I/PackageManager(  810):   Category: "android.intent.category.DEFAULT"
I/PackageManager(  810):   Scheme: "sms"
I/PackageManager(  810): Adding preferred activity ComponentInfo{com.android.mms/com.android.mms.ui.ComposeMessageActivity} for user 0 :
D/dalvikvm(21073): GC_EXPLICIT freed 328K, 74% free 2961K/11088K, paused 2ms+2ms, total 51ms
V/QC_RIL_OEM_HOOK(21073): is destroyed
I/MobileID.AppStateReceiver(21073): package name: com.qualcomm.ftcrobotcontroller
D/dalvikvm( 1701): GC_EXPLICIT freed 373K, 36% free 7117K/11088K, paused 34ms+4ms, total 121ms
D/WallpaperService(  810): mWallpaperDir=/data/system/users/0, path=package-restrictions.xml
D/WallpaperService(  810): mWallpaperDir=/data/system/users/0, path=package-restrictions-backup.xml
I/InputReader(  810): Reconfiguring input devices.  changes=0x00000010
I/PackageManager(  810):   Action: "android.intent.action.SENDTO"
I/PackageManager(  810):   Category: "android.intent.category.DEFAULT"
I/PackageManager(  810):   Scheme: "smsto"
I/PackageManager(  810): Adding preferred activity ComponentInfo{com.android.mms/com.android.mms.ui.ComposeMessageActivity} for user 0 :
E/ExternalAccountType( 2086): Unsupported attribute readOnly
I/PackageManager(  810):   Action: "android.intent.action.SENDTO"
I/PackageManager(  810):   Category: "android.intent.category.DEFAULT"
I/PackageManager(  810):   Scheme: "mms"
D/WallpaperService(  810): mWallpaperDir=/data/system/users/0, path=package-restrictions.xml
D/WallpaperService(  810): mWallpaperDir=/data/system/users/0, path=package-restrictions-backup.xml
W/ActivityManager(  810): Unable to start service Intent { act=android.intent.action.PACKAGE_REMOVED dat=package:com.qualcomm.ftcrobotcontroller flg=0x4000010 cmp=com.android.gallery3d/.app.PackagesMonitor$AsyncService (has extras) } U=0: not found
I/PackageManager(  810): Adding preferred activity ComponentInfo{com.android.mms/com.android.mms.ui.ComposeMessageActivity} for user 0 :
E/MiMainMenuPagedView( 1237): wjx onPackagesUpdated in
E/MiMainMenuPagedView( 1237): wjx onPackagesUpdated in
E/MiMainMenuPagedView( 1237): wjx onPackagesUpdated in
I/InputReader(  810): Reconfiguring input devices.  changes=0x00000010
D/WallpaperService(  810): mWallpaperDir=/data/system/users/0, path=package-restrictions.xml
I/PackageManager(  810):   Action: "android.intent.action.SENDTO"
I/PackageManager(  810):   Category: "android.intent.category.DEFAULT"
I/PackageManager(  810):   Scheme: "mmsto"
D/AccountTypeManager( 2086): Registering extension package account type=com.google, dataSet=plus, packageName=com.google.android.apps.plus
D/WallpaperService(  810): mWallpaperDir=/data/system/users/0, path=package-restrictions-backup.xml
I/PackageManager(  810): Adding preferred activity ComponentInfo{com.android.mms/com.android.mms.ui.ComposeMessageActivity} for user 0 :
D/BackupManagerService(  810): Received broadcast Intent { act=android.intent.action.PACKAGE_REMOVED dat=package:com.qualcomm.ftcrobotcontroller flg=0x4000010 (has extras) }
E/AccountTypeManager( 2086): addSpecialLocalAccountType begin
E/AccountTypeManager( 2086): addSpecialLocalAccounts start
I/AccountTypeManager( 2086): Loaded meta-data for 4 account types, 1 accounts in 156ms(wall) 12ms(cpu)
E/AccountTypeManager( 2086): loadAccountsInBackground begin
D/WallpaperService(  810): mWallpaperDir=/data/system/users/0, path=package-restrictions.xml
D/WallpaperService(  810): mWallpaperDir=/data/system/users/0, path=package-restrictions-backup.xml
D/AccountTypeManager( 2086): Registering 1 extension packages
I/PackageManager(  810):   Action: "android.intent.action.SENDTO"
I/PackageManager(  810):   Category: "android.intent.category.DEFAULT"
I/PackageManager(  810):   Scheme: "sms"
I/PackageManager(  810): Adding preferred activity ComponentInfo{com.android.mms/com.android.mms.ui.ComposeMessageActivity} for user 0 :
E/ExternalAccountType( 2086): Unsupported attribute readOnly
D/BackupManagerService(  810): Received broadcast Intent { act=android.intent.action.PACKAGE_ADDED dat=package:com.qualcomm.ftcrobotcontroller flg=0x4000010 (has extras) }
V/BackupManagerService(  810): removePackageParticipantsLocked: uid=10127 #1
W/ResourceType(  810): Failure getting entry for 0x7f060000 (t=5 e=0) in package 0 (error -75)
D/dalvikvm(  810): GC_EXPLICIT freed 2316K, 18% free 14394K/17520K, paused 8ms+10ms, total 118ms
D/dalvikvm(  810): WAIT_FOR_CONCURRENT_GC blocked 77ms
I/PackageManager(  810):   Action: "android.intent.action.SENDTO"
I/PackageManager(  810):   Category: "android.intent.category.DEFAULT"
I/PackageManager(  810):   Scheme: "smsto"
I/PackageManager(  810): Adding preferred activity ComponentInfo{com.android.mms/com.android.mms.ui.ComposeMessageActivity} for user 0 :
I/PackageManager(  810):   Action: "android.intent.action.SENDTO"
I/PackageManager(  810):   Category: "android.intent.category.DEFAULT"
I/PackageManager(  810):   Scheme: "mms"
D/AccountTypeManager( 2086): Registering extension package account type=com.google, dataSet=plus, packageName=com.google.android.apps.plus
V/BackupManagerService(  810): addPackageParticipantsLocked: #1
I/PackageManager(  810): Adding preferred activity ComponentInfo{com.android.mms/com.android.mms.ui.ComposeMessageActivity} for user 0 :
E/AccountTypeManager( 2086): addSpecialLocalAccountType begin
E/AccountTypeManager( 2086): addSpecialLocalAccounts start
I/AccountTypeManager( 2086): Loaded meta-data for 4 account types, 1 accounts in 167ms(wall) 12ms(cpu)
W/System.err(  810): android.provider.Settings$SettingNotFoundException: light_duration
W/System.err(  810): 	at android.provider.Settings$System.getIntForUser(Settings.java:1250)
W/System.err(  810): 	at android.provider.Settings$System.getInt(Settings.java:1240)
W/System.err(  810): 	at com.android.server.LightsService.turnOffButtonLight(LightsService.java:96)
W/System.err(  810): 	at com.android.server.LightsService$2.handleMessage(LightsService.java:301)
W/System.err(  810): 	at android.os.Handler.dispatchMessage(Handler.java:102)
W/System.err(  810): 	at android.os.Looper.loop(Looper.java:136)
W/System.err(  810): 	at com.android.server.ServerThread.initAndLoop(SystemServer.java:1181)
D/LightsService(  810):  turnOffButtonLight   mButtonLightTimeout = 2000
W/ContextImpl(20933): Calling a method in the system process without a qualified user: android.app.ContextImpl.startService:1569 android.content.ContextWrapper.startService:494 android.content.ContextWrapper.startService:494 com.android.keychain.KeyChainBroadcastReceiver.onReceive:12 android.app.ActivityThread.handleReceiver:2410 
W/System.err(  810): 	at com.android.server.SystemServer.main(SystemServer.java:1306)
W/System.err(  810): 	at java.lang.reflect.Method.invokeNative(Native Method)
W/System.err(  810): 	at java.lang.reflect.Method.invoke(Method.java:515)
W/System.err(  810): 	at com.android.internal.os.ZygoteInit$MethodAndArgsCaller.run(ZygoteInit.java:786)
W/System.err(  810): 	at com.android.internal.os.ZygoteInit.main(ZygoteInit.java:602)
W/System.err(  810): 	at dalvik.system.NativeStart.main(Native Method)
I/PackageManager(  810):   Action: "android.intent.action.SENDTO"
I/PackageManager(  810):   Category: "android.intent.category.DEFAULT"
I/PackageManager(  810):   Scheme: "mmsto"
I/PackageManager(  810): Adding preferred activity ComponentInfo{com.android.mms/com.android.mms.ui.ComposeMessageActivity} for user 0 :
D/AndroidRuntime(28779): Shutting down VM
D/jdwp    (28779): Got wake-up signal, bailing out of select
D/dalvikvm(28779): Debugger has detached; object registry had 1 entries
D/WallpaperService(  810): mWallpaperDir=/data/system/users/0, path=package-restrictions.xml
D/WallpaperService(  810): mWallpaperDir=/data/system/users/0, path=package-restrictions-backup.xml
D/WallpaperService(  810): mWallpaperDir=/data/system/users/0, path=package-restrictions.xml
D/WallpaperService(  810): mWallpaperDir=/data/system/users/0, path=package-restrictions-backup.xml
D/WallpaperService(  810): mWallpaperDir=/data/system/users/0, path=package-restrictions.xml
D/WallpaperService(  810): mWallpaperDir=/data/system/users/0, path=package-restrictions-backup.xml
D/WallpaperService(  810): mWallpaperDir=/data/system/users/0, path=package-restrictions.xml
D/WallpaperService(  810): mWallpaperDir=/data/system/users/0, path=package-restrictions-backup.xml
I/PackageManager(  810):   Action: "android.intent.action.SENDTO"
I/PackageManager(  810):   Category: "android.intent.category.DEFAULT"
I/PackageManager(  810):   Scheme: "sms"
I/PackageManager(  810): Adding preferred activity ComponentInfo{com.android.mms/com.android.mms.ui.ComposeMessageActivity} for user 0 :
D/WallpaperService(  810): mWallpaperDir=/data/system/users/0, path=package-restrictions.xml
D/WallpaperService(  810): mWallpaperDir=/data/system/users/0, path=package-restrictions-backup.xml
I/PackageManager(  810):   Action: "android.intent.action.SENDTO"
I/PackageManager(  810):   Category: "android.intent.category.DEFAULT"
I/PackageManager(  810):   Scheme: "smsto"
I/PackageManager(  810): Adding preferred activity ComponentInfo{com.android.mms/com.android.mms.ui.ComposeMessageActivity} for user 0 :
D/WallpaperService(  810): mWallpaperDir=/data/system/users/0, path=package-restrictions.xml
D/WallpaperService(  810): mWallpaperDir=/data/system/users/0, path=package-restrictions-backup.xml
I/PackageManager(  810):   Action: "android.intent.action.SENDTO"
I/PackageManager(  810):   Category: "android.intent.category.DEFAULT"
I/PackageManager(  810):   Scheme: "mms"
I/PackageManager(  810): Adding preferred activity ComponentInfo{com.android.mms/com.android.mms.ui.ComposeMessageActivity} for user 0 :
D/WallpaperService(  810): mWallpaperDir=/data/system/users/0, path=package-restrictions.xml
D/WallpaperService(  810): mWallpaperDir=/data/system/users/0, path=package-restrictions-backup.xml
I/PackageManager(  810):   Action: "android.intent.action.SENDTO"
I/PackageManager(  810):   Category: "android.intent.category.DEFAULT"
I/PackageManager(  810):   Scheme: "mmsto"
I/PackageManager(  810): Adding preferred activity ComponentInfo{com.android.mms/com.android.mms.ui.ComposeMessageActivity} for user 0 :
E/MiWidgetPagedView( 1237): wjx updatePackages in
D/WallpaperService(  810): mWallpaperDir=/data/system/users/0, path=package-restrictions.xml
D/WallpaperService(  810): mWallpaperDir=/data/system/users/0, path=package-restrictions-backup.xml
I/PackageManager(  810):   Action: "android.intent.action.SENDTO"
I/PackageManager(  810):   Category: "android.intent.category.DEFAULT"
I/PackageManager(  810):   Scheme: "sms"
I/PackageManager(  810): Adding preferred activity ComponentInfo{com.android.mms/com.android.mms.ui.ComposeMessageActivity} for user 0 :
E/NetworkScheduler.SR( 1289): Invalid parameter app
E/NetworkScheduler.SR( 1289): Invalid package name : Perhaps you didn't include a PendingIntent in the extras?
I/PackageManager(  810):   Action: "android.intent.action.SENDTO"
I/PackageManager(  810):   Category: "android.intent.category.DEFAULT"
I/PackageManager(  810):   Scheme: "smsto"
D/WallpaperService(  810): mWallpaperDir=/data/system/users/0, path=package-restrictions.xml
D/WallpaperService(  810): mWallpaperDir=/data/system/users/0, path=package-restrictions-backup.xml
I/PackageManager(  810): Adding preferred activity ComponentInfo{com.android.mms/com.android.mms.ui.ComposeMessageActivity} for user 0 :
I/PackageManager(  810):   Action: "android.intent.action.SENDTO"
I/PackageManager(  810):   Category: "android.intent.category.DEFAULT"
I/PackageManager(  810):   Scheme: "mms"
D/WallpaperService(  810): mWallpaperDir=/data/system/users/0, path=package-restrictions.xml
D/WallpaperService(  810): mWallpaperDir=/data/system/users/0, path=package-restrictions-backup.xml
I/PackageManager(  810): Adding preferred activity ComponentInfo{com.android.mms/com.android.mms.ui.ComposeMessageActivity} for user 0 :
D/WallpaperService(  810): mWallpaperDir=/data/system/users/0, path=package-restrictions.xml
D/WallpaperService(  810): mWallpaperDir=/data/system/users/0, path=package-restrictions-backup.xml
I/PackageManager(  810):   Action: "android.intent.action.SENDTO"
I/PackageManager(  810):   Category: "android.intent.category.DEFAULT"
I/PackageManager(  810):   Scheme: "mmsto"
I/PackageManager(  810): Adding preferred activity ComponentInfo{com.android.mms/com.android.mms.ui.ComposeMessageActivity} for user 0 :
D/WallpaperService(  810): mWallpaperDir=/data/system/users/0, path=package-restrictions.xml
D/WallpaperService(  810): mWallpaperDir=/data/system/users/0, path=package-restrictions-backup.xml
I/PackageManager(  810):   Action: "android.intent.action.SENDTO"
I/PackageManager(  810):   Category: "android.intent.category.DEFAULT"
I/PackageManager(  810):   Scheme: "sms"
I/PackageManager(  810): Adding preferred activity ComponentInfo{com.android.mms/com.android.mms.ui.ComposeMessageActivity} for user 0 :
D/WallpaperService(  810): mWallpaperDir=/data/system/users/0, path=package-restrictions.xml
D/WallpaperService(  810): mWallpaperDir=/data/system/users/0, path=package-restrictions-backup.xml
I/PackageManager(  810):   Action: "android.intent.action.SENDTO"
I/PackageManager(  810):   Category: "android.intent.category.DEFAULT"
I/PackageManager(  810):   Scheme: "smsto"
D/PowerManagerService(  810): sendPendingNotificationsLocked mSendGoToSleepFinishedNotificationWhenReady = false
I/PackageManager(  810): Adding preferred activity ComponentInfo{com.android.mms/com.android.mms.ui.ComposeMessageActivity} for user 0 :
D/WallpaperService(  810): mWallpaperDir=/data/system/users/0, path=package-restrictions.xml
D/WallpaperService(  810): mWallpaperDir=/data/system/users/0, path=package-restrictions-backup.xml
I/PackageManager(  810):   Action: "android.intent.action.SENDTO"
I/PackageManager(  810):   Category: "android.intent.category.DEFAULT"
I/PackageManager(  810):   Scheme: "mms"
I/PackageManager(  810): Adding preferred activity ComponentInfo{com.android.mms/com.android.mms.ui.ComposeMessageActivity} for user 0 :
D/WallpaperService(  810): mWallpaperDir=/data/system/users/0, path=package-restrictions.xml
D/WallpaperService(  810): mWallpaperDir=/data/system/users/0, path=package-restrictions-backup.xml
I/PackageManager(  810):   Action: "android.intent.action.SENDTO"
I/PackageManager(  810):   Category: "android.intent.category.DEFAULT"
I/PackageManager(  810):   Scheme: "mmsto"
I/PackageManager(  810): Adding preferred activity ComponentInfo{com.android.mms/com.android.mms.ui.ComposeMessageActivity} for user 0 :
E/Drive.UninstallOperation( 1701): Package still installed com.qualcomm.ftcrobotcontroller
D/WallpaperService(  810): mWallpaperDir=/data/system/users/0, path=package-restrictions.xml
D/WallpaperService(  810): mWallpaperDir=/data/system/users/0, path=package-restrictions-backup.xml
D/PowerManagerService(  810): sendPendingNotificationsLocked mSendGoToSleepFinishedNotificationWhenReady = false
I/PackageManager(  810):   Action: "android.intent.action.SENDTO"
I/PackageManager(  810):   Category: "android.intent.category.DEFAULT"
I/PackageManager(  810):   Scheme: "sms"
I/PackageManager(  810): Adding preferred activity ComponentInfo{com.android.mms/com.android.mms.ui.ComposeMessageActivity} for user 0 :
D/WallpaperService(  810): mWallpaperDir=/data/system/users/0, path=package-restrictions.xml
D/WallpaperService(  810): mWallpaperDir=/data/system/users/0, path=package-restrictions-backup.xml
I/PackageManager(  810):   Action: "android.intent.action.SENDTO"
I/PackageManager(  810):   Category: "android.intent.category.DEFAULT"
I/PackageManager(  810):   Scheme: "smsto"
I/PackageManager(  810): Adding preferred activity ComponentInfo{com.android.mms/com.android.mms.ui.ComposeMessageActivity} for user 0 :
D/WallpaperService(  810): mWallpaperDir=/data/system/users/0, path=package-restrictions.xml
D/WallpaperService(  810): mWallpaperDir=/data/system/users/0, path=package-restrictions-backup.xml
I/PackageManager(  810):   Action: "android.intent.action.SENDTO"
I/PackageManager(  810):   Category: "android.intent.category.DEFAULT"
I/PackageManager(  810):   Scheme: "mms"
D/PowerManagerService(  810): sendPendingNotificationsLocked mSendGoToSleepFinishedNotificationWhenReady = false
I/PackageManager(  810): Adding preferred activity ComponentInfo{com.android.mms/com.android.mms.ui.ComposeMessageActivity} for user 0 :
D/WallpaperService(  810): mWallpaperDir=/data/system/users/0, path=package-restrictions.xml
D/WallpaperService(  810): mWallpaperDir=/data/system/users/0, path=package-restrictions-backup.xml
W/ActivityManager(  810): Unable to start service Intent { act=android.intent.action.PACKAGE_ADDED dat=package:com.qualcomm.ftcrobotcontroller flg=0x4000010 cmp=com.android.gallery3d/.app.PackagesMonitor$AsyncService (has extras) } U=0: not found
I/PackageManager(  810):   Action: "android.intent.action.SENDTO"
I/PackageManager(  810):   Category: "android.intent.category.DEFAULT"
I/PackageManager(  810):   Scheme: "mmsto"
I/PackageManager(  810): Adding preferred activity ComponentInfo{com.android.mms/com.android.mms.ui.ComposeMessageActivity} for user 0 :
D/WallpaperService(  810): mWallpaperDir=/data/system/users/0, path=package-restrictions.xml
D/WallpaperService(  810): mWallpaperDir=/data/system/users/0, path=package-restrictions-backup.xml
D/PowerManagerService(  810): sendPendingNotificationsLocked mSendGoToSleepFinishedNotificationWhenReady = false
D/WallpaperService(  810): mWallpaperDir=/data/system/users/0, path=appwidgets.xml
D/WallpaperService(  810): mWallpaperDir=/data/system/users/0, path=appwidgets.xml.bak
E/MiWallPaperPagedView( 1237): wjx updatePackages in
D/android.widget.GridLayout( 1237): horizontal constraints: x1-x0>=199, x2-x1>=244, x2-x0<=442 are inconsistent; permanently removing: x2-x0<=442. 
D/android.widget.GridLayout( 1237): horizontal constraints: x1-x0>=199, x2-x1>=244, x2-x0<=442 are inconsistent; permanently removing: x2-x0<=442. 
D/android.widget.GridLayout( 1237): horizontal constraints: x1-x0>=199, x2-x1>=244, x2-x0<=442 are inconsistent; permanently removing: x2-x0<=442. 
D/android.widget.GridLayout( 1237): horizontal constraints: x1-x0>=199, x2-x1>=244, x2-x0<=442 are inconsistent; permanently removing: x2-x0<=442. 
D/AndroidRuntime(28893): 
